============================= test session starts ==============================
platform linux -- Python 3.12.3, pytest-9.0.3, pluggy-1.6.0 -- /localdev/svuckovic/_workspace/repos/project-alchemy/tt-xla/venv/bin/python3
cachedir: .pytest_cache
metadata: {'Python': '3.12.3', 'Platform': 'Linux-5.15.0-168-generic-x86_64-with-glibc2.39', 'Packages': {'pytest': '9.0.3', 'pluggy': '1.6.0'}, 'Plugins': {'forked': '1.6.0', 'metadata': '3.1.1', 'jaxtyping': '0.3.9', 'split': '0.11.0', 'json-report': '1.5.0', 'anyio': '4.13.0'}}
rootdir: /localdev/svuckovic/_workspace/repos/project-alchemy/ttnn-models/microsoft/resnet-50/model/graph_0
plugins: forked-1.6.0, metadata-3.1.1, jaxtyping-0.3.9, split-0.11.0, json-report-1.5.0, anyio-4.13.0
collecting ... collected 1 item

main.py::test_main FAILED                                                [100%]

=================================== FAILURES ===================================
__________________________________ test_main ___________________________________

    def test_main():
        pcc_threshold = 0.98
    
        device = open_device()
        try:
            load_activations_for__main_0 = load_activations_for__main(device)
            model = ModelTTNN(device)
    
            batch_size = load_activations_for__main_0[0].shape[0]
            for i in range(3):
                start_time = time.perf_counter()
>               _main_0 = model(load_activations_for__main_0)
                          ^^^^^^^^^^^^^^^^^^^^^^^^^^^^^^^^^^^

main.py:55: 
_ _ _ _ _ _ _ _ _ _ _ _ _ _ _ _ _ _ _ _ _ _ _ _ _ _ _ _ _ _ _ _ _ _ _ _ _ _ _ _ 
model_ttnn.py:8: in __call__
    return self.forward(*args, **kwargs)
           ^^^^^^^^^^^^^^^^^^^^^^^^^^^^^
model_ttnn.py:24: in forward
    hidden_state = self.embedder(args_0)
                   ^^^^^^^^^^^^^^^^^^^^^
model_ttnn.py:8: in __call__
    return self.forward(*args, **kwargs)
           ^^^^^^^^^^^^^^^^^^^^^^^^^^^^^
model_ttnn.py:37: in forward
    ttnn_to_layout_0 = ttnn.to_layout(
_ _ _ _ _ _ _ _ _ _ _ _ _ _ _ _ _ _ _ _ _ _ _ _ _ _ _ _ _ _ _ _ _ _ _ _ _ _ _ _ 

self = FastOperation(python_fully_qualified_name='ttnn.to_layout', function=<ttnn._ttnn.operations.core.to_layout_t object at...<function default_postprocess_golden_function_outputs at 0x7f558c82e8e0>, is_cpp_operation=True, is_experimental=False)
function_args = (ttnn.Tensor(<buffer is not allocated>, shape=Shape([1, 3, 224, 224]), dtype=DataType::BFLOAT16, layout=Layout::ROW_MAJOR), Layout.TILE, None)
function_kwargs = {'memory_config': None}, cq_id = None, recording = False

    def __call__(self, *function_args, **function_kwargs):
        cq_id = None
        if "queue_id" in function_kwargs:
            cq_id = function_kwargs.pop("queue_id")
        elif "cq_id" in function_kwargs:
            cq_id = function_kwargs.pop("cq_id")
    
        recording = ttnn.graph.is_python_io_recording_enabled()
        if recording:
            ttnn.graph.track_function_start(self.python_fully_qualified_name)
            ttnn.graph.record_python_operation(self.python_fully_qualified_name, function_args, function_kwargs)
            input_tensors = get_all_tensors((function_args, function_kwargs))
            set_tensor_id(input_tensors)
    
        try:
            if cq_id is None:
>               result = self.function(*function_args, **function_kwargs)
                         ^^^^^^^^^^^^^^^^^^^^^^^^^^^^^^^^^^^^^^^^^^^^^^^^
E               RuntimeError: TT_THROW @ /localdev/svuckovic/_workspace/repos/project-alchemy/tt-metal/ttnn/core/tensor/storage.cpp:146: tt::exception
E               info:
E               Tensor is not allocated
E               backtrace:
E                --- /localdev/svuckovic/_workspace/repos/project-alchemy/tt-xla/python_package/ttnn/_original/_ttnn.so(+0x31de96) [0x7f55c7677e96]
E                --- /localdev/svuckovic/_workspace/repos/project-alchemy/tt-metal/build_Release/lib/_ttnncpp.so(+0x73c200) [0x7f55c6236200]
E                --- tt::tt_metal::Tensor::buffer() const
E                --- ttnn::prim::TilizeDeviceOperation::validate_on_program_cache_miss(ttnn::prim::TilizeParams const&, ttnn::prim::TilizeInputs const&)
E                --- /localdev/svuckovic/_workspace/repos/project-alchemy/tt-metal/build_Release/lib/_ttnncpp.so(_ZN4ttnn16device_operation6detail29handle_mesh_adapter_cache_hitITkNS0_36DeviceOperationWithMeshDeviceAdapterENS0_26MeshDeviceOperationAdapterINS_4prim21TilizeDeviceOperationEEEEEvRKNT_22operation_attributes_tERKNS7_13tensor_args_tERNS7_21tensor_return_value_tEPN2tt8tt_metal11distributed10MeshDeviceERNSH_13program_cache6detail12ProgramCacheEm+0x29) [0x7f55c65385a9]
E                --- /localdev/svuckovic/_workspace/repos/project-alchemy/tt-metal/build_Release/lib/_ttnncpp.so(_ZN4ttnn16device_operation6detail29launch_operation_with_adapterITkNS0_36DeviceOperationWithMeshDeviceAdapterENS0_26MeshDeviceOperationAdapterINS_4prim21TilizeDeviceOperationEEEEEvRKNT_22operation_attributes_tERKNS7_13tensor_args_tERNS7_21tensor_return_value_tEPN2tt8tt_metal11distributed10MeshDeviceE+0x17d) [0x7f55c653776d]
E                --- /localdev/svuckovic/_workspace/repos/project-alchemy/tt-metal/build_Release/lib/_ttnncpp.so(_ZN4ttnn16device_operation6detail6launchITkNS0_22DeviceOperationConceptENS_4prim21TilizeDeviceOperationEEENT_21tensor_return_value_tERKNS5_22operation_attributes_tERKNS5_13tensor_args_tE+0x3a2) [0x7f55c652f512]
E                --- ttnn::prim::tilize(tt::tt_metal::Tensor const&, std::optional<tt::tt_metal::MemoryConfig> const&, std::optional<tt::tt_metal::DataType> const&, bool, bool, bool, bool, std::optional<tt::tt_metal::CoreRangeSet> const&)
E                --- /localdev/svuckovic/_workspace/repos/project-alchemy/tt-metal/build_Release/lib/_ttnncpp.so(+0xa16ce0) [0x7f55c6510ce0]
E                --- /localdev/svuckovic/_workspace/repos/project-alchemy/tt-metal/build_Release/lib/_ttnncpp.so(+0x9884bb) [0x7f55c64824bb]
E                --- ttnn::tilize(tt::tt_metal::Tensor const&, std::optional<tt::tt_metal::MemoryConfig> const&, std::optional<tt::tt_metal::DataType>, bool, bool, std::optional<tt::tt_metal::CoreRangeSet> const&)
E                --- /localdev/svuckovic/_workspace/repos/project-alchemy/tt-metal/build_Release/lib/_ttnncpp.so(+0x94e4d2) [0x7f55c64484d2]
E                --- ttnn::to_layout(tt::tt_metal::Tensor const&, tt::tt_metal::Layout, std::optional<tt::tt_metal::DataType> const&, std::optional<tt::tt_metal::MemoryConfig> const&, std::optional<tt::tt_metal::CoreRangeSet> const&, float)
E                --- /localdev/svuckovic/_workspace/repos/project-alchemy/tt-xla/python_package/ttnn/_original/_ttnn.so(+0x33aa6e) [0x7f55c7694a6e]
E                --- /localdev/svuckovic/_workspace/repos/project-alchemy/tt-xla/python_package/ttnn/_original/_ttnn.so(+0x27fbd5) [0x7f55c75d9bd5]
E                --- /localdev/svuckovic/_workspace/repos/project-alchemy/tt-xla/venv/bin/python3(_PyObject_Call_Prepend+0x3ab) [0x54adeb]
E                --- /localdev/svuckovic/_workspace/repos/project-alchemy/tt-xla/venv/bin/python3() [0x5a37f8]
E                --- /localdev/svuckovic/_workspace/repos/project-alchemy/tt-xla/venv/bin/python3(PyObject_Call+0x9c) [0x54b45c]
E                --- /localdev/svuckovic/_workspace/repos/project-alchemy/tt-xla/venv/bin/python3(_PyEval_EvalFrameDefault+0x4c32) [0x5db532]
E                --- /localdev/svuckovic/_workspace/repos/project-alchemy/tt-xla/venv/bin/python3(_PyObject_Call_Prepend+0x18a) [0x54abca]
E                --- /localdev/svuckovic/_workspace/repos/project-alchemy/tt-xla/venv/bin/python3() [0x5a37f8]
E                --- /localdev/svuckovic/_workspace/repos/project-alchemy/tt-xla/venv/bin/python3(_PyObject_MakeTpCall+0x13e) [0x54937e]
E                --- /localdev/svuckovic/_workspace/repos/project-alchemy/tt-xla/venv/bin/python3(_PyEval_EvalFrameDefault+0xa89) [0x5d7389]
E                --- /localdev/svuckovic/_workspace/repos/project-alchemy/tt-xla/venv/bin/python3() [0x54cded]
E                --- /localdev/svuckovic/_workspace/repos/project-alchemy/tt-xla/venv/bin/python3(_PyEval_EvalFrameDefault+0x4c32) [0x5db532]
E                --- /localdev/svuckovic/_workspace/repos/project-alchemy/tt-xla/venv/bin/python3(_PyObject_Call_Prepend+0xc2) [0x54ab02]
E                --- /localdev/svuckovic/_workspace/repos/project-alchemy/tt-xla/venv/bin/python3() [0x5a37f8]
E                --- /localdev/svuckovic/_workspace/repos/project-alchemy/tt-xla/venv/bin/python3(_PyObject_MakeTpCall+0x75) [0x5492b5]
E                --- /localdev/svuckovic/_workspace/repos/project-alchemy/tt-xla/venv/bin/python3(_PyEval_EvalFrameDefault+0xa89) [0x5d7389]
E                --- /localdev/svuckovic/_workspace/repos/project-alchemy/tt-xla/venv/bin/python3() [0x54cded]
E                --- /localdev/svuckovic/_workspace/repos/project-alchemy/tt-xla/venv/bin/python3(_PyEval_EvalFrameDefault+0x4c32) [0x5db532]
E                --- /localdev/svuckovic/_workspace/repos/project-alchemy/tt-xla/venv/bin/python3(_PyObject_Call_Prepend+0xc2) [0x54ab02]
E                --- /localdev/svuckovic/_workspace/repos/project-alchemy/tt-xla/venv/bin/python3() [0x5a37f8]
E                --- /localdev/svuckovic/_workspace/repos/project-alchemy/tt-xla/venv/bin/python3(_PyObject_MakeTpCall+0x75) [0x5492b5]
E                --- /localdev/svuckovic/_workspace/repos/project-alchemy/tt-xla/venv/bin/python3(_PyEval_EvalFrameDefault+0xa89) [0x5d7389]
E                --- /localdev/svuckovic/_workspace/repos/project-alchemy/tt-xla/venv/bin/python3(_PyObject_Call_Prepend+0x18a) [0x54abca]
E                --- /localdev/svuckovic/_workspace/repos/project-alchemy/tt-xla/venv/bin/python3() [0x5a37f8]
E                --- /localdev/svuckovic/_workspace/repos/project-alchemy/tt-xla/venv/bin/python3(_PyObject_MakeTpCall+0x13e) [0x54937e]
E                --- /localdev/svuckovic/_workspace/repos/project-alchemy/tt-xla/venv/bin/python3(_PyEval_EvalFrameDefault+0xa89) [0x5d7389]
E                --- /localdev/svuckovic/_workspace/repos/project-alchemy/tt-xla/venv/bin/python3(_PyObject_Call_Prepend+0x18a) [0x54abca]
E                --- /localdev/svuckovic/_workspace/repos/project-alchemy/tt-xla/venv/bin/python3() [0x5a37f8]
E                --- /localdev/svuckovic/_workspace/repos/project-alchemy/tt-xla/venv/bin/python3(PyObject_Call+0x9c) [0x54b45c]
E                --- /localdev/svuckovic/_workspace/repos/project-alchemy/tt-xla/venv/bin/python3(_PyEval_EvalFrameDefault+0x4c32) [0x5db532]
E                --- /localdev/svuckovic/_workspace/repos/project-alchemy/tt-xla/venv/bin/python3(_PyObject_Call_Prepend+0x18a) [0x54abca]
E                --- /localdev/svuckovic/_workspace/repos/project-alchemy/tt-xla/venv/bin/python3() [0x5a37f8]
E                --- /localdev/svuckovic/_workspace/repos/project-alchemy/tt-xla/venv/bin/python3(_PyObject_MakeTpCall+0x13e) [0x54937e]
E                --- /localdev/svuckovic/_workspace/repos/project-alchemy/tt-xla/venv/bin/python3(_PyEval_EvalFrameDefault+0xa89) [0x5d7389]
E                --- /localdev/svuckovic/_workspace/repos/project-alchemy/tt-xla/venv/bin/python3(_PyObject_Call_Prepend+0x18a) [0x54abca]
E                --- /localdev/svuckovic/_workspace/repos/project-alchemy/tt-xla/venv/bin/python3() [0x5a37f8]
E                --- /localdev/svuckovic/_workspace/repos/project-alchemy/tt-xla/venv/bin/python3(_PyObject_MakeTpCall+0x13e) [0x54937e]
E                --- /localdev/svuckovic/_workspace/repos/project-alchemy/tt-xla/venv/bin/python3(_PyEval_EvalFrameDefault+0xa89) [0x5d7389]
E                --- /localdev/svuckovic/_workspace/repos/project-alchemy/tt-xla/venv/bin/python3(_PyObject_Call_Prepend+0x18a) [0x54abca]
E                --- /localdev/svuckovic/_workspace/repos/project-alchemy/tt-xla/venv/bin/python3() [0x5a37f8]
E                --- /localdev/svuckovic/_workspace/repos/project-alchemy/tt-xla/venv/bin/python3(_PyObject_MakeTpCall+0x13e) [0x54937e]
E                --- /localdev/svuckovic/_workspace/repos/project-alchemy/tt-xla/venv/bin/python3(_PyEval_EvalFrameDefault+0xa89) [0x5d7389]
E                --- /localdev/svuckovic/_workspace/repos/project-alchemy/tt-xla/venv/bin/python3(PyEval_EvalCode+0x15b) [0x5d58bb]
E                --- /localdev/svuckovic/_workspace/repos/project-alchemy/tt-xla/venv/bin/python3() [0x608b52]
E                --- /localdev/svuckovic/_workspace/repos/project-alchemy/tt-xla/venv/bin/python3() [0x6b5263]
E                --- /localdev/svuckovic/_workspace/repos/project-alchemy/tt-xla/venv/bin/python3(_PyRun_SimpleFileObject+0x1aa) [0x6b4fca]
E                --- /localdev/svuckovic/_workspace/repos/project-alchemy/tt-xla/venv/bin/python3(_PyRun_AnyFileObject+0x4f) [0x6b4dff]
E                --- /localdev/svuckovic/_workspace/repos/project-alchemy/tt-xla/venv/bin/python3(Py_RunMain+0x3b5) [0x6bce65]
E                --- /localdev/svuckovic/_workspace/repos/project-alchemy/tt-xla/venv/bin/python3(Py_BytesMain+0x2d) [0x6bc94d]
E                --- /lib/x86_64-linux-gnu/libc.so.6(+0x2a1ca) [0x7f55dd7dc1ca]
E                --- /lib/x86_64-linux-gnu/libc.so.6(__libc_start_main+0x8b) [0x7f55dd7dc28b]
E                --- /localdev/svuckovic/_workspace/repos/project-alchemy/tt-xla/venv/bin/python3(_start+0x25) [0x657b05]

../../../../../tt-xla/python_package/ttnn/_original/decorators.py:473: RuntimeError
----------------------------- Captured stdout call -----------------------------
Device: MeshDevice(1x1 grid, 1 devices)
Iteration 1: Time taken: 4.1878s, FPS: 0.24
2026-05-18 14:25:38.053 | critical |          Always | TT_THROW: Tensor is not allocated (assert.hpp:104)
----------------------------- Captured stderr call -----------------------------

Loading weights:   0%|          | 0/320 [00:00<?, ?it/s]
Loading weights: 100%|██████████| 320/320 [00:00<00:00, 9072.26it/s]
=============================== warnings summary ===============================
<frozen importlib._bootstrap>:488
  <frozen importlib._bootstrap>:488: DeprecationWarning: builtin type SwigPyPacked has no __module__ attribute

<frozen importlib._bootstrap>:488
  <frozen importlib._bootstrap>:488: DeprecationWarning: builtin type SwigPyObject has no __module__ attribute

-- Docs: https://docs.pytest.org/en/stable/how-to/capture-warnings.html
=========================== short test summary info ============================
FAILED main.py::test_main - RuntimeError: TT_THROW @ /localdev/svuckovic/_wor...
======================== 1 failed, 2 warnings in 12.67s ========================
sys:1: DeprecationWarning: builtin type swigvarlink has no __module__ attribute
