=== check: pytest main.py ===
FAILED
============================= test session starts ==============================
platform linux -- Python 3.12.3, pytest-9.0.3, pluggy-1.6.0
rootdir: /localdev/svuckovic/_workspace/repos/project-alchemy/ttnn-models/microsoft/resnet-50/model/graph_0
plugins: forked-1.6.0, metadata-3.1.1, jaxtyping-0.3.9, split-0.11.0, json-report-1.5.0, anyio-4.13.0
collected 1 item

main.py Input shape: torch.Size([8, 3, 224, 224])
Input dtype: torch.bfloat16
Input shape: torch.Size([8, 3, 224, 224])
Input dtype: torch.bfloat16

PCC: 0.972656

Performance (batch_size=8):
  Run 1 (compile): 0.0147s, FPS: 543.98
  Run 2 (capture): 0.0181s, FPS: 443.13
F

=================================== FAILURES ===================================
__________________________________ test_main ___________________________________

    def test_main():
        exact_pcc = 0.97265625
    
        device = utils.open_device()
        model = ModelTTNN(device)
        input_tensor = model_pt.load_input()
        ttnn_input = ttnn.from_torch(input_tensor, dtype=ttnn.DataType.BFLOAT16, layout=ttnn.Layout.ROW_MAJOR, device=device, memory_config=ttnn.MemoryConfig(ttnn.TensorMemoryLayout.INTERLEAVED, ttnn.BufferType.DRAM, None))
        activations = [ttnn_input]
    
        outputs = model(activations)
    
        ttnn_output = ttnn.to_torch(ttnn.from_device(outputs[0]))
        golden_output = model_pt.run_pytorch_model()
    
        pcc = calculate_pcc(ttnn_output.to(golden_output.dtype), golden_output)
        print(f"\nPCC: {pcc:.6f}")
        assert pcc == exact_pcc, f"PCC {pcc} does not match expected {exact_pcc}"
    
        batch_size = input_tensor.shape[0]
        dram_mem_config = ttnn.MemoryConfig(ttnn.TensorMemoryLayout.INTERLEAVED, ttnn.BufferType.DRAM, None)
        host_tensor = ttnn.from_torch(input_tensor, dtype=ttnn.DataType.BFLOAT16, layout=ttnn.Layout.ROW_MAJOR)
        input_dram_tensor = ttnn.allocate_tensor_on_device(host_tensor.shape, host_tensor.dtype, host_tensor.layout, device, dram_mem_config)
    
        print(f"\nPerformance (batch_size={batch_size}):")
    
        # Run 1: compile run (fills program cache)
        ttnn.copy_host_to_device_tensor(host_tensor, input_dram_tensor, cq_id=0)
        start = time.perf_counter()
        output_tensor = model([input_dram_tensor])
        ttnn.synchronize_device(device)
        end = time.perf_counter()
        elapsed = end - start
        fps = batch_size / elapsed
        print(f"  Run 1 (compile): {elapsed:.4f}s, FPS: {fps:.2f}")
    
        # Run 2: trace capture
        ttnn.copy_host_to_device_tensor(host_tensor, input_dram_tensor, cq_id=0)
        tid = ttnn.begin_trace_capture(device, cq_id=0)
        start = time.perf_counter()
        output_tensor = model([input_dram_tensor])
        ttnn.end_trace_capture(device, tid, cq_id=0)
        ttnn.synchronize_device(device)
        end = time.perf_counter()
        elapsed = end - start
        fps = batch_size / elapsed
        print(f"  Run 2 (capture): {elapsed:.4f}s, FPS: {fps:.2f}")
    
        # Runs 3-5: trace execution
        for i in range(3):
            ttnn.copy_host_to_device_tensor(host_tensor, input_dram_tensor, cq_id=0)
            start = time.perf_counter()
            ttnn.execute_trace(device, tid, cq_id=0, blocking=False)
>           host_output_tensor = output_tensor.cpu(blocking=False)
                                 ^^^^^^^^^^^^^^^^^
E           AttributeError: 'list' object has no attribute 'cpu'

main.py:84: AttributeError
=============================== warnings summary ===============================
<frozen importlib._bootstrap>:488
  <frozen importlib._bootstrap>:488: DeprecationWarning: builtin type SwigPyPacked has no __module__ attribute

<frozen importlib._bootstrap>:488
  <frozen importlib._bootstrap>:488: DeprecationWarning: builtin type SwigPyObject has no __module__ attribute

-- Docs: https://docs.pytest.org/en/stable/how-to/capture-warnings.html
=========================== short test summary info ============================
FAILED main.py::test_main - AttributeError: 'list' object has no attribute 'cpu'
======================== 1 failed, 2 warnings in 31.20s ========================
2026-06-20 10:32:24.055 | WARNING  | torch_plugin_tt:__init__:40 - TT plugin is setting XLA_STABLEHLO_COMPILE to 1. This is required for TT PJRT plugin to work correctly.

Loading weights:   0%|          | 0/320 [00:00<?, ?it/s]
Loading weights: 100%|██████████| 320/320 [00:00<00:00, 11118.65it/s]

Loading weights:   0%|          | 0/320 [00:00<?, ?it/s]
Loading weights: 100%|██████████| 320/320 [00:00<00:00, 9467.09it/s]
sys:1: DeprecationWarning: builtin type swigvarlink has no __module__ attribute

=== check: verify_weights.py ===
PASSED
verify_weights.py does not exist for step add_metal_trace, as expected