============================= test session starts ==============================
platform linux -- Python 3.12.3, pytest-9.0.3, pluggy-1.6.0 -- /localdev/svuckovic/_workspace/repos/project-alchemy/tt-xla/venv/bin/python3
cachedir: .pytest_cache
metadata: {'Python': '3.12.3', 'Platform': 'Linux-5.15.0-168-generic-x86_64-with-glibc2.39', 'Packages': {'pytest': '9.0.3', 'pluggy': '1.6.0'}, 'Plugins': {'forked': '1.6.0', 'metadata': '3.1.1', 'jaxtyping': '0.3.9', 'split': '0.11.0', 'json-report': '1.5.0', 'anyio': '4.13.0'}}
rootdir: /localdev/svuckovic/_workspace/repos/project-alchemy/ttnn-models/microsoft/resnet-50/model/graph_0
plugins: forked-1.6.0, metadata-3.1.1, jaxtyping-0.3.9, split-0.11.0, json-report-1.5.0, anyio-4.13.0
collecting ... collected 1 item

main.py::test_main PASSED                                                [100%]

=============================== warnings summary ===============================
<frozen importlib._bootstrap>:488
  <frozen importlib._bootstrap>:488: DeprecationWarning: builtin type SwigPyPacked has no __module__ attribute

<frozen importlib._bootstrap>:488
  <frozen importlib._bootstrap>:488: DeprecationWarning: builtin type SwigPyObject has no __module__ attribute

-- Docs: https://docs.pytest.org/en/stable/how-to/capture-warnings.html
======================== 1 passed, 2 warnings in 12.37s ========================
sys:1: DeprecationWarning: builtin type swigvarlink has no __module__ attribute
nanobind: leaked 10 instances!
 - leaked instance 0x7fd066a06d48 of type "ttnn._ttnn.tensor.MemoryConfig"
 - leaked instance 0x7fd066a06c88 of type "ttnn._ttnn.tensor.MemoryConfig"
 - leaked instance 0x7fd066a068c8 of type "ttnn._ttnn.tensor.MemoryConfig"
 - leaked instance 0x7fd066a07648 of type "ttnn._ttnn.tensor.MemoryConfig"
 - leaked instance 0x7fd066721888 of type "ttnn._ttnn.operations.normalization.SoftmaxDefaultProgramConfig"
 - leaked instance 0x7fd066a07708 of type "ttnn._ttnn.tensor.MemoryConfig"
 - leaked instance 0x7fd066a077c8 of type "ttnn._ttnn.tensor.MemoryConfig"
 - leaked instance 0x7fd066721828 of type "ttnn._ttnn.operations.normalization.SoftmaxDefaultProgramConfig"
 - leaked instance 0x7fd066a06e08 of type "ttnn._ttnn.tensor.MemoryConfig"
 - leaked instance 0x7fd0667217c8 of type "ttnn._ttnn.operations.normalization.SoftmaxDefaultProgramConfig"
nanobind: leaked 479 types!
 - leaked type "ttnn._ttnn.operations.binary.lt__t"
 - leaked type "ttnn._ttnn.operations.binary_backward.xlogy_bw_t"
 - leaked type "ttnn._ttnn.operations.reduction.var_t"
 - leaked type "ttnn._ttnn.operations.unary.fill_t"
 - leaked type "ttnn._ttnn.operations.data_movement.gather_t"
 - leaked type "ttnn._ttnn.operations.point_to_point.point_to_point_t"
 - leaked type "ttnn._ttnn.operations.ternary.where_t"
 - leaked type "ttnn._ttnn.operations.binary.pow_t"
 - leaked type "ttnn._ttnn.operations.moreh.moreh_bmm_backward_t"
 - leaked type "ttnn._ttnn.operations.unary.ltz_t"
 - ... skipped remainder
nanobind: leaked 1877 functions!
 - leaked function ""
 - leaked function "__call__"
 - leaked function ""
 - leaked function ""
 - leaked function ""
 - leaked function ""
 - leaked function ""
 - leaked function ""
 - leaked function ""
 - leaked function ""
 - ... skipped remainder
nanobind: this is likely caused by a reference counting issue in the binding code.
See https://nanobind.readthedocs.io/en/latest/refleaks.html