=== check: pytest main.py ===
PASSED
============================= test session starts ==============================
platform linux -- Python 3.12.3, pytest-9.0.3, pluggy-1.6.0
rootdir: /localdev/svuckovic/_workspace/repos/project-alchemy/ttnn-models/microsoft/resnet-50/model/graph_0
plugins: forked-1.6.0, metadata-3.1.1, jaxtyping-0.3.9, split-0.11.0, json-report-1.5.0, anyio-4.13.0
collected 1 item

main.py Input shape: torch.Size([8, 3, 224, 224])
Input dtype: torch.bfloat16
Input shape: torch.Size([8, 3, 224, 224])
Input dtype: torch.bfloat16

PCC: 0.972656
.

=============================== warnings summary ===============================
<frozen importlib._bootstrap>:488
  <frozen importlib._bootstrap>:488: DeprecationWarning: builtin type SwigPyPacked has no __module__ attribute

<frozen importlib._bootstrap>:488
  <frozen importlib._bootstrap>:488: DeprecationWarning: builtin type SwigPyObject has no __module__ attribute

-- Docs: https://docs.pytest.org/en/stable/how-to/capture-warnings.html
======================== 1 passed, 2 warnings in 21.98s ========================
2026-06-19 22:18:56.422 | WARNING  | torch_plugin_tt:__init__:40 - TT plugin is setting XLA_STABLEHLO_COMPILE to 1. This is required for TT PJRT plugin to work correctly.

Loading weights:   0%|          | 0/320 [00:00<?, ?it/s]
Loading weights: 100%|██████████| 320/320 [00:00<00:00, 9431.16it/s]

Loading weights:   0%|          | 0/320 [00:00<?, ?it/s]
Loading weights: 100%|██████████| 320/320 [00:00<00:00, 9728.53it/s]
sys:1: DeprecationWarning: builtin type swigvarlink has no __module__ attribute
nanobind: leaked 10 instances!
 - leaked instance 0x7f1fe06ed728 of type "ttnn._ttnn.operations.normalization.SoftmaxDefaultProgramConfig"
 - leaked instance 0x7f1fe09ced48 of type "ttnn._ttnn.tensor.MemoryConfig"
 - leaked instance 0x7f1fe09ce8c8 of type "ttnn._ttnn.tensor.MemoryConfig"
 - leaked instance 0x7f1fe09cf888 of type "ttnn._ttnn.tensor.MemoryConfig"
 - leaked instance 0x7f1fe06ed6c8 of type "ttnn._ttnn.operations.normalization.SoftmaxDefaultProgramConfig"
 - leaked instance 0x7f1fe09cf7c8 of type "ttnn._ttnn.tensor.MemoryConfig"
 - leaked instance 0x7f1fe09cec88 of type "ttnn._ttnn.tensor.MemoryConfig"
 - leaked instance 0x7f1fe06ed788 of type "ttnn._ttnn.operations.normalization.SoftmaxDefaultProgramConfig"
 - leaked instance 0x7f1fe09cee08 of type "ttnn._ttnn.tensor.MemoryConfig"
 - leaked instance 0x7f1fe09cf708 of type "ttnn._ttnn.tensor.MemoryConfig"
nanobind: leaked 478 types!
 - leaked type "ttnn._ttnn.operations.binary.lt__t"
 - leaked type "ttnn._ttnn.operations.binary_backward.xlogy_bw_t"
 - leaked type "ttnn._ttnn.operations.reduction.var_t"
 - leaked type "ttnn._ttnn.operations.unary.fill_t"
 - leaked type "ttnn._ttnn.operations.data_movement.gather_t"
 - leaked type "ttnn._ttnn.operations.point_to_point.point_to_point_t"
 - leaked type "ttnn._ttnn.operations.ternary.where_t"
 - leaked type "ttnn._ttnn.operations.binary.pow_t"
 - leaked type "ttnn._ttnn.operations.moreh.moreh_bmm_backward_t"
 - leaked type "ttnn._ttnn.operations.unary.ltz_t"
 - ... skipped remainder
nanobind: leaked 1873 functions!
 - leaked function ""
 - leaked function ""
 - leaked function ""
 - leaked function ""
 - leaked function ""
 - leaked function ""
 - leaked function ""
 - leaked function "__call__"
 - leaked function "__call__"
 - leaked function ""
 - ... skipped remainder
nanobind: this is likely caused by a reference counting issue in the binding code.
See https://nanobind.readthedocs.io/en/latest/refleaks.html
=== check: verify_weights.py ===
PASSED
verify_weights.py does not exist for step move_ttnn_model, as expected