=== check: pytest main.py ===
PASSED
============================= test session starts ==============================
platform linux -- Python 3.12.13, pytest-9.1.1, pluggy-1.6.0
rootdir: /localdev/svuckovic/_workspace/repos/project-alchemy/ttnn-models/HuggingFaceTB/SmolLM3-3B/model/graph_0
plugins: json-report-1.5.0, split-0.11.0, metadata-3.1.1, jaxtyping-0.3.11, anyio-4.14.1, forked-1.6.0
collected 1 item

main.py Device: MeshDevice(1x4 grid, 4 devices)

Run 1: time 3.8708s, TPS 1058.17

Run 2: time 0.0965s, TPS 42455.34

Run 3: time 0.4953s, TPS 8270.35

Run 4: time 0.4946s, TPS 8281.58

Run 5: time 0.4942s, TPS 8287.96

PCC: 0.984375
.

=============================== warnings summary ===============================
<frozen importlib._bootstrap>:488
  <frozen importlib._bootstrap>:488: RuntimeWarning: nanobind: type 'pad_t' was already registered!

<frozen importlib._bootstrap>:488
  <frozen importlib._bootstrap>:488: RuntimeWarning: nanobind: type 'tilize_t' was already registered!

<frozen importlib._bootstrap>:488
  <frozen importlib._bootstrap>:488: RuntimeWarning: nanobind: type 'move_t' was already registered!

<frozen importlib._bootstrap>:488
  <frozen importlib._bootstrap>:488: RuntimeWarning: nanobind: type 'untilize_with_unpadding_t' was already registered!

<frozen importlib._bootstrap>:488
  <frozen importlib._bootstrap>:488: RuntimeWarning: nanobind: type 'slice_t' was already registered!

<frozen importlib._bootstrap>:488
  <frozen importlib._bootstrap>:488: RuntimeWarning: nanobind: type 'transpose_t' was already registered!

<frozen importlib._bootstrap>:488
  <frozen importlib._bootstrap>:488: RuntimeWarning: nanobind: type 'reshard_t' was already registered!

<frozen importlib._bootstrap>:488
  <frozen importlib._bootstrap>:488: RuntimeWarning: nanobind: type 'conv2d_t' was already registered!

<frozen importlib._bootstrap>:488
  <frozen importlib._bootstrap>:488: RuntimeWarning: nanobind: type 'max_pool2d_t' was already registered!

<frozen importlib._bootstrap>:488
  <frozen importlib._bootstrap>:488: RuntimeWarning: nanobind: type 'avg_pool2d_t' was already registered!

<frozen importlib._bootstrap>:488
  <frozen importlib._bootstrap>:488: RuntimeWarning: nanobind: type 'matmul_t' was already registered!

<frozen importlib._bootstrap>:488
  <frozen importlib._bootstrap>:488: RuntimeWarning: nanobind: type 'linear_t' was already registered!

<frozen importlib._bootstrap>:488
  <frozen importlib._bootstrap>:488: RuntimeWarning: nanobind: type 'matmul_batched_weights_t' was already registered!

<frozen importlib._bootstrap>:488
  <frozen importlib._bootstrap>:488: RuntimeWarning: nanobind: type 'addmm_t' was already registered!

<frozen importlib._bootstrap>:488
  <frozen importlib._bootstrap>:488: RuntimeWarning: nanobind: type 'sparse_matmul_t' was already registered!

<frozen importlib._bootstrap>:488
  <frozen importlib._bootstrap>:488: RuntimeWarning: nanobind: type 'remainder_t' was already registered!

<frozen importlib._bootstrap>:488
  <frozen importlib._bootstrap>:488: RuntimeWarning: nanobind: type 'add_t' was already registered!

<frozen importlib._bootstrap>:488
  <frozen importlib._bootstrap>:488: RuntimeWarning: nanobind: type 'add__t' was already registered!

<frozen importlib._bootstrap>:488
  <frozen importlib._bootstrap>:488: RuntimeWarning: nanobind: type 'subtract_t' was already registered!

<frozen importlib._bootstrap>:488
  <frozen importlib._bootstrap>:488: RuntimeWarning: nanobind: type 'subtract__t' was already registered!

<frozen importlib._bootstrap>:488
  <frozen importlib._bootstrap>:488: RuntimeWarning: nanobind: type 'eq_t' was already registered!

<frozen importlib._bootstrap>:488
  <frozen importlib._bootstrap>:488: RuntimeWarning: nanobind: type 'ne_t' was already registered!

<frozen importlib._bootstrap>:488
  <frozen importlib._bootstrap>:488: RuntimeWarning: nanobind: type 'lt_t' was already registered!

<frozen importlib._bootstrap>:488
  <frozen importlib._bootstrap>:488: RuntimeWarning: nanobind: type 'le_t' was already registered!

<frozen importlib._bootstrap>:488
  <frozen importlib._bootstrap>:488: RuntimeWarning: nanobind: type 'gt_t' was already registered!

<frozen importlib._bootstrap>:488
  <frozen importlib._bootstrap>:488: RuntimeWarning: nanobind: type 'ge_t' was already registered!

<frozen importlib._bootstrap>:488
  <frozen importlib._bootstrap>:488: RuntimeWarning: nanobind: type 'logical_and_t' was already registered!

<frozen importlib._bootstrap>:488
  <frozen importlib._bootstrap>:488: RuntimeWarning: nanobind: type 'logical_or_t' was already registered!

<frozen importlib._bootstrap>:488
  <frozen importlib._bootstrap>:488: RuntimeWarning: nanobind: type 'ldexp_t' was already registered!

<frozen importlib._bootstrap>:488
  <frozen importlib._bootstrap>:488: RuntimeWarning: nanobind: type 'logaddexp_t' was already registered!

<frozen importlib._bootstrap>:488
  <frozen importlib._bootstrap>:488: RuntimeWarning: nanobind: type 'logaddexp2_t' was already registered!

<frozen importlib._bootstrap>:488
  <frozen importlib._bootstrap>:488: RuntimeWarning: nanobind: type 'squared_difference_t' was already registered!

<frozen importlib._bootstrap>:488
  <frozen importlib._bootstrap>:488: RuntimeWarning: nanobind: type 'bias_gelu_t' was already registered!

<frozen importlib._bootstrap>:488
  <frozen importlib._bootstrap>:488: RuntimeWarning: nanobind: type 'multiply_t' was already registered!

<frozen importlib._bootstrap>:488
  <frozen importlib._bootstrap>:488: RuntimeWarning: nanobind: type 'divide_t' was already registered!

<frozen importlib._bootstrap>:488
  <frozen importlib._bootstrap>:488: RuntimeWarning: nanobind: type 'xlogy_t' was already registered!

<frozen importlib._bootstrap>:488
  <frozen importlib._bootstrap>:488: RuntimeWarning: nanobind: type 'rsub_t' was already registered!

<frozen importlib._bootstrap>:488
  <frozen importlib._bootstrap>:488: RuntimeWarning: nanobind: type 'bitwise_and_t' was already registered!

<frozen importlib._bootstrap>:488
  <frozen importlib._bootstrap>:488: RuntimeWarning: nanobind: type 'bitwise_or_t' was already registered!

<frozen importlib._bootstrap>:488
  <frozen importlib._bootstrap>:488: RuntimeWarning: nanobind: type 'bitwise_xor_t' was already registered!

<frozen importlib._bootstrap>:488
  <frozen importlib._bootstrap>:488: RuntimeWarning: nanobind: type 'bitwise_left_shift_t' was already registered!

<frozen importlib._bootstrap>:488
  <frozen importlib._bootstrap>:488: RuntimeWarning: nanobind: type 'bitwise_right_shift_t' was already registered!

<frozen importlib._bootstrap>:488
  <frozen importlib._bootstrap>:488: RuntimeWarning: nanobind: type 'logical_left_shift_t' was already registered!

<frozen importlib._bootstrap>:488
  <frozen importlib._bootstrap>:488: RuntimeWarning: nanobind: type 'logical_right_shift_t' was already registered!

<frozen importlib._bootstrap>:488
  <frozen importlib._bootstrap>:488: RuntimeWarning: nanobind: type 'hypot_t' was already registered!

<frozen importlib._bootstrap>:488
  <frozen importlib._bootstrap>:488: RuntimeWarning: nanobind: type 'nextafter_t' was already registered!

<frozen importlib._bootstrap>:488
  <frozen importlib._bootstrap>:488: RuntimeWarning: nanobind: type 'minimum_t' was already registered!

<frozen importlib._bootstrap>:488
  <frozen importlib._bootstrap>:488: RuntimeWarning: nanobind: type 'atan2_t' was already registered!

<frozen importlib._bootstrap>:488
  <frozen importlib._bootstrap>:488: RuntimeWarning: nanobind: type 'logical_xor_t' was already registered!

<frozen importlib._bootstrap>:488
  <frozen importlib._bootstrap>:488: RuntimeWarning: nanobind: type 'logical_or__t' was already registered!

<frozen importlib._bootstrap>:488
  <frozen importlib._bootstrap>:488: RuntimeWarning: nanobind: type 'logical_xor__t' was already registered!

<frozen importlib._bootstrap>:488
  <frozen importlib._bootstrap>:488: RuntimeWarning: nanobind: type 'logical_and__t' was already registered!

<frozen importlib._bootstrap>:488
  <frozen importlib._bootstrap>:488: RuntimeWarning: nanobind: type 'gcd_t' was already registered!

<frozen importlib._bootstrap>:488
  <frozen importlib._bootstrap>:488: RuntimeWarning: nanobind: type 'lcm_t' was already registered!

<frozen importlib._bootstrap>:488
  <frozen importlib._bootstrap>:488: RuntimeWarning: nanobind: type 'addalpha_t' was already registered!

<frozen importlib._bootstrap>:488
  <frozen importlib._bootstrap>:488: RuntimeWarning: nanobind: type 'subalpha_t' was already registered!

<frozen importlib._bootstrap>:488
  <frozen importlib._bootstrap>:488: RuntimeWarning: nanobind: type 'isclose_t' was already registered!

<frozen importlib._bootstrap>:488
  <frozen importlib._bootstrap>:488: RuntimeWarning: nanobind: type 'div_t' was already registered!

<frozen importlib._bootstrap>:488
  <frozen importlib._bootstrap>:488: RuntimeWarning: nanobind: type 'div_no_nan_t' was already registered!

<frozen importlib._bootstrap>:488
  <frozen importlib._bootstrap>:488: RuntimeWarning: nanobind: type 'floor_div_t' was already registered!

<frozen importlib._bootstrap>:488
  <frozen importlib._bootstrap>:488: RuntimeWarning: nanobind: type 'maximum_t' was already registered!

<frozen importlib._bootstrap>:488
  <frozen importlib._bootstrap>:488: RuntimeWarning: nanobind: type 'prelu_t' was already registered!

<frozen importlib._bootstrap>:488
  <frozen importlib._bootstrap>:488: RuntimeWarning: nanobind: type 'outer_t' was already registered!

<frozen importlib._bootstrap>:488
  <frozen importlib._bootstrap>:488: RuntimeWarning: nanobind: type 'polyval_t' was already registered!

<frozen importlib._bootstrap>:488
  <frozen importlib._bootstrap>:488: RuntimeWarning: nanobind: type 'fmod_t' was already registered!

<frozen importlib._bootstrap>:488
  <frozen importlib._bootstrap>:488: RuntimeWarning: nanobind: type 'gt__t' was already registered!

<frozen importlib._bootstrap>:488
  <frozen importlib._bootstrap>:488: RuntimeWarning: nanobind: type 'ge__t' was already registered!

<frozen importlib._bootstrap>:488
  <frozen importlib._bootstrap>:488: RuntimeWarning: nanobind: type 'lt__t' was already registered!

<frozen importlib._bootstrap>:488
  <frozen importlib._bootstrap>:488: RuntimeWarning: nanobind: type 'le__t' was already registered!

<frozen importlib._bootstrap>:488
  <frozen importlib._bootstrap>:488: RuntimeWarning: nanobind: type 'eq__t' was already registered!

<frozen importlib._bootstrap>:488
  <frozen importlib._bootstrap>:488: RuntimeWarning: nanobind: type 'ne__t' was already registered!

<frozen importlib._bootstrap>:488
  <frozen importlib._bootstrap>:488: RuntimeWarning: nanobind: type 'ldexp__t' was already registered!

<frozen importlib._bootstrap>:488
  <frozen importlib._bootstrap>:488: RuntimeWarning: nanobind: type 'logaddexp__t' was already registered!

<frozen importlib._bootstrap>:488
  <frozen importlib._bootstrap>:488: RuntimeWarning: nanobind: type 'logaddexp2__t' was already registered!

<frozen importlib._bootstrap>:488
  <frozen importlib._bootstrap>:488: RuntimeWarning: nanobind: type 'squared_difference__t' was already registered!

<frozen importlib._bootstrap>:488
  <frozen importlib._bootstrap>:488: RuntimeWarning: nanobind: type 'multiply__t' was already registered!

<frozen importlib._bootstrap>:488
  <frozen importlib._bootstrap>:488: RuntimeWarning: nanobind: type 'divide__t' was already registered!

<frozen importlib._bootstrap>:488
  <frozen importlib._bootstrap>:488: RuntimeWarning: nanobind: type 'rsub__t' was already registered!

<frozen importlib._bootstrap>:488
  <frozen importlib._bootstrap>:488: RuntimeWarning: nanobind: type 'bias_gelu__t' was already registered!

<frozen importlib._bootstrap>:488
  <frozen importlib._bootstrap>:488: RuntimeWarning: nanobind: type 'pow_t' was already registered!

-- Docs: https://docs.pytest.org/en/stable/how-to/capture-warnings.html
======================= 1 passed, 80 warnings in 31.29s ========================
2026-07-13 13:28:47.644 | WARNING  | torch_plugin_tt:__init__:40 - TT plugin is setting XLA_STABLEHLO_COMPILE to 1. This is required for TT PJRT plugin to work correctly.

Fetching 2 files:   0%|          | 0/2 [00:00<?, ?it/s]
Fetching 2 files: 100%|██████████| 2/2 [00:00<00:00, 2911.70it/s]

Loading weights:   0%|          | 0/326 [00:00<?, ?it/s]
Loading weights: 100%|██████████| 326/326 [00:00<00:00, 25625.35it/s]

Fetching 2 files:   0%|          | 0/2 [00:00<?, ?it/s]
Fetching 2 files: 100%|██████████| 2/2 [00:00<00:00, 4344.18it/s]

Loading weights:   0%|          | 0/326 [00:00<?, ?it/s]
Loading weights: 100%|██████████| 326/326 [00:00<00:00, 31256.41it/s]
nanobind: leaked 474 instances!
 - leaked instance 0x2fb1db40 of type "ttnn._ttnn.operations.unary.tril_t"
 - leaked instance 0x2fc6e7a0 of type "ttnn._ttnn.operations.normalization.scale_mask_softmax_t"
 - leaked instance 0x2fb82bb0 of type "ttnn._ttnn.operations.quantization.dequantize_t"
 - leaked instance 0x2fba65d0 of type "ttnn._ttnn.operations.unary_backward.selu_bw_t"
 - leaked instance 0x2fd8ed70 of type "ttnn._ttnn.operations.moreh.moreh_getitem_t"
 - leaked instance 0x2fc214e0 of type "ttnn._ttnn.operations.data_movement.fill_rm_t"
 - leaked instance 0x2fbb0390 of type "ttnn._ttnn.operations.unary_backward.sign_bw_t"
 - leaked instance 0x2faf6df0 of type "ttnn._ttnn.operations.ccl.reduce_scatter_t"
 - leaked instance 0x2fc9f5f0 of type "ttnn._ttnn.operations.reduction.sum_t"
 - leaked instance 0x2fd8ba80 of type "ttnn._ttnn.operations.moreh.moreh_bmm_t"
 - leaked instance 0x2d497420 of type "ttnn._ttnn.operations.unary.trunc_t"
 - leaked instance 0x2fbb9190 of type "ttnn._ttnn.operations.unary_backward.deg2rad_bw_t"
 - leaked instance 0x2fc233b0 of type "ttnn._ttnn.operations.data_movement.fold_t"
 - leaked instance 0x2f4d2e50 of type "ttnn._ttnn.operations.unary.asinh_t"
 - leaked instance 0x7e687c026ef8 of type "ttnn._ttnn.device.DispatchCoreConfig"
 - leaked instance 0x2f790d70 of type "ttnn._ttnn.operations.examples.composite_example_t"
 - leaked instance 0x2fb898d0 of type "ttnn._ttnn.operations.ternary.snake_beta_t"
 - leaked instance 0x2fc02ef0 of type "ttnn._ttnn.operations.full.moreh_full_t"
 - leaked instance 0x2fbbf8e0 of type "ttnn._ttnn.operations.binary_backward.fmod_bw_t"
 - leaked instance 0x2fc31e80 of type "ttnn._ttnn.operations.data_movement.scatter_add_t"
 - ... skipped remainder
nanobind: leaked 534 types!
 - leaked type "ttnn._ttnn.operations.binary.lt__t"
 - leaked type "ttnn._ttnn.operations.binary_backward.xlogy_bw_t"
 - leaked type "ttnn._ttnn.operations.reduction.var_t"
 - leaked type "DispatchCoreAxis"
 - leaked type "ttnn._ttnn.operations.unary.fill_t"
 - leaked type "ttnn._ttnn.operations.data_movement.gather_t"
 - leaked type "ttnn._ttnn.operations.point_to_point.point_to_point_t"
 - leaked type "ttnn._ttnn.operations.ternary.where_t"
 - leaked type "ttnn._ttnn.device.SubDeviceManagerId"
 - leaked type "ttnn._ttnn.operations.binary.pow_t"
 - ... skipped remainder
nanobind: leaked 2344 functions!
 - leaked function "__call__"
 - leaked function "__call__"
 - leaked function ""
 - leaked function ""
 - leaked function ""
 - leaked function ""
 - leaked function ""
 - leaked function ""
 - leaked function ""
 - leaked function ""
 - ... skipped remainder
nanobind: this is likely caused by a reference counting issue in the binding code.
See https://nanobind.readthedocs.io/en/latest/refleaks.html
=== check: verify_weights.py ===
PASSED
verify_weights.py does not exist for step add_metal_trace, as expected