2026-06-10 14:10:38.802 | WARNING  | torch_plugin_tt:__init__:40 - TT plugin is setting XLA_STABLEHLO_COMPILE to 1. This is required for TT PJRT plugin to work correctly.
Warning: You are sending unauthenticated requests to the HF Hub. Please set a HF_TOKEN to enable higher rate limits and faster downloads.
WARNING:huggingface_hub.utils._http:Warning: You are sending unauthenticated requests to the HF Hub. Please set a HF_TOKEN to enable higher rate limits and faster downloads.
2026-06-10 14:10:55.293 | critical |          Always | TT_FATAL: Chip 0 logical eth core 0-9 connects to a remote mmio device (assert.hpp:104)
[32m                 Always[0m | [1m[38;5;208m WARNING[0m | Skipping ethernet core (0-9) on chip 0
2026-06-10 14:10:55.316 | critical |          Always | TT_FATAL: Chip 0 logical eth core 0-8 connects to a remote mmio device (assert.hpp:104)
[32m                 Always[0m | [1m[38;5;208m WARNING[0m | Skipping ethernet core (0-8) on chip 0
2026-06-10 14:10:55.340 | critical |          Always | TT_FATAL: Chip 1 logical eth core 0-9 connects to a remote mmio device (assert.hpp:104)
[32m                 Always[0m | [1m[38;5;208m WARNING[0m | Skipping ethernet core (0-9) on chip 1
2026-06-10 14:10:55.364 | critical |          Always | TT_FATAL: Chip 1 logical eth core 0-8 connects to a remote mmio device (assert.hpp:104)
[32m                 Always[0m | [1m[38;5;208m WARNING[0m | Skipping ethernet core (0-8) on chip 1
2026-06-10 14:10:55.387 | critical |          Always | TT_FATAL: Chip 4 logical eth core 0-9 connects to a remote mmio device (assert.hpp:104)
[32m                 Always[0m | [1m[38;5;208m WARNING[0m | Skipping ethernet core (0-9) on chip 4
2026-06-10 14:10:55.410 | critical |          Always | TT_FATAL: Chip 4 logical eth core 0-8 connects to a remote mmio device (assert.hpp:104)
[32m                 Always[0m | [1m[38;5;208m WARNING[0m | Skipping ethernet core (0-8) on chip 4
2026-06-10 14:10:55.434 | critical |          Always | TT_FATAL: Chip 5 logical eth core 0-9 connects to a remote mmio device (assert.hpp:104)
[32m                 Always[0m | [1m[38;5;208m WARNING[0m | Skipping ethernet core (0-9) on chip 5
2026-06-10 14:10:55.458 | critical |          Always | TT_FATAL: Chip 5 logical eth core 0-8 connects to a remote mmio device (assert.hpp:104)
[32m                 Always[0m | [1m[38;5;208m WARNING[0m | Skipping ethernet core (0-8) on chip 5
2026-06-10 14:10:55.482 | critical |          Always | TT_FATAL: Chip 8 logical eth core 0-9 connects to a remote mmio device (assert.hpp:104)
[32m                 Always[0m | [1m[38;5;208m WARNING[0m | Skipping ethernet core (0-9) on chip 8
2026-06-10 14:10:55.505 | critical |          Always | TT_FATAL: Chip 8 logical eth core 0-8 connects to a remote mmio device (assert.hpp:104)
[32m                 Always[0m | [1m[38;5;208m WARNING[0m | Skipping ethernet core (0-8) on chip 8
2026-06-10 14:10:55.529 | critical |          Always | TT_FATAL: Chip 9 logical eth core 0-9 connects to a remote mmio device (assert.hpp:104)
[32m                 Always[0m | [1m[38;5;208m WARNING[0m | Skipping ethernet core (0-9) on chip 9
2026-06-10 14:10:55.553 | critical |          Always | TT_FATAL: Chip 9 logical eth core 0-8 connects to a remote mmio device (assert.hpp:104)
[32m                 Always[0m | [1m[38;5;208m WARNING[0m | Skipping ethernet core (0-8) on chip 9
2026-06-10 14:10:55.577 | critical |          Always | TT_FATAL: Chip 12 logical eth core 0-9 connects to a remote mmio device (assert.hpp:104)
[32m                 Always[0m | [1m[38;5;208m WARNING[0m | Skipping ethernet core (0-9) on chip 12
2026-06-10 14:10:55.600 | critical |          Always | TT_FATAL: Chip 12 logical eth core 0-8 connects to a remote mmio device (assert.hpp:104)
[32m                 Always[0m | [1m[38;5;208m WARNING[0m | Skipping ethernet core (0-8) on chip 12
2026-06-10 14:10:55.624 | critical |          Always | TT_FATAL: Chip 13 logical eth core 0-9 connects to a remote mmio device (assert.hpp:104)
[32m                 Always[0m | [1m[38;5;208m WARNING[0m | Skipping ethernet core (0-9) on chip 13
2026-06-10 14:10:55.648 | critical |          Always | TT_FATAL: Chip 13 logical eth core 0-8 connects to a remote mmio device (assert.hpp:104)
[32m                 Always[0m | [1m[38;5;208m WARNING[0m | Skipping ethernet core (0-8) on chip 13
2026-06-10 14:10:55.672 | critical |          Always | TT_FATAL: Chip 16 logical eth core 0-9 connects to a remote mmio device (assert.hpp:104)
[32m                 Always[0m | [1m[38;5;208m WARNING[0m | Skipping ethernet core (0-9) on chip 16
2026-06-10 14:10:55.696 | critical |          Always | TT_FATAL: Chip 16 logical eth core 0-8 connects to a remote mmio device (assert.hpp:104)
[32m                 Always[0m | [1m[38;5;208m WARNING[0m | Skipping ethernet core (0-8) on chip 16
2026-06-10 14:10:55.720 | critical |          Always | TT_FATAL: Chip 17 logical eth core 0-9 connects to a remote mmio device (assert.hpp:104)
[32m                 Always[0m | [1m[38;5;208m WARNING[0m | Skipping ethernet core (0-9) on chip 17
2026-06-10 14:10:55.743 | critical |          Always | TT_FATAL: Chip 17 logical eth core 0-8 connects to a remote mmio device (assert.hpp:104)
[32m                 Always[0m | [1m[38;5;208m WARNING[0m | Skipping ethernet core (0-8) on chip 17
2026-06-10 14:10:55.767 | critical |          Always | TT_FATAL: Chip 20 logical eth core 0-9 connects to a remote mmio device (assert.hpp:104)
[32m                 Always[0m | [1m[38;5;208m WARNING[0m | Skipping ethernet core (0-9) on chip 20
2026-06-10 14:10:55.791 | critical |          Always | TT_FATAL: Chip 20 logical eth core 0-8 connects to a remote mmio device (assert.hpp:104)
[32m                 Always[0m | [1m[38;5;208m WARNING[0m | Skipping ethernet core (0-8) on chip 20
2026-06-10 14:10:55.814 | critical |          Always | TT_FATAL: Chip 21 logical eth core 0-9 connects to a remote mmio device (assert.hpp:104)
[32m                 Always[0m | [1m[38;5;208m WARNING[0m | Skipping ethernet core (0-9) on chip 21
2026-06-10 14:10:55.838 | critical |          Always | TT_FATAL: Chip 21 logical eth core 0-8 connects to a remote mmio device (assert.hpp:104)
[32m                 Always[0m | [1m[38;5;208m WARNING[0m | Skipping ethernet core (0-8) on chip 21
2026-06-10 14:10:55.862 | critical |          Always | TT_FATAL: Chip 24 logical eth core 0-9 connects to a remote mmio device (assert.hpp:104)
[32m                 Always[0m | [1m[38;5;208m WARNING[0m | Skipping ethernet core (0-9) on chip 24
2026-06-10 14:10:55.886 | critical |          Always | TT_FATAL: Chip 24 logical eth core 0-8 connects to a remote mmio device (assert.hpp:104)
[32m                 Always[0m | [1m[38;5;208m WARNING[0m | Skipping ethernet core (0-8) on chip 24
2026-06-10 14:10:55.909 | critical |          Always | TT_FATAL: Chip 25 logical eth core 0-9 connects to a remote mmio device (assert.hpp:104)
[32m                 Always[0m | [1m[38;5;208m WARNING[0m | Skipping ethernet core (0-9) on chip 25
2026-06-10 14:10:55.933 | critical |          Always | TT_FATAL: Chip 25 logical eth core 0-8 connects to a remote mmio device (assert.hpp:104)
[32m                 Always[0m | [1m[38;5;208m WARNING[0m | Skipping ethernet core (0-8) on chip 25
2026-06-10 14:10:55.957 | critical |          Always | TT_FATAL: Chip 28 logical eth core 0-9 connects to a remote mmio device (assert.hpp:104)
[32m                 Always[0m | [1m[38;5;208m WARNING[0m | Skipping ethernet core (0-9) on chip 28
2026-06-10 14:10:55.981 | critical |          Always | TT_FATAL: Chip 28 logical eth core 0-8 connects to a remote mmio device (assert.hpp:104)
[32m                 Always[0m | [1m[38;5;208m WARNING[0m | Skipping ethernet core (0-8) on chip 28
2026-06-10 14:10:56.004 | critical |          Always | TT_FATAL: Chip 29 logical eth core 0-9 connects to a remote mmio device (assert.hpp:104)
[32m                 Always[0m | [1m[38;5;208m WARNING[0m | Skipping ethernet core (0-9) on chip 29
2026-06-10 14:10:56.028 | critical |          Always | TT_FATAL: Chip 29 logical eth core 0-8 connects to a remote mmio device (assert.hpp:104)
[32m                 Always[0m | [1m[38;5;208m WARNING[0m | Skipping ethernet core (0-8) on chip 29
2026-06-10 14:11:07.866 (  29.064s) [        F3DB9140]              stubs.inc:122   WARN| STUB: PJRT_Client_TopologyDescription
2026-06-10 14:11:07.867001: W torch_xla/csrc/runtime/profiler.cpp:88] Profiler API not found for PJRT plugin
/usr/lib/python3.12/copyreg.py:99: FutureWarning: `isinstance(treespec, LeafSpec)` is deprecated, use `isinstance(treespec, TreeSpec) and treespec.is_leaf()` instead.
  return cls.__new__(cls, *args)
2026-06-10 14:12:06.948 (  88.145s) [        F3DB9140]      module_builder.cc:981   WARN| `mhlo.num_partitions` attribute not found, assuming default number of partitions: 1
2026-06-10 14:12:06.948 (  88.145s) [        F3DB9140]      module_builder.cc:995   WARN| `mhlo.num_replicas` attribute not found, assuming default number of replicas: 1
2026-06-10 14:12:06.948 (  88.145s) [        F3DB9140]      module_builder.cc:1005  WARN| Num replicas and num partitions are not set, inferring the number of devices from mesh shape
2026-06-10 14:12:10.678 (  91.876s) [        F3DB9140]              stubs.inc:81    WARN| STUB: PJRT_Executable_GetCompiledMemoryStats
[meta_loading] Resolving shards for zai-org/GLM-4.7 (first 4 layer(s))
[meta_loading] Need 5 shard(s) for first 4 layer(s)
[meta_loading] Downloading shard 1/5: model-00001-of-00092.safetensors
[meta_loading] Downloading shard 2/5: model-00002-of-00092.safetensors
[meta_loading] Downloading shard 3/5: model-00003-of-00092.safetensors
[meta_loading] Downloading shard 4/5: model-00004-of-00092.safetensors
[meta_loading] Downloading shard 5/5: model-00092-of-00092.safetensors
