TT_METAL_RUNTIME_ROOT is not set. Setting it to /localdev/svuckovic/_workspace/repos/tt-xla/third_party/tt-mlir/src/tt-mlir//third_party/tt-metal/src/tt-metal
Running main.py...
<frozen importlib._bootstrap>:488: RuntimeWarning: nanobind: type 'pad_t' was already registered!

<frozen importlib._bootstrap>:488: RuntimeWarning: nanobind: type 'tilize_t' was already registered!

<frozen importlib._bootstrap>:488: RuntimeWarning: nanobind: type 'move_t' was already registered!

<frozen importlib._bootstrap>:488: RuntimeWarning: nanobind: type 'untilize_with_unpadding_t' was already registered!

<frozen importlib._bootstrap>:488: RuntimeWarning: nanobind: type 'slice_t' was already registered!

<frozen importlib._bootstrap>:488: RuntimeWarning: nanobind: type 'transpose_t' was already registered!

<frozen importlib._bootstrap>:488: RuntimeWarning: nanobind: type 'reshard_t' was already registered!

<frozen importlib._bootstrap>:488: RuntimeWarning: nanobind: type 'conv2d_t' was already registered!

<frozen importlib._bootstrap>:488: RuntimeWarning: nanobind: type 'max_pool2d_t' was already registered!

<frozen importlib._bootstrap>:488: RuntimeWarning: nanobind: type 'avg_pool2d_t' was already registered!

<frozen importlib._bootstrap>:488: RuntimeWarning: nanobind: type 'matmul_t' was already registered!

<frozen importlib._bootstrap>:488: RuntimeWarning: nanobind: type 'linear_t' was already registered!

<frozen importlib._bootstrap>:488: RuntimeWarning: nanobind: type 'matmul_batched_weights_t' was already registered!

<frozen importlib._bootstrap>:488: RuntimeWarning: nanobind: type 'addmm_t' was already registered!

<frozen importlib._bootstrap>:488: RuntimeWarning: nanobind: type 'sparse_matmul_t' was already registered!

<frozen importlib._bootstrap>:488: RuntimeWarning: nanobind: type 'remainder_t' was already registered!

<frozen importlib._bootstrap>:488: RuntimeWarning: nanobind: type 'add_t' was already registered!

<frozen importlib._bootstrap>:488: RuntimeWarning: nanobind: type 'add__t' was already registered!

<frozen importlib._bootstrap>:488: RuntimeWarning: nanobind: type 'subtract_t' was already registered!

<frozen importlib._bootstrap>:488: RuntimeWarning: nanobind: type 'subtract__t' was already registered!

<frozen importlib._bootstrap>:488: RuntimeWarning: nanobind: type 'eq_t' was already registered!

<frozen importlib._bootstrap>:488: RuntimeWarning: nanobind: type 'ne_t' was already registered!

<frozen importlib._bootstrap>:488: RuntimeWarning: nanobind: type 'lt_t' was already registered!

<frozen importlib._bootstrap>:488: RuntimeWarning: nanobind: type 'le_t' was already registered!

<frozen importlib._bootstrap>:488: RuntimeWarning: nanobind: type 'gt_t' was already registered!

<frozen importlib._bootstrap>:488: RuntimeWarning: nanobind: type 'ge_t' was already registered!

<frozen importlib._bootstrap>:488: RuntimeWarning: nanobind: type 'logical_and_t' was already registered!

<frozen importlib._bootstrap>:488: RuntimeWarning: nanobind: type 'logical_or_t' was already registered!

<frozen importlib._bootstrap>:488: RuntimeWarning: nanobind: type 'ldexp_t' was already registered!

<frozen importlib._bootstrap>:488: RuntimeWarning: nanobind: type 'logaddexp_t' was already registered!

<frozen importlib._bootstrap>:488: RuntimeWarning: nanobind: type 'logaddexp2_t' was already registered!

<frozen importlib._bootstrap>:488: RuntimeWarning: nanobind: type 'squared_difference_t' was already registered!

<frozen importlib._bootstrap>:488: RuntimeWarning: nanobind: type 'bias_gelu_t' was already registered!

<frozen importlib._bootstrap>:488: RuntimeWarning: nanobind: type 'multiply_t' was already registered!

<frozen importlib._bootstrap>:488: RuntimeWarning: nanobind: type 'divide_t' was already registered!

<frozen importlib._bootstrap>:488: RuntimeWarning: nanobind: type 'xlogy_t' was already registered!

<frozen importlib._bootstrap>:488: RuntimeWarning: nanobind: type 'rsub_t' was already registered!

<frozen importlib._bootstrap>:488: RuntimeWarning: nanobind: type 'bitwise_and_t' was already registered!

<frozen importlib._bootstrap>:488: RuntimeWarning: nanobind: type 'bitwise_or_t' was already registered!

<frozen importlib._bootstrap>:488: RuntimeWarning: nanobind: type 'bitwise_xor_t' was already registered!

<frozen importlib._bootstrap>:488: RuntimeWarning: nanobind: type 'bitwise_left_shift_t' was already registered!

<frozen importlib._bootstrap>:488: RuntimeWarning: nanobind: type 'bitwise_right_shift_t' was already registered!

<frozen importlib._bootstrap>:488: RuntimeWarning: nanobind: type 'logical_left_shift_t' was already registered!

<frozen importlib._bootstrap>:488: RuntimeWarning: nanobind: type 'logical_right_shift_t' was already registered!

<frozen importlib._bootstrap>:488: RuntimeWarning: nanobind: type 'hypot_t' was already registered!

<frozen importlib._bootstrap>:488: RuntimeWarning: nanobind: type 'nextafter_t' was already registered!

<frozen importlib._bootstrap>:488: RuntimeWarning: nanobind: type 'minimum_t' was already registered!

<frozen importlib._bootstrap>:488: RuntimeWarning: nanobind: type 'atan2_t' was already registered!

<frozen importlib._bootstrap>:488: RuntimeWarning: nanobind: type 'logical_xor_t' was already registered!

<frozen importlib._bootstrap>:488: RuntimeWarning: nanobind: type 'logical_or__t' was already registered!

<frozen importlib._bootstrap>:488: RuntimeWarning: nanobind: type 'logical_xor__t' was already registered!

<frozen importlib._bootstrap>:488: RuntimeWarning: nanobind: type 'logical_and__t' was already registered!

<frozen importlib._bootstrap>:488: RuntimeWarning: nanobind: type 'gcd_t' was already registered!

<frozen importlib._bootstrap>:488: RuntimeWarning: nanobind: type 'lcm_t' was already registered!

<frozen importlib._bootstrap>:488: RuntimeWarning: nanobind: type 'addalpha_t' was already registered!

<frozen importlib._bootstrap>:488: RuntimeWarning: nanobind: type 'subalpha_t' was already registered!

<frozen importlib._bootstrap>:488: RuntimeWarning: nanobind: type 'isclose_t' was already registered!

<frozen importlib._bootstrap>:488: RuntimeWarning: nanobind: type 'div_t' was already registered!

<frozen importlib._bootstrap>:488: RuntimeWarning: nanobind: type 'div_no_nan_t' was already registered!

<frozen importlib._bootstrap>:488: RuntimeWarning: nanobind: type 'floor_div_t' was already registered!

<frozen importlib._bootstrap>:488: RuntimeWarning: nanobind: type 'maximum_t' was already registered!

<frozen importlib._bootstrap>:488: RuntimeWarning: nanobind: type 'prelu_t' was already registered!

<frozen importlib._bootstrap>:488: RuntimeWarning: nanobind: type 'outer_t' was already registered!

<frozen importlib._bootstrap>:488: RuntimeWarning: nanobind: type 'polyval_t' was already registered!

<frozen importlib._bootstrap>:488: RuntimeWarning: nanobind: type 'fmod_t' was already registered!

<frozen importlib._bootstrap>:488: RuntimeWarning: nanobind: type 'gt__t' was already registered!

<frozen importlib._bootstrap>:488: RuntimeWarning: nanobind: type 'ge__t' was already registered!

<frozen importlib._bootstrap>:488: RuntimeWarning: nanobind: type 'lt__t' was already registered!

<frozen importlib._bootstrap>:488: RuntimeWarning: nanobind: type 'le__t' was already registered!

<frozen importlib._bootstrap>:488: RuntimeWarning: nanobind: type 'eq__t' was already registered!

<frozen importlib._bootstrap>:488: RuntimeWarning: nanobind: type 'ne__t' was already registered!

<frozen importlib._bootstrap>:488: RuntimeWarning: nanobind: type 'ldexp__t' was already registered!

<frozen importlib._bootstrap>:488: RuntimeWarning: nanobind: type 'logaddexp__t' was already registered!

<frozen importlib._bootstrap>:488: RuntimeWarning: nanobind: type 'logaddexp2__t' was already registered!

<frozen importlib._bootstrap>:488: RuntimeWarning: nanobind: type 'squared_difference__t' was already registered!

<frozen importlib._bootstrap>:488: RuntimeWarning: nanobind: type 'multiply__t' was already registered!

<frozen importlib._bootstrap>:488: RuntimeWarning: nanobind: type 'divide__t' was already registered!

<frozen importlib._bootstrap>:488: RuntimeWarning: nanobind: type 'rsub__t' was already registered!

<frozen importlib._bootstrap>:488: RuntimeWarning: nanobind: type 'bias_gelu__t' was already registered!

<frozen importlib._bootstrap>:488: RuntimeWarning: nanobind: type 'pow_t' was already registered!

2026-07-06 16:16:12.990 | DEBUG    | ttnn:<module>:79 - Initial ttnn.CONFIG:
Config{cache_path=/data/svuckovic/.cache/ttnn,model_cache_path=/data/svuckovic/.cache/ttnn/models,tmp_dir=/tmp/ttnn,enable_model_cache=false,enable_fast_runtime_mode=true,throw_exception_on_fallback=false,enable_logging=false,enable_graph_report=false,enable_graph_python_stack_traces=false,enable_detailed_buffer_report=false,enable_detailed_tensor_report=false,enable_comparison_mode=false,comparison_mode_should_raise_exception=false,comparison_mode_pcc=0.9999,root_report_path=generated/ttnn/reports,report_name=std::nullopt,std::nullopt}
2026-07-06 16:16:14.231 | DEBUG    | ttnn.device:__init__:152 - Using default dispatch core type for this system: DispatchCoreType.WORKER
2026-07-06 16:16:14.231 | DEBUG    | ttnn.device:__init__:154 - Using default dispatch core axis for this system: DispatchCoreAxis.COL
Building ncrisc, compile step:
cd /data/svuckovic/.cache/tt-metal-cache/15546448249451378817/kernels/reader_concat_stick_layout_interleaved_start_id/1809606128896223328/ncrisc/ && /localdev/svuckovic/_workspace/repos/tt-xla/third_party/tt-mlir/src/tt-mlir//third_party/tt-metal/src/tt-metal/runtime/sfpi/compiler/bin/riscv-tt-elf-g++ -O2 -std=c++17 -ftt-nttp -ftt-constinit -ftt-consteval -ftt-no-dyninit -flto=auto -ffast-math -fno-exceptions -fno-rtti -fno-use-cxa-atexit -MMD -Wall -Werror -Wno-error=deprecated-declarations -Wno-error=multistatement-macros -Wno-error=parentheses -Wno-error=unused-but-set-variable -Wno-unused-variable -Wno-unused-function -mcpu=tt-bh -fno-tree-loop-distribute-patterns -I. -I.. -I/localdev/svuckovic/_workspace/repos/tt-xla/third_party/tt-mlir/src/tt-mlir//third_party/tt-metal/src/tt-metal/ -I/localdev/svuckovic/_workspace/repos/tt-xla/third_party/tt-mlir/src/tt-mlir//third_party/tt-metal/src/tt-metal/ttnn -I/localdev/svuckovic/_workspace/repos/tt-xla/third_party/tt-mlir/src/tt-mlir//third_party/tt-metal/src/tt-metal/ttnn/cpp -I/localdev/svuckovic/_workspace/repos/tt-xla/third_party/tt-mlir/src/tt-mlir//third_party/tt-metal/src/tt-metal/tt_metal -I/localdev/svuckovic/_workspace/repos/tt-xla/third_party/tt-mlir/src/tt-mlir//third_party/tt-metal/src/tt-metal/tt_metal/hw/inc -I/localdev/svuckovic/_workspace/repos/tt-xla/third_party/tt-mlir/src/tt-mlir//third_party/tt-metal/src/tt-metal/tt_metal/tt-llk/common -I/localdev/svuckovic/_workspace/repos/tt-xla/third_party/tt-mlir/src/tt-mlir//third_party/tt-metal/src/tt-metal/tt_metal/hostdevcommon/api -I/localdev/svuckovic/_workspace/repos/tt-xla/third_party/tt-mlir/src/tt-mlir//third_party/tt-metal/src/tt-metal/tt_metal/api/ -I/localdev/svuckovic/_workspace/repos/tt-xla/third_party/tt-mlir/src/tt-mlir//third_party/tt-metal/src/tt-metal/tt_metal/hw/ckernels/blackhole/metal/common -I/localdev/svuckovic/_workspace/repos/tt-xla/third_party/tt-mlir/src/tt-mlir//third_party/tt-metal/src/tt-metal/tt_metal/hw/ckernels/blackhole/metal/llk_io -I/localdev/svuckovic/_workspace/repos/tt-xla/third_party/tt-mlir/src/tt-mlir//third_party/tt-metal/src/tt-metal/tt_metal/hw/inc/internal/tt-1xx -I/localdev/svuckovic/_workspace/repos/tt-xla/third_party/tt-mlir/src/tt-mlir//third_party/tt-metal/src/tt-metal/tt_metal/hw/inc/internal/tt-1xx/blackhole -I/localdev/svuckovic/_workspace/repos/tt-xla/third_party/tt-mlir/src/tt-mlir//third_party/tt-metal/src/tt-metal/tt_metal/hw/inc/internal/tt-1xx/blackhole/blackhole_defines -I/localdev/svuckovic/_workspace/repos/tt-xla/third_party/tt-mlir/src/tt-mlir//third_party/tt-metal/src/tt-metal/tt_metal/hw/inc/internal/tt-1xx/blackhole/noc -I/localdev/svuckovic/_workspace/repos/tt-xla/third_party/tt-mlir/src/tt-mlir//third_party/tt-metal/src/tt-metal/tt_metal/tt-llk/tt_llk_blackhole/common/inc -I/localdev/svuckovic/_workspace/repos/tt-xla/third_party/tt-mlir/src/tt-mlir//third_party/tt-metal/src/tt-metal/tt_metal/tt-llk/tt_llk_blackhole/llk_lib -I/localdev/svuckovic/_workspace/repos/tt-xla/third_party/tt-mlir/src/tt-mlir//third_party/tt-metal/src/tt-metal/tt_metal/hw/firmware/src/tt-1xx -I/localdev/svuckovic/_workspace/repos/tt-xla/third_party/tt-mlir/src/tt-mlir//third_party/tt-metal/src/tt-metal/ttnn/cpp/ttnn/operations/data_movement/concat/device/kernels/dataflow -c -o /data/svuckovic/.cache/tt-metal-cache/15546448249451378817/kernels/reader_concat_stick_layout_interleaved_start_id/1809606128896223328/ncrisc/ncrisck.11126189736204491334.o /localdev/svuckovic/_workspace/repos/tt-xla/third_party/tt-mlir/src/tt-mlir//third_party/tt-metal/src/tt-metal/tt_metal/hw/firmware/src/tt-1xx/ncrisck.cc -MF /data/svuckovic/.cache/tt-metal-cache/15546448249451378817/kernels/reader_concat_stick_layout_interleaved_start_id/1809606128896223328/ncrisc/ncrisck.11126189736204491334.d -DIS_NOT_POW2_NUM_L1_BANKS=1 -DLOG_BASE_2_OF_NUM_DRAM_BANKS=3 -DNUM_DRAM_BANKS=8 -DNUM_L1_BANKS=110 -DPCIE_NOC_X=19 -DPCIE_NOC_Y=24 -DTENSIX_FIRMWARE -DLOCAL_MEM_EN=0 -DPROCESSOR_INDEX=1 -DCOMPILE_FOR_NCRISC -DARCH_BLACKHOLE -DDISPATCH_MESSAGE_ADDR=4290184248 -DKERNEL_BUILD -DFULL_KERNEL_NAME="\"reader_concat_stick_layout_interleaved_start_id/1809606128896223328/\"" -DFABRIC_1D_PKT_HDR_EXTENSION_WORDS='0' -DROUTING_MODE='145' -DWIDTH_CONCAT='1' -DNOC_INDEX='0' -DNOC_MODE='0' -DKERNEL_COMPILE_TIME_ARGS=0,4,1536,1536,1536,6144,2,1536,2,1536,2,1536,2,6144 
In file included from ../kernel_includes.hpp:1,
                 from /localdev/svuckovic/_workspace/repos/tt-xla/third_party/tt-mlir/src/tt-mlir//third_party/tt-metal/src/tt-metal/tt_metal/hw/firmware/src/tt-1xx/ncrisck.cc:22:
/localdev/svuckovic/_workspace/repos/tt-xla/third_party/tt-mlir/src/tt-mlir//third_party/tt-metal/src/tt-metal/ttnn/cpp/ttnn/operations/data_movement/concat/device/kernels/dataflow/reader_concat_stick_layout_interleaved_start_id.cpp: In function 'void kernel_main()':
/localdev/svuckovic/_workspace/repos/tt-xla/third_party/tt-mlir/src/tt-mlir//third_party/tt-metal/src/tt-metal/ttnn/cpp/ttnn/operations/data_movement/concat/device/kernels/dataflow/reader_concat_stick_layout_interleaved_start_id.cpp:29:14: warning: variable 'num_pages_per_block' set but not used [-Wunused-but-set-variable]
   29 |     uint32_t num_pages_per_block[num_tensors];
      |              ^~~~~~~~~~~~~~~~~~~
Building ncrisc, compile step:
cd /data/svuckovic/.cache/tt-metal-cache/15546448249451378817/kernels/reader_concat_stick_layout_interleaved_start_id/16324678588675975306/ncrisc/ && /localdev/svuckovic/_workspace/repos/tt-xla/third_party/tt-mlir/src/tt-mlir//third_party/tt-metal/src/tt-metal/runtime/sfpi/compiler/bin/riscv-tt-elf-g++ -O2 -std=c++17 -ftt-nttp -ftt-constinit -ftt-consteval -ftt-no-dyninit -flto=auto -ffast-math -fno-exceptions -fno-rtti -fno-use-cxa-atexit -MMD -Wall -Werror -Wno-error=deprecated-declarations -Wno-error=multistatement-macros -Wno-error=parentheses -Wno-error=unused-but-set-variable -Wno-unused-variable -Wno-unused-function -mcpu=tt-bh -fno-tree-loop-distribute-patterns -I. -I.. -I/localdev/svuckovic/_workspace/repos/tt-xla/third_party/tt-mlir/src/tt-mlir//third_party/tt-metal/src/tt-metal/ -I/localdev/svuckovic/_workspace/repos/tt-xla/third_party/tt-mlir/src/tt-mlir//third_party/tt-metal/src/tt-metal/ttnn -I/localdev/svuckovic/_workspace/repos/tt-xla/third_party/tt-mlir/src/tt-mlir//third_party/tt-metal/src/tt-metal/ttnn/cpp -I/localdev/svuckovic/_workspace/repos/tt-xla/third_party/tt-mlir/src/tt-mlir//third_party/tt-metal/src/tt-metal/tt_metal -I/localdev/svuckovic/_workspace/repos/tt-xla/third_party/tt-mlir/src/tt-mlir//third_party/tt-metal/src/tt-metal/tt_metal/hw/inc -I/localdev/svuckovic/_workspace/repos/tt-xla/third_party/tt-mlir/src/tt-mlir//third_party/tt-metal/src/tt-metal/tt_metal/tt-llk/common -I/localdev/svuckovic/_workspace/repos/tt-xla/third_party/tt-mlir/src/tt-mlir//third_party/tt-metal/src/tt-metal/tt_metal/hostdevcommon/api -I/localdev/svuckovic/_workspace/repos/tt-xla/third_party/tt-mlir/src/tt-mlir//third_party/tt-metal/src/tt-metal/tt_metal/api/ -I/localdev/svuckovic/_workspace/repos/tt-xla/third_party/tt-mlir/src/tt-mlir//third_party/tt-metal/src/tt-metal/tt_metal/hw/ckernels/blackhole/metal/common -I/localdev/svuckovic/_workspace/repos/tt-xla/third_party/tt-mlir/src/tt-mlir//third_party/tt-metal/src/tt-metal/tt_metal/hw/ckernels/blackhole/metal/llk_io -I/localdev/svuckovic/_workspace/repos/tt-xla/third_party/tt-mlir/src/tt-mlir//third_party/tt-metal/src/tt-metal/tt_metal/hw/inc/internal/tt-1xx -I/localdev/svuckovic/_workspace/repos/tt-xla/third_party/tt-mlir/src/tt-mlir//third_party/tt-metal/src/tt-metal/tt_metal/hw/inc/internal/tt-1xx/blackhole -I/localdev/svuckovic/_workspace/repos/tt-xla/third_party/tt-mlir/src/tt-mlir//third_party/tt-metal/src/tt-metal/tt_metal/hw/inc/internal/tt-1xx/blackhole/blackhole_defines -I/localdev/svuckovic/_workspace/repos/tt-xla/third_party/tt-mlir/src/tt-mlir//third_party/tt-metal/src/tt-metal/tt_metal/hw/inc/internal/tt-1xx/blackhole/noc -I/localdev/svuckovic/_workspace/repos/tt-xla/third_party/tt-mlir/src/tt-mlir//third_party/tt-metal/src/tt-metal/tt_metal/tt-llk/tt_llk_blackhole/common/inc -I/localdev/svuckovic/_workspace/repos/tt-xla/third_party/tt-mlir/src/tt-mlir//third_party/tt-metal/src/tt-metal/tt_metal/tt-llk/tt_llk_blackhole/llk_lib -I/localdev/svuckovic/_workspace/repos/tt-xla/third_party/tt-mlir/src/tt-mlir//third_party/tt-metal/src/tt-metal/tt_metal/hw/firmware/src/tt-1xx -I/localdev/svuckovic/_workspace/repos/tt-xla/third_party/tt-mlir/src/tt-mlir//third_party/tt-metal/src/tt-metal/ttnn/cpp/ttnn/operations/data_movement/concat/device/kernels/dataflow -c -o /data/svuckovic/.cache/tt-metal-cache/15546448249451378817/kernels/reader_concat_stick_layout_interleaved_start_id/16324678588675975306/ncrisc/ncrisck.11126189736204491334.o /localdev/svuckovic/_workspace/repos/tt-xla/third_party/tt-mlir/src/tt-mlir//third_party/tt-metal/src/tt-metal/tt_metal/hw/firmware/src/tt-1xx/ncrisck.cc -MF /data/svuckovic/.cache/tt-metal-cache/15546448249451378817/kernels/reader_concat_stick_layout_interleaved_start_id/16324678588675975306/ncrisc/ncrisck.11126189736204491334.d -DIS_NOT_POW2_NUM_L1_BANKS=1 -DLOG_BASE_2_OF_NUM_DRAM_BANKS=3 -DNUM_DRAM_BANKS=8 -DNUM_L1_BANKS=110 -DPCIE_NOC_X=19 -DPCIE_NOC_Y=24 -DTENSIX_FIRMWARE -DLOCAL_MEM_EN=0 -DPROCESSOR_INDEX=1 -DCOMPILE_FOR_NCRISC -DARCH_BLACKHOLE -DDISPATCH_MESSAGE_ADDR=4290184248 -DKERNEL_BUILD -DFULL_KERNEL_NAME="\"reader_concat_stick_layout_interleaved_start_id/16324678588675975306/\"" -DFABRIC_1D_PKT_HDR_EXTENSION_WORDS='0' -DROUTING_MODE='145' -DWIDTH_CONCAT='1' -DNOC_INDEX='0' -DNOC_MODE='0' -DKERNEL_COMPILE_TIME_ARGS=0,3,1536,1536,1536,2,1536,2,1536,2,1536 
In file included from ../kernel_includes.hpp:1,
                 from /localdev/svuckovic/_workspace/repos/tt-xla/third_party/tt-mlir/src/tt-mlir//third_party/tt-metal/src/tt-metal/tt_metal/hw/firmware/src/tt-1xx/ncrisck.cc:22:
/localdev/svuckovic/_workspace/repos/tt-xla/third_party/tt-mlir/src/tt-mlir//third_party/tt-metal/src/tt-metal/ttnn/cpp/ttnn/operations/data_movement/concat/device/kernels/dataflow/reader_concat_stick_layout_interleaved_start_id.cpp: In function 'void kernel_main()':
/localdev/svuckovic/_workspace/repos/tt-xla/third_party/tt-mlir/src/tt-mlir//third_party/tt-metal/src/tt-metal/ttnn/cpp/ttnn/operations/data_movement/concat/device/kernels/dataflow/reader_concat_stick_layout_interleaved_start_id.cpp:29:14: warning: variable 'num_pages_per_block' set but not used [-Wunused-but-set-variable]
   29 |     uint32_t num_pages_per_block[num_tensors];
      |              ^~~~~~~~~~~~~~~~~~~
Device: MeshDevice(1x4 grid, 4 devices)
nanobind: leaked 1 instances!
 - leaked instance 0x79e2b8fca268 of type "ttnn._ttnn.tensor.CoreRangeSet"
nanobind: leaked 13 types!
 - leaked type "ttnn._ttnn.operations.matmul.MatmulMultiCoreReuseMultiCast1DProgramConfig"
 - leaked type "ttnn._ttnn.operations.matmul.MatmulInputs"
 - leaked type "ttnn._ttnn.operations.matmul.MatmulMultiCoreReuseMultiCastBatchedDRAMShardedProgramConfig"
 - leaked type "UnaryOpType"
 - leaked type "ttnn._ttnn.operations.matmul.MatmulMultiCoreReuseOptimizedProgramFactory"
 - leaked type "ttnn._ttnn.operations.matmul.MatmulParams"
 - leaked type "ttnn._ttnn.tensor.CoreRangeSet"
 - leaked type "ttnn._ttnn.operations.matmul.MatmulMultiCoreReuseProgramConfig"
 - leaked type "ttnn._ttnn.operations.matmul.MatmulDeviceOperation"
 - leaked type "ttnn._ttnn.tensor.Tensor"
 - ... skipped remainder
nanobind: leaked 199 functions!
 - leaked function ""
 - leaked function "get_current_command_queue_id_for_thread"
 - leaked function "from_json"
 - leaked function ""
 - leaked function "buffer_page_size"
 - leaked function ""
 - leaked function "from_json"
 - leaked function ""
 - leaked function ""
 - leaked function ""
 - ... skipped remainder
nanobind: this is likely caused by a reference counting issue in the binding code.
See https://nanobind.readthedocs.io/en/latest/refleaks.html