=== check: pytest main.py ===
FAILED
============================= test session starts ==============================
platform linux -- Python 3.12.3, pytest-9.0.3, pluggy-1.6.0
rootdir: /localdev/svuckovic/_workspace/repos/project-alchemy/ttnn-models/briaai/FIBO/model/graph_0
plugins: jaxtyping-0.3.9, metadata-3.1.1, forked-1.6.0, anyio-4.13.0, json-report-1.5.0, split-0.11.0
collected 1 item

main.py Device: MeshDevice(1x4 grid, 4 devices)
2026-07-09 15:59:59.465 | critical |          Always | TT_FATAL: Input Tensor is not allocated (assert.hpp:104)

PCC: 0.999389
F

=================================== FAILURES ===================================
__________________________________ test_main ___________________________________

    def test_main():
        exact_pcc = 0.999389111995697
    
        device = utils.open_device()
        model = model_ttnn.ModelTTNN(device)
    
        # Use the codegen's own activation loader: it deserializes the captured
        # input tensors already in the exact order the forward method unpacks them
        # (`activations[0..51]`), applying the same layout/dtype/device transforms
        # as any `load_activations_for_*()` helper.
        activations = load_activations_for__main(device)
        outputs = model(activations)
    
        # The DiT runs tensor-parallel on a 1x4 mesh, but `transformer.proj_out` is
        # not sharded (see xla.py's shard spec), so the output is replicated across
        # all 4 devices. Pull a single shard back to host to convert it to torch;
        # `ttnn.to_torch` on the whole multi-device tensor would need a composer.
        output_host = ttnn.from_device(outputs[0])
        output_shard = ttnn.get_device_tensors(output_host)[0]
        ttnn_output = ttnn.to_torch(output_shard).to(torch.float32)
    
        golden_output = model_pt.run_pytorch_model().to(torch.float32)
    
        pcc = calculate_pcc(ttnn_output, golden_output)
        print(f"\nPCC: {pcc:.6f}")
        assert pcc == exact_pcc, f"PCC {pcc} does not match expected {exact_pcc}"
    
        for i in range(3):
            start = time.perf_counter()
>           outputs = model(activations)
                      ^^^^^^^^^^^^^^^^^^

main.py:571: 
_ _ _ _ _ _ _ _ _ _ _ _ _ _ _ _ _ _ _ _ _ _ _ _ _ _ _ _ _ _ _ _ _ _ _ _ _ _ _ _ 
model_ttnn.py:8: in __call__
    return self.forward(*args, **kwargs)
           ^^^^^^^^^^^^^^^^^^^^^^^^^^^^^
model_ttnn.py:74: in forward
    ttnn_to_layout_584 = ttnn.to_layout(
_ _ _ _ _ _ _ _ _ _ _ _ _ _ _ _ _ _ _ _ _ _ _ _ _ _ _ _ _ _ _ _ _ _ _ _ _ _ _ _ 

self = FastOperation(python_fully_qualified_name='ttnn.to_layout', function=<ttnn._ttnn.operations.core.to_layout_t object at...<function default_postprocess_golden_function_outputs at 0x738ccbc10860>, is_cpp_operation=True, is_experimental=False)
function_args = (ttnn.Tensor(<buffer is not allocated>, shape=Shape([2, 45, 4096]), dtype=DataType::BFLOAT16, layout=Layout::ROW_MAJOR), Layout.TILE, None)
function_kwargs = {'memory_config': MemoryConfig(memory_layout=TensorMemoryLayout::INTERLEAVED,buffer_type=BufferType::DRAM,shard_spec=std::nullopt,nd_shard_spec=std::nullopt,created_with_nd_shard_spec=0)}
cq_id = None, recording = False

    def __call__(self, *function_args, **function_kwargs):
        cq_id = None
        if "queue_id" in function_kwargs:
            cq_id = function_kwargs.pop("queue_id")
        elif "cq_id" in function_kwargs:
            cq_id = function_kwargs.pop("cq_id")
    
        recording = ttnn.graph.is_python_io_recording_enabled()
        if recording:
            ttnn.graph.track_function_start(self.python_fully_qualified_name)
            ttnn.graph.record_python_operation(self.python_fully_qualified_name, function_args, function_kwargs)
            input_tensors = get_all_tensors((function_args, function_kwargs))
            set_tensor_id(input_tensors)
    
        try:
            if cq_id is None:
>               result = self.function(*function_args, **function_kwargs)
                         ^^^^^^^^^^^^^^^^^^^^^^^^^^^^^^^^^^^^^^^^^^^^^^^^
E               RuntimeError: TT_FATAL @ /localdev/svuckovic/_workspace/repos/project-alchemy/tt-metal/ttnn/api/ttnn/device_operation.hpp:451: input_tensor.is_allocated()
E               info:
E               Input Tensor is not allocated
E               backtrace:
E                --- void tt::assert::detail::tt_throw_impl<fmt::v11::fstring<> >(char const*, int, char const*, char const*, fmt::v11::fstring<> const&)
E                --- /localdev/svuckovic/_workspace/repos/project-alchemy/tt-metal/build_Release/lib/_ttnncpp.so(_ZN4ttnn16device_operation6detail6launchITkNS0_22DeviceOperationConceptENS_4prim35TilizeWithValPaddingDeviceOperationEEENT_21tensor_return_value_tERKNS5_22operation_attributes_tERKNS5_13tensor_args_tE+0x349) [0x738d1858ae79]
E                --- ttnn::prim::tilize_with_val_padding(tt::tt_metal::Tensor const&, tt::tt_metal::Shape const&, std::variant<unsigned int, float> const&, std::optional<tt::tt_metal::MemoryConfig> const&, std::optional<tt::tt_metal::DataType> const&, bool, bool, bool, std::optional<tt::tt_metal::CoreRangeSet> const&)
E                --- /localdev/svuckovic/_workspace/repos/project-alchemy/tt-metal/build_Release/lib/_ttnncpp.so(+0xb69eea) [0x738d18569eea]
E                --- /localdev/svuckovic/_workspace/repos/project-alchemy/tt-metal/build_Release/lib/_ttnncpp.so(+0xaff2ab) [0x738d184ff2ab]
E                --- ttnn::tilize_with_val_padding(tt::tt_metal::Tensor const&, tt::tt_metal::Shape const&, std::variant<unsigned int, float>, std::optional<tt::tt_metal::MemoryConfig> const&, std::optional<tt::tt_metal::DataType>, bool, std::optional<tt::tt_metal::CoreRangeSet> const&)
E                --- /localdev/svuckovic/_workspace/repos/project-alchemy/tt-metal/build_Release/lib/_ttnncpp.so(+0xac4ce4) [0x738d184c4ce4]
E                --- ttnn::to_layout(tt::tt_metal::Tensor const&, tt::tt_metal::Layout, std::optional<tt::tt_metal::DataType> const&, std::optional<tt::tt_metal::MemoryConfig> const&, std::optional<tt::tt_metal::CoreRangeSet> const&, float)
E                --- /localdev/svuckovic/_workspace/repos/project-alchemy/tt-xla/python_package/ttnn/_original/_ttnn.so(+0x39a66a) [0x738d19b9a66a]
E                --- /localdev/svuckovic/_workspace/repos/project-alchemy/tt-xla/python_package/ttnn/_original/_ttnn.so(+0x2ed4c5) [0x738d19aed4c5]
E                --- /localdev/svuckovic/_workspace/repos/project-alchemy/tt-xla/venv/bin/python3(_PyObject_Call_Prepend+0x3ab) [0x54adeb]
E                --- /localdev/svuckovic/_workspace/repos/project-alchemy/tt-xla/venv/bin/python3() [0x5a37f8]
E                --- /localdev/svuckovic/_workspace/repos/project-alchemy/tt-xla/venv/bin/python3(PyObject_Call+0x9c) [0x54b45c]
E                --- /localdev/svuckovic/_workspace/repos/project-alchemy/tt-xla/venv/bin/python3(_PyEval_EvalFrameDefault+0x4c32) [0x5db532]
E                --- /localdev/svuckovic/_workspace/repos/project-alchemy/tt-xla/venv/bin/python3(_PyObject_Call_Prepend+0x18a) [0x54abca]
E                --- /localdev/svuckovic/_workspace/repos/project-alchemy/tt-xla/venv/bin/python3() [0x5a37f8]
E                --- /localdev/svuckovic/_workspace/repos/project-alchemy/tt-xla/venv/bin/python3(_PyObject_MakeTpCall+0x13e) [0x54937e]
E                --- /localdev/svuckovic/_workspace/repos/project-alchemy/tt-xla/venv/bin/python3(_PyEval_EvalFrameDefault+0xa89) [0x5d7389]
E                --- /localdev/svuckovic/_workspace/repos/project-alchemy/tt-xla/venv/bin/python3() [0x54cded]
E                --- /localdev/svuckovic/_workspace/repos/project-alchemy/tt-xla/venv/bin/python3(_PyEval_EvalFrameDefault+0x4c32) [0x5db532]
E                --- /localdev/svuckovic/_workspace/repos/project-alchemy/tt-xla/venv/bin/python3(_PyObject_Call_Prepend+0xc2) [0x54ab02]
E                --- /localdev/svuckovic/_workspace/repos/project-alchemy/tt-xla/venv/bin/python3() [0x5a37f8]
E                --- /localdev/svuckovic/_workspace/repos/project-alchemy/tt-xla/venv/bin/python3(_PyObject_MakeTpCall+0x75) [0x5492b5]
E                --- /localdev/svuckovic/_workspace/repos/project-alchemy/tt-xla/venv/bin/python3(_PyEval_EvalFrameDefault+0xa89) [0x5d7389]
E                --- /localdev/svuckovic/_workspace/repos/project-alchemy/tt-xla/venv/bin/python3(_PyObject_Call_Prepend+0x18a) [0x54abca]
E                --- /localdev/svuckovic/_workspace/repos/project-alchemy/tt-xla/venv/bin/python3() [0x5a37f8]
E                --- /localdev/svuckovic/_workspace/repos/project-alchemy/tt-xla/venv/bin/python3(_PyObject_MakeTpCall+0x13e) [0x54937e]
E                --- /localdev/svuckovic/_workspace/repos/project-alchemy/tt-xla/venv/bin/python3(_PyEval_EvalFrameDefault+0xa89) [0x5d7389]
E                --- /localdev/svuckovic/_workspace/repos/project-alchemy/tt-xla/venv/bin/python3(_PyObject_Call_Prepend+0x18a) [0x54abca]
E                --- /localdev/svuckovic/_workspace/repos/project-alchemy/tt-xla/venv/bin/python3() [0x5a37f8]
E                --- /localdev/svuckovic/_workspace/repos/project-alchemy/tt-xla/venv/bin/python3(PyObject_Call+0x9c) [0x54b45c]
E                --- /localdev/svuckovic/_workspace/repos/project-alchemy/tt-xla/venv/bin/python3(_PyEval_EvalFrameDefault+0x4c32) [0x5db532]
E                --- /localdev/svuckovic/_workspace/repos/project-alchemy/tt-xla/venv/bin/python3(_PyObject_Call_Prepend+0x18a) [0x54abca]
E                --- /localdev/svuckovic/_workspace/repos/project-alchemy/tt-xla/venv/bin/python3() [0x5a37f8]
E                --- /localdev/svuckovic/_workspace/repos/project-alchemy/tt-xla/venv/bin/python3(_PyObject_MakeTpCall+0x13e) [0x54937e]
E                --- /localdev/svuckovic/_workspace/repos/project-alchemy/tt-xla/venv/bin/python3(_PyEval_EvalFrameDefault+0xa89) [0x5d7389]
E                --- /localdev/svuckovic/_workspace/repos/project-alchemy/tt-xla/venv/bin/python3(_PyObject_Call_Prepend+0x18a) [0x54abca]
E                --- /localdev/svuckovic/_workspace/repos/project-alchemy/tt-xla/venv/bin/python3() [0x5a37f8]
E                --- /localdev/svuckovic/_workspace/repos/project-alchemy/tt-xla/venv/bin/python3(_PyObject_MakeTpCall+0x13e) [0x54937e]
E                --- /localdev/svuckovic/_workspace/repos/project-alchemy/tt-xla/venv/bin/python3(_PyEval_EvalFrameDefault+0xa89) [0x5d7389]
E                --- /localdev/svuckovic/_workspace/repos/project-alchemy/tt-xla/venv/bin/python3(_PyObject_Call_Prepend+0x18a) [0x54abca]
E                --- /localdev/svuckovic/_workspace/repos/project-alchemy/tt-xla/venv/bin/python3() [0x5a37f8]
E                --- /localdev/svuckovic/_workspace/repos/project-alchemy/tt-xla/venv/bin/python3(_PyObject_MakeTpCall+0x13e) [0x54937e]
E                --- /localdev/svuckovic/_workspace/repos/project-alchemy/tt-xla/venv/bin/python3(_PyEval_EvalFrameDefault+0xa89) [0x5d7389]
E                --- /localdev/svuckovic/_workspace/repos/project-alchemy/tt-xla/venv/bin/python3(PyEval_EvalCode+0x15b) [0x5d58bb]
E                --- /localdev/svuckovic/_workspace/repos/project-alchemy/tt-xla/venv/bin/python3() [0x608b52]
E                --- /localdev/svuckovic/_workspace/repos/project-alchemy/tt-xla/venv/bin/python3() [0x6b5263]
E                --- /localdev/svuckovic/_workspace/repos/project-alchemy/tt-xla/venv/bin/python3(_PyRun_SimpleFileObject+0x1aa) [0x6b4fca]
E                --- /localdev/svuckovic/_workspace/repos/project-alchemy/tt-xla/venv/bin/python3(_PyRun_AnyFileObject+0x4f) [0x6b4dff]
E                --- /localdev/svuckovic/_workspace/repos/project-alchemy/tt-xla/venv/bin/python3(Py_RunMain+0x3b5) [0x6bce65]
E                --- /localdev/svuckovic/_workspace/repos/project-alchemy/tt-xla/venv/bin/python3(Py_BytesMain+0x2d) [0x6bc94d]
E                --- /lib/x86_64-linux-gnu/libc.so.6(+0x2a1ca) [0x738d5d9831ca]
E                --- /lib/x86_64-linux-gnu/libc.so.6(__libc_start_main+0x8b) [0x738d5d98328b]
E                --- /localdev/svuckovic/_workspace/repos/project-alchemy/tt-xla/venv/bin/python3(_start+0x25) [0x657b05]

../../../../../tt-xla/python_package/ttnn/_original/decorators.py:473: RuntimeError
=============================== warnings summary ===============================
<frozen importlib._bootstrap>:488
  <frozen importlib._bootstrap>:488: RuntimeWarning: nanobind: type 'pad_t' was already registered!

<frozen importlib._bootstrap>:488
  <frozen importlib._bootstrap>:488: RuntimeWarning: nanobind: type 'tilize_t' was already registered!

<frozen importlib._bootstrap>:488
  <frozen importlib._bootstrap>:488: RuntimeWarning: nanobind: type 'move_t' was already registered!

<frozen importlib._bootstrap>:488
  <frozen importlib._bootstrap>:488: RuntimeWarning: nanobind: type 'untilize_with_unpadding_t' was already registered!

<frozen importlib._bootstrap>:488
  <frozen importlib._bootstrap>:488: RuntimeWarning: nanobind: type 'slice_t' was already registered!

<frozen importlib._bootstrap>:488
  <frozen importlib._bootstrap>:488: RuntimeWarning: nanobind: type 'transpose_t' was already registered!

<frozen importlib._bootstrap>:488
  <frozen importlib._bootstrap>:488: RuntimeWarning: nanobind: type 'reshard_t' was already registered!

<frozen importlib._bootstrap>:488
  <frozen importlib._bootstrap>:488: RuntimeWarning: nanobind: type 'conv2d_t' was already registered!

<frozen importlib._bootstrap>:488
  <frozen importlib._bootstrap>:488: RuntimeWarning: nanobind: type 'max_pool2d_t' was already registered!

<frozen importlib._bootstrap>:488
  <frozen importlib._bootstrap>:488: RuntimeWarning: nanobind: type 'avg_pool2d_t' was already registered!

<frozen importlib._bootstrap>:488
  <frozen importlib._bootstrap>:488: RuntimeWarning: nanobind: type 'matmul_t' was already registered!

<frozen importlib._bootstrap>:488
  <frozen importlib._bootstrap>:488: RuntimeWarning: nanobind: type 'linear_t' was already registered!

<frozen importlib._bootstrap>:488
  <frozen importlib._bootstrap>:488: RuntimeWarning: nanobind: type 'matmul_batched_weights_t' was already registered!

<frozen importlib._bootstrap>:488
  <frozen importlib._bootstrap>:488: RuntimeWarning: nanobind: type 'addmm_t' was already registered!

<frozen importlib._bootstrap>:488
  <frozen importlib._bootstrap>:488: RuntimeWarning: nanobind: type 'sparse_matmul_t' was already registered!

<frozen importlib._bootstrap>:488
  <frozen importlib._bootstrap>:488: RuntimeWarning: nanobind: type 'remainder_t' was already registered!

<frozen importlib._bootstrap>:488
  <frozen importlib._bootstrap>:488: RuntimeWarning: nanobind: type 'add_t' was already registered!

<frozen importlib._bootstrap>:488
  <frozen importlib._bootstrap>:488: RuntimeWarning: nanobind: type 'add__t' was already registered!

<frozen importlib._bootstrap>:488
  <frozen importlib._bootstrap>:488: RuntimeWarning: nanobind: type 'subtract_t' was already registered!

<frozen importlib._bootstrap>:488
  <frozen importlib._bootstrap>:488: RuntimeWarning: nanobind: type 'subtract__t' was already registered!

<frozen importlib._bootstrap>:488
  <frozen importlib._bootstrap>:488: RuntimeWarning: nanobind: type 'eq_t' was already registered!

<frozen importlib._bootstrap>:488
  <frozen importlib._bootstrap>:488: RuntimeWarning: nanobind: type 'ne_t' was already registered!

<frozen importlib._bootstrap>:488
  <frozen importlib._bootstrap>:488: RuntimeWarning: nanobind: type 'lt_t' was already registered!

<frozen importlib._bootstrap>:488
  <frozen importlib._bootstrap>:488: RuntimeWarning: nanobind: type 'le_t' was already registered!

<frozen importlib._bootstrap>:488
  <frozen importlib._bootstrap>:488: RuntimeWarning: nanobind: type 'gt_t' was already registered!

<frozen importlib._bootstrap>:488
  <frozen importlib._bootstrap>:488: RuntimeWarning: nanobind: type 'ge_t' was already registered!

<frozen importlib._bootstrap>:488
  <frozen importlib._bootstrap>:488: RuntimeWarning: nanobind: type 'logical_and_t' was already registered!

<frozen importlib._bootstrap>:488
  <frozen importlib._bootstrap>:488: RuntimeWarning: nanobind: type 'logical_or_t' was already registered!

<frozen importlib._bootstrap>:488
  <frozen importlib._bootstrap>:488: RuntimeWarning: nanobind: type 'ldexp_t' was already registered!

<frozen importlib._bootstrap>:488
  <frozen importlib._bootstrap>:488: RuntimeWarning: nanobind: type 'logaddexp_t' was already registered!

<frozen importlib._bootstrap>:488
  <frozen importlib._bootstrap>:488: RuntimeWarning: nanobind: type 'logaddexp2_t' was already registered!

<frozen importlib._bootstrap>:488
  <frozen importlib._bootstrap>:488: RuntimeWarning: nanobind: type 'squared_difference_t' was already registered!

<frozen importlib._bootstrap>:488
  <frozen importlib._bootstrap>:488: RuntimeWarning: nanobind: type 'bias_gelu_t' was already registered!

<frozen importlib._bootstrap>:488
  <frozen importlib._bootstrap>:488: RuntimeWarning: nanobind: type 'multiply_t' was already registered!

<frozen importlib._bootstrap>:488
  <frozen importlib._bootstrap>:488: RuntimeWarning: nanobind: type 'divide_t' was already registered!

<frozen importlib._bootstrap>:488
  <frozen importlib._bootstrap>:488: RuntimeWarning: nanobind: type 'xlogy_t' was already registered!

<frozen importlib._bootstrap>:488
  <frozen importlib._bootstrap>:488: RuntimeWarning: nanobind: type 'rsub_t' was already registered!

<frozen importlib._bootstrap>:488
  <frozen importlib._bootstrap>:488: RuntimeWarning: nanobind: type 'bitwise_and_t' was already registered!

<frozen importlib._bootstrap>:488
  <frozen importlib._bootstrap>:488: RuntimeWarning: nanobind: type 'bitwise_or_t' was already registered!

<frozen importlib._bootstrap>:488
  <frozen importlib._bootstrap>:488: RuntimeWarning: nanobind: type 'bitwise_xor_t' was already registered!

<frozen importlib._bootstrap>:488
  <frozen importlib._bootstrap>:488: RuntimeWarning: nanobind: type 'bitwise_left_shift_t' was already registered!

<frozen importlib._bootstrap>:488
  <frozen importlib._bootstrap>:488: RuntimeWarning: nanobind: type 'bitwise_right_shift_t' was already registered!

<frozen importlib._bootstrap>:488
  <frozen importlib._bootstrap>:488: RuntimeWarning: nanobind: type 'logical_left_shift_t' was already registered!

<frozen importlib._bootstrap>:488
  <frozen importlib._bootstrap>:488: RuntimeWarning: nanobind: type 'logical_right_shift_t' was already registered!

<frozen importlib._bootstrap>:488
  <frozen importlib._bootstrap>:488: RuntimeWarning: nanobind: type 'hypot_t' was already registered!

<frozen importlib._bootstrap>:488
  <frozen importlib._bootstrap>:488: RuntimeWarning: nanobind: type 'nextafter_t' was already registered!

<frozen importlib._bootstrap>:488
  <frozen importlib._bootstrap>:488: RuntimeWarning: nanobind: type 'minimum_t' was already registered!

<frozen importlib._bootstrap>:488
  <frozen importlib._bootstrap>:488: RuntimeWarning: nanobind: type 'atan2_t' was already registered!

<frozen importlib._bootstrap>:488
  <frozen importlib._bootstrap>:488: RuntimeWarning: nanobind: type 'logical_xor_t' was already registered!

<frozen importlib._bootstrap>:488
  <frozen importlib._bootstrap>:488: RuntimeWarning: nanobind: type 'logical_or__t' was already registered!

<frozen importlib._bootstrap>:488
  <frozen importlib._bootstrap>:488: RuntimeWarning: nanobind: type 'logical_xor__t' was already registered!

<frozen importlib._bootstrap>:488
  <frozen importlib._bootstrap>:488: RuntimeWarning: nanobind: type 'logical_and__t' was already registered!

<frozen importlib._bootstrap>:488
  <frozen importlib._bootstrap>:488: RuntimeWarning: nanobind: type 'gcd_t' was already registered!

<frozen importlib._bootstrap>:488
  <frozen importlib._bootstrap>:488: RuntimeWarning: nanobind: type 'lcm_t' was already registered!

<frozen importlib._bootstrap>:488
  <frozen importlib._bootstrap>:488: RuntimeWarning: nanobind: type 'addalpha_t' was already registered!

<frozen importlib._bootstrap>:488
  <frozen importlib._bootstrap>:488: RuntimeWarning: nanobind: type 'subalpha_t' was already registered!

<frozen importlib._bootstrap>:488
  <frozen importlib._bootstrap>:488: RuntimeWarning: nanobind: type 'isclose_t' was already registered!

<frozen importlib._bootstrap>:488
  <frozen importlib._bootstrap>:488: RuntimeWarning: nanobind: type 'div_t' was already registered!

<frozen importlib._bootstrap>:488
  <frozen importlib._bootstrap>:488: RuntimeWarning: nanobind: type 'div_no_nan_t' was already registered!

<frozen importlib._bootstrap>:488
  <frozen importlib._bootstrap>:488: RuntimeWarning: nanobind: type 'floor_div_t' was already registered!

<frozen importlib._bootstrap>:488
  <frozen importlib._bootstrap>:488: RuntimeWarning: nanobind: type 'maximum_t' was already registered!

<frozen importlib._bootstrap>:488
  <frozen importlib._bootstrap>:488: RuntimeWarning: nanobind: type 'prelu_t' was already registered!

<frozen importlib._bootstrap>:488
  <frozen importlib._bootstrap>:488: RuntimeWarning: nanobind: type 'outer_t' was already registered!

<frozen importlib._bootstrap>:488
  <frozen importlib._bootstrap>:488: RuntimeWarning: nanobind: type 'polyval_t' was already registered!

<frozen importlib._bootstrap>:488
  <frozen importlib._bootstrap>:488: RuntimeWarning: nanobind: type 'fmod_t' was already registered!

<frozen importlib._bootstrap>:488
  <frozen importlib._bootstrap>:488: RuntimeWarning: nanobind: type 'gt__t' was already registered!

<frozen importlib._bootstrap>:488
  <frozen importlib._bootstrap>:488: RuntimeWarning: nanobind: type 'ge__t' was already registered!

<frozen importlib._bootstrap>:488
  <frozen importlib._bootstrap>:488: RuntimeWarning: nanobind: type 'lt__t' was already registered!

<frozen importlib._bootstrap>:488
  <frozen importlib._bootstrap>:488: RuntimeWarning: nanobind: type 'le__t' was already registered!

<frozen importlib._bootstrap>:488
  <frozen importlib._bootstrap>:488: RuntimeWarning: nanobind: type 'eq__t' was already registered!

<frozen importlib._bootstrap>:488
  <frozen importlib._bootstrap>:488: RuntimeWarning: nanobind: type 'ne__t' was already registered!

<frozen importlib._bootstrap>:488
  <frozen importlib._bootstrap>:488: RuntimeWarning: nanobind: type 'ldexp__t' was already registered!

<frozen importlib._bootstrap>:488
  <frozen importlib._bootstrap>:488: RuntimeWarning: nanobind: type 'logaddexp__t' was already registered!

<frozen importlib._bootstrap>:488
  <frozen importlib._bootstrap>:488: RuntimeWarning: nanobind: type 'logaddexp2__t' was already registered!

<frozen importlib._bootstrap>:488
  <frozen importlib._bootstrap>:488: RuntimeWarning: nanobind: type 'squared_difference__t' was already registered!

<frozen importlib._bootstrap>:488
  <frozen importlib._bootstrap>:488: RuntimeWarning: nanobind: type 'multiply__t' was already registered!

<frozen importlib._bootstrap>:488
  <frozen importlib._bootstrap>:488: RuntimeWarning: nanobind: type 'divide__t' was already registered!

<frozen importlib._bootstrap>:488
  <frozen importlib._bootstrap>:488: RuntimeWarning: nanobind: type 'rsub__t' was already registered!

<frozen importlib._bootstrap>:488
  <frozen importlib._bootstrap>:488: RuntimeWarning: nanobind: type 'bias_gelu__t' was already registered!

<frozen importlib._bootstrap>:488
  <frozen importlib._bootstrap>:488: RuntimeWarning: nanobind: type 'pow_t' was already registered!

-- Docs: https://docs.pytest.org/en/stable/how-to/capture-warnings.html
=========================== short test summary info ============================
FAILED main.py::test_main - RuntimeError: TT_FATAL @ /localdev/svuckovic/_wor...
================== 1 failed, 80 warnings in 233.01s (0:03:53) ==================
2026-07-09 15:56:12.762 | WARNING  | torch_plugin_tt:__init__:40 - TT plugin is setting XLA_STABLEHLO_COMPILE to 1. This is required for TT PJRT plugin to work correctly.
Flax classes are deprecated and will be removed in Diffusers v1.0.0. We recommend migrating to PyTorch classes or pinning your version of Diffusers.
Flax classes are deprecated and will be removed in Diffusers v1.0.0. We recommend migrating to PyTorch classes or pinning your version of Diffusers.

Loading pipeline components...:   0%|          | 0/5 [00:00<?, ?it/s]

Loading checkpoint shards:   0%|          | 0/2 [00:00<?, ?it/s][A
Loading checkpoint shards: 100%|██████████| 2/2 [00:00<00:00, 53.43it/s]
The config attributes {'clip_output': False} were passed to AutoencoderKLWan, but are not expected and will be ignored. Please verify your config.json configuration file.

Loading pipeline components...:  40%|████      | 2/5 [00:00<00:00,  7.09it/s]

Loading weights:   0%|          | 0/326 [00:00<?, ?it/s][A
Loading weights: 100%|██████████| 326/326 [00:00<00:00, 26709.05it/s]

Loading pipeline components...:  80%|████████  | 4/5 [00:00<00:00,  3.73it/s]
Loading pipeline components...: 100%|██████████| 5/5 [00:01<00:00,  5.00it/s]

  0%|          | 0/50 [00:00<?, ?it/s]
  0%|          | 0/50 [01:21<?, ?it/s]
nanobind: leaked 474 instances!
 - leaked instance 0x1bdd3d00 of type "ttnn._ttnn.operations.loss.mse_loss_t"
 - leaked instance 0x1be3f720 of type "ttnn._ttnn.operations.normalization.softmax_in_place_t"
 - leaked instance 0x1b53dcb0 of type "ttnn._ttnn.operations.unary.isneginf_t"
 - leaked instance 0x1bf64f50 of type "ttnn._ttnn.operations.moreh.moreh_mean_t"
 - leaked instance 0x1bdfc0f0 of type "ttnn._ttnn.operations.data_movement.move_t"
 - leaked instance 0x1b579f20 of type "ttnn._ttnn.operations.core.to_layout_t"
 - leaked instance 0x1b5a8650 of type "ttnn._ttnn.operations.unary.unary_chain_t"
 - leaked instance 0x1b9462a0 of type "ttnn._ttnn.operations.unary.logical_not_t"
 - leaked instance 0x1bd34250 of type "ttnn._ttnn.operations.binary.outer_t"
 - leaked instance 0x1bcbacf0 of type "ttnn._ttnn.operations.complex_unary_backward.imag_bw_t"
 - leaked instance 0x1bcb7b10 of type "ttnn._ttnn.operations.complex_unary.angle_t"
 - leaked instance 0x195cf140 of type "ttnn._ttnn.operations.unary.frac_t"
 - leaked instance 0x1bd5e210 of type "ttnn._ttnn.operations.unary_backward.softplus_bw_t"
 - leaked instance 0x1bd34de0 of type "ttnn._ttnn.operations.binary.polyval_t"
 - leaked instance 0x1b68c5d0 of type "ttnn._ttnn.operations.unary.hardsigmoid_t"
 - leaked instance 0x1bbebf70 of type "ttnn._ttnn.operations.unary.bitcast_t"
 - leaked instance 0x1bcf58f0 of type "ttnn._ttnn.operations.binary.floor_div_t"
 - leaked instance 0x1b46b7a0 of type "ttnn._ttnn.operations.unary.isfinite_t"
 - leaked instance 0x1bd1a6d0 of type "ttnn._ttnn.operations.binary.hypot_t"
 - leaked instance 0x1bf75800 of type "ttnn._ttnn.operations.bernoulli.bernoulli_t"
 - ... skipped remainder
nanobind: leaked 534 types!
 - leaked type "ttnn._ttnn.operations.binary.lt__t"
 - leaked type "ttnn._ttnn.operations.binary_backward.xlogy_bw_t"
 - leaked type "ttnn._ttnn.operations.reduction.var_t"
 - leaked type "DispatchCoreAxis"
 - leaked type "ttnn._ttnn.operations.unary.fill_t"
 - leaked type "ttnn._ttnn.operations.data_movement.gather_t"
 - leaked type "ttnn._ttnn.operations.point_to_point.point_to_point_t"
 - leaked type "ttnn._ttnn.operations.ternary.where_t"
 - leaked type "ttnn._ttnn.device.SubDeviceManagerId"
 - leaked type "ttnn._ttnn.operations.binary.pow_t"
 - ... skipped remainder
nanobind: leaked 2344 functions!
 - leaked function ""
 - leaked function "__call__"
 - leaked function ""
 - leaked function ""
 - leaked function "__init__"
 - leaked function "__call__"
 - leaked function ""
 - leaked function ""
 - leaked function "__init__"
 - leaked function ""
 - ... skipped remainder
nanobind: this is likely caused by a reference counting issue in the binding code.
See https://nanobind.readthedocs.io/en/latest/refleaks.html
=== check: verify_weights.py ===
PASSED
verify_weights.py does not exist for step add_perf_logging, as expected