=== check: pytest main.py ===
PASSED
============================= test session starts ==============================
platform linux -- Python 3.12.3, pytest-9.0.3, pluggy-1.6.0
rootdir: /localdev/svuckovic/_workspace/repos/project-alchemy/ttnn-models/briaai/FIBO/model/graph_0
plugins: jaxtyping-0.3.9, metadata-3.1.1, forked-1.6.0, anyio-4.13.0, json-report-1.5.0, split-0.11.0
collected 1 item

main.py .

=============================== warnings summary ===============================
<frozen importlib._bootstrap>:488
  <frozen importlib._bootstrap>:488: RuntimeWarning: nanobind: type 'pad_t' was already registered!

<frozen importlib._bootstrap>:488
  <frozen importlib._bootstrap>:488: RuntimeWarning: nanobind: type 'tilize_t' was already registered!

<frozen importlib._bootstrap>:488
  <frozen importlib._bootstrap>:488: RuntimeWarning: nanobind: type 'move_t' was already registered!

<frozen importlib._bootstrap>:488
  <frozen importlib._bootstrap>:488: RuntimeWarning: nanobind: type 'untilize_with_unpadding_t' was already registered!

<frozen importlib._bootstrap>:488
  <frozen importlib._bootstrap>:488: RuntimeWarning: nanobind: type 'slice_t' was already registered!

<frozen importlib._bootstrap>:488
  <frozen importlib._bootstrap>:488: RuntimeWarning: nanobind: type 'transpose_t' was already registered!

<frozen importlib._bootstrap>:488
  <frozen importlib._bootstrap>:488: RuntimeWarning: nanobind: type 'reshard_t' was already registered!

<frozen importlib._bootstrap>:488
  <frozen importlib._bootstrap>:488: RuntimeWarning: nanobind: type 'conv2d_t' was already registered!

<frozen importlib._bootstrap>:488
  <frozen importlib._bootstrap>:488: RuntimeWarning: nanobind: type 'max_pool2d_t' was already registered!

<frozen importlib._bootstrap>:488
  <frozen importlib._bootstrap>:488: RuntimeWarning: nanobind: type 'avg_pool2d_t' was already registered!

<frozen importlib._bootstrap>:488
  <frozen importlib._bootstrap>:488: RuntimeWarning: nanobind: type 'matmul_t' was already registered!

<frozen importlib._bootstrap>:488
  <frozen importlib._bootstrap>:488: RuntimeWarning: nanobind: type 'linear_t' was already registered!

<frozen importlib._bootstrap>:488
  <frozen importlib._bootstrap>:488: RuntimeWarning: nanobind: type 'matmul_batched_weights_t' was already registered!

<frozen importlib._bootstrap>:488
  <frozen importlib._bootstrap>:488: RuntimeWarning: nanobind: type 'addmm_t' was already registered!

<frozen importlib._bootstrap>:488
  <frozen importlib._bootstrap>:488: RuntimeWarning: nanobind: type 'sparse_matmul_t' was already registered!

<frozen importlib._bootstrap>:488
  <frozen importlib._bootstrap>:488: RuntimeWarning: nanobind: type 'remainder_t' was already registered!

<frozen importlib._bootstrap>:488
  <frozen importlib._bootstrap>:488: RuntimeWarning: nanobind: type 'add_t' was already registered!

<frozen importlib._bootstrap>:488
  <frozen importlib._bootstrap>:488: RuntimeWarning: nanobind: type 'add__t' was already registered!

<frozen importlib._bootstrap>:488
  <frozen importlib._bootstrap>:488: RuntimeWarning: nanobind: type 'subtract_t' was already registered!

<frozen importlib._bootstrap>:488
  <frozen importlib._bootstrap>:488: RuntimeWarning: nanobind: type 'subtract__t' was already registered!

<frozen importlib._bootstrap>:488
  <frozen importlib._bootstrap>:488: RuntimeWarning: nanobind: type 'eq_t' was already registered!

<frozen importlib._bootstrap>:488
  <frozen importlib._bootstrap>:488: RuntimeWarning: nanobind: type 'ne_t' was already registered!

<frozen importlib._bootstrap>:488
  <frozen importlib._bootstrap>:488: RuntimeWarning: nanobind: type 'lt_t' was already registered!

<frozen importlib._bootstrap>:488
  <frozen importlib._bootstrap>:488: RuntimeWarning: nanobind: type 'le_t' was already registered!

<frozen importlib._bootstrap>:488
  <frozen importlib._bootstrap>:488: RuntimeWarning: nanobind: type 'gt_t' was already registered!

<frozen importlib._bootstrap>:488
  <frozen importlib._bootstrap>:488: RuntimeWarning: nanobind: type 'ge_t' was already registered!

<frozen importlib._bootstrap>:488
  <frozen importlib._bootstrap>:488: RuntimeWarning: nanobind: type 'logical_and_t' was already registered!

<frozen importlib._bootstrap>:488
  <frozen importlib._bootstrap>:488: RuntimeWarning: nanobind: type 'logical_or_t' was already registered!

<frozen importlib._bootstrap>:488
  <frozen importlib._bootstrap>:488: RuntimeWarning: nanobind: type 'ldexp_t' was already registered!

<frozen importlib._bootstrap>:488
  <frozen importlib._bootstrap>:488: RuntimeWarning: nanobind: type 'logaddexp_t' was already registered!

<frozen importlib._bootstrap>:488
  <frozen importlib._bootstrap>:488: RuntimeWarning: nanobind: type 'logaddexp2_t' was already registered!

<frozen importlib._bootstrap>:488
  <frozen importlib._bootstrap>:488: RuntimeWarning: nanobind: type 'squared_difference_t' was already registered!

<frozen importlib._bootstrap>:488
  <frozen importlib._bootstrap>:488: RuntimeWarning: nanobind: type 'bias_gelu_t' was already registered!

<frozen importlib._bootstrap>:488
  <frozen importlib._bootstrap>:488: RuntimeWarning: nanobind: type 'multiply_t' was already registered!

<frozen importlib._bootstrap>:488
  <frozen importlib._bootstrap>:488: RuntimeWarning: nanobind: type 'divide_t' was already registered!

<frozen importlib._bootstrap>:488
  <frozen importlib._bootstrap>:488: RuntimeWarning: nanobind: type 'xlogy_t' was already registered!

<frozen importlib._bootstrap>:488
  <frozen importlib._bootstrap>:488: RuntimeWarning: nanobind: type 'rsub_t' was already registered!

<frozen importlib._bootstrap>:488
  <frozen importlib._bootstrap>:488: RuntimeWarning: nanobind: type 'bitwise_and_t' was already registered!

<frozen importlib._bootstrap>:488
  <frozen importlib._bootstrap>:488: RuntimeWarning: nanobind: type 'bitwise_or_t' was already registered!

<frozen importlib._bootstrap>:488
  <frozen importlib._bootstrap>:488: RuntimeWarning: nanobind: type 'bitwise_xor_t' was already registered!

<frozen importlib._bootstrap>:488
  <frozen importlib._bootstrap>:488: RuntimeWarning: nanobind: type 'bitwise_left_shift_t' was already registered!

<frozen importlib._bootstrap>:488
  <frozen importlib._bootstrap>:488: RuntimeWarning: nanobind: type 'bitwise_right_shift_t' was already registered!

<frozen importlib._bootstrap>:488
  <frozen importlib._bootstrap>:488: RuntimeWarning: nanobind: type 'logical_left_shift_t' was already registered!

<frozen importlib._bootstrap>:488
  <frozen importlib._bootstrap>:488: RuntimeWarning: nanobind: type 'logical_right_shift_t' was already registered!

<frozen importlib._bootstrap>:488
  <frozen importlib._bootstrap>:488: RuntimeWarning: nanobind: type 'hypot_t' was already registered!

<frozen importlib._bootstrap>:488
  <frozen importlib._bootstrap>:488: RuntimeWarning: nanobind: type 'nextafter_t' was already registered!

<frozen importlib._bootstrap>:488
  <frozen importlib._bootstrap>:488: RuntimeWarning: nanobind: type 'minimum_t' was already registered!

<frozen importlib._bootstrap>:488
  <frozen importlib._bootstrap>:488: RuntimeWarning: nanobind: type 'atan2_t' was already registered!

<frozen importlib._bootstrap>:488
  <frozen importlib._bootstrap>:488: RuntimeWarning: nanobind: type 'logical_xor_t' was already registered!

<frozen importlib._bootstrap>:488
  <frozen importlib._bootstrap>:488: RuntimeWarning: nanobind: type 'logical_or__t' was already registered!

<frozen importlib._bootstrap>:488
  <frozen importlib._bootstrap>:488: RuntimeWarning: nanobind: type 'logical_xor__t' was already registered!

<frozen importlib._bootstrap>:488
  <frozen importlib._bootstrap>:488: RuntimeWarning: nanobind: type 'logical_and__t' was already registered!

<frozen importlib._bootstrap>:488
  <frozen importlib._bootstrap>:488: RuntimeWarning: nanobind: type 'gcd_t' was already registered!

<frozen importlib._bootstrap>:488
  <frozen importlib._bootstrap>:488: RuntimeWarning: nanobind: type 'lcm_t' was already registered!

<frozen importlib._bootstrap>:488
  <frozen importlib._bootstrap>:488: RuntimeWarning: nanobind: type 'addalpha_t' was already registered!

<frozen importlib._bootstrap>:488
  <frozen importlib._bootstrap>:488: RuntimeWarning: nanobind: type 'subalpha_t' was already registered!

<frozen importlib._bootstrap>:488
  <frozen importlib._bootstrap>:488: RuntimeWarning: nanobind: type 'isclose_t' was already registered!

<frozen importlib._bootstrap>:488
  <frozen importlib._bootstrap>:488: RuntimeWarning: nanobind: type 'div_t' was already registered!

<frozen importlib._bootstrap>:488
  <frozen importlib._bootstrap>:488: RuntimeWarning: nanobind: type 'div_no_nan_t' was already registered!

<frozen importlib._bootstrap>:488
  <frozen importlib._bootstrap>:488: RuntimeWarning: nanobind: type 'floor_div_t' was already registered!

<frozen importlib._bootstrap>:488
  <frozen importlib._bootstrap>:488: RuntimeWarning: nanobind: type 'maximum_t' was already registered!

<frozen importlib._bootstrap>:488
  <frozen importlib._bootstrap>:488: RuntimeWarning: nanobind: type 'prelu_t' was already registered!

<frozen importlib._bootstrap>:488
  <frozen importlib._bootstrap>:488: RuntimeWarning: nanobind: type 'outer_t' was already registered!

<frozen importlib._bootstrap>:488
  <frozen importlib._bootstrap>:488: RuntimeWarning: nanobind: type 'polyval_t' was already registered!

<frozen importlib._bootstrap>:488
  <frozen importlib._bootstrap>:488: RuntimeWarning: nanobind: type 'fmod_t' was already registered!

<frozen importlib._bootstrap>:488
  <frozen importlib._bootstrap>:488: RuntimeWarning: nanobind: type 'gt__t' was already registered!

<frozen importlib._bootstrap>:488
  <frozen importlib._bootstrap>:488: RuntimeWarning: nanobind: type 'ge__t' was already registered!

<frozen importlib._bootstrap>:488
  <frozen importlib._bootstrap>:488: RuntimeWarning: nanobind: type 'lt__t' was already registered!

<frozen importlib._bootstrap>:488
  <frozen importlib._bootstrap>:488: RuntimeWarning: nanobind: type 'le__t' was already registered!

<frozen importlib._bootstrap>:488
  <frozen importlib._bootstrap>:488: RuntimeWarning: nanobind: type 'eq__t' was already registered!

<frozen importlib._bootstrap>:488
  <frozen importlib._bootstrap>:488: RuntimeWarning: nanobind: type 'ne__t' was already registered!

<frozen importlib._bootstrap>:488
  <frozen importlib._bootstrap>:488: RuntimeWarning: nanobind: type 'ldexp__t' was already registered!

<frozen importlib._bootstrap>:488
  <frozen importlib._bootstrap>:488: RuntimeWarning: nanobind: type 'logaddexp__t' was already registered!

<frozen importlib._bootstrap>:488
  <frozen importlib._bootstrap>:488: RuntimeWarning: nanobind: type 'logaddexp2__t' was already registered!

<frozen importlib._bootstrap>:488
  <frozen importlib._bootstrap>:488: RuntimeWarning: nanobind: type 'squared_difference__t' was already registered!

<frozen importlib._bootstrap>:488
  <frozen importlib._bootstrap>:488: RuntimeWarning: nanobind: type 'multiply__t' was already registered!

<frozen importlib._bootstrap>:488
  <frozen importlib._bootstrap>:488: RuntimeWarning: nanobind: type 'divide__t' was already registered!

<frozen importlib._bootstrap>:488
  <frozen importlib._bootstrap>:488: RuntimeWarning: nanobind: type 'rsub__t' was already registered!

<frozen importlib._bootstrap>:488
  <frozen importlib._bootstrap>:488: RuntimeWarning: nanobind: type 'bias_gelu__t' was already registered!

<frozen importlib._bootstrap>:488
  <frozen importlib._bootstrap>:488: RuntimeWarning: nanobind: type 'pow_t' was already registered!

main.py::test_main
  /localdev/svuckovic/_workspace/repos/project-alchemy/tt-xla/venv/lib/python3.12/site-packages/_pytest/python.py:170: PytestReturnNotNoneWarning: Test functions should return None, but main.py::test_main returned <class 'int'>.
  Did you mean to use `assert` instead of `return`?
  See https://docs.pytest.org/en/stable/how-to/assert.html#return-not-none for more information.
    warnings.warn(

-- Docs: https://docs.pytest.org/en/stable/how-to/capture-warnings.html
======================== 1 passed, 81 warnings in 1.96s ========================
nanobind: leaked 474 instances!
 - leaked instance 0x407423c0 of type "ttnn._ttnn.operations.binary.isclose_t"
 - leaked instance 0x3ded7ba0 of type "ttnn._ttnn.operations.creation.arange_t"
 - leaked instance 0x40738850 of type "ttnn._ttnn.operations.binary.bitwise_xor_t"
 - leaked instance 0x407b4560 of type "ttnn._ttnn.operations.moreh.moreh_matmul_t"
 - leaked instance 0x3df61170 of type "ttnn._ttnn.operations.normalization.rms_norm_post_all_gather_t"
 - leaked instance 0x407bba20 of type "ttnn._ttnn.operations.moreh.moreh_softmin_backward_t"
 - leaked instance 0x406c62c0 of type "ttnn._ttnn.operations.reduction.cumsum_t"
 - leaked instance 0x3de17b10 of type "ttnn._ttnn.operations.data_movement.stack_t"
 - leaked instance 0x400f2e00 of type "ttnn._ttnn.operations.unary.logical_not__t"
 - leaked instance 0x3de62c70 of type "ttnn._ttnn.operations.ternary.snake_beta_t"
 - leaked instance 0x3de7db80 of type "ttnn._ttnn.operations.unary_backward.round_bw_t"
 - leaked instance 0x3de11100 of type "ttnn._ttnn.operations.data_movement.repeat_t"
 - leaked instance 0x407b8480 of type "ttnn._ttnn.operations.moreh.moreh_norm_t"
 - leaked instance 0x407b00e0 of type "ttnn._ttnn.operations.moreh.moreh_group_norm_backward_t"
 - leaked instance 0x3defe530 of type "ttnn._ttnn.operations.data_movement.nonzero_t"
 - leaked instance 0x3fd1aad0 of type "ttnn._ttnn.operations.unary.exp_t"
 - leaked instance 0x3ded87c0 of type "ttnn._ttnn.operations.creation.empty_t"
 - leaked instance 0x3de49360 of type "ttnn._ttnn.operations.binary.le__t"
 - leaked instance 0x3df41a30 of type "ttnn._ttnn.operations.pool.rotate_t"
 - leaked instance 0x3de73ad0 of type "ttnn._ttnn.operations.unary_backward.acos_bw_t"
 - ... skipped remainder
nanobind: leaked 533 types!
 - leaked type "ttnn._ttnn.operations.binary.lt__t"
 - leaked type "ttnn._ttnn.operations.binary_backward.xlogy_bw_t"
 - leaked type "ttnn._ttnn.operations.reduction.var_t"
 - leaked type "DispatchCoreAxis"
 - leaked type "ttnn._ttnn.operations.unary.fill_t"
 - leaked type "ttnn._ttnn.operations.data_movement.gather_t"
 - leaked type "ttnn._ttnn.operations.point_to_point.point_to_point_t"
 - leaked type "ttnn._ttnn.operations.ternary.where_t"
 - leaked type "ttnn._ttnn.device.SubDeviceManagerId"
 - leaked type "ttnn._ttnn.operations.binary.pow_t"
 - ... skipped remainder
nanobind: leaked 2342 functions!
 - leaked function "__call__"
 - leaked function ""
 - leaked function ""
 - leaked function ""
 - leaked function ""
 - leaked function ""
 - leaked function ""
 - leaked function "__init__"
 - leaked function ""
 - leaked function ""
 - ... skipped remainder
nanobind: this is likely caused by a reference counting issue in the binding code.
See https://nanobind.readthedocs.io/en/latest/refleaks.html
=== check: verify_weights.py ===
PASSED
verify_weights.py does not exist for step implement_golden, as expected