=== check: pytest main.py ===
PASSED
============================= test session starts ==============================
platform linux -- Python 3.12.3, pytest-9.0.3, pluggy-1.6.0
rootdir: /home/svuckovic/_workspace/repos/project-alchemy/ttnn-models/zai-org/GLM-4.7/model/graph_0
plugins: jaxtyping-0.3.10, json-report-1.5.0, split-0.11.0, forked-1.6.0, metadata-3.1.1, anyio-4.13.0
collected 1 item

main.py [meta_loading] Resolving shards for zai-org/GLM-4.7 (first 4 layer(s))
[meta_loading] Need 5 shard(s) for first 4 layer(s)
[meta_loading] Downloading shard 1/5: model-00001-of-00092.safetensors
[meta_loading] Downloading shard 2/5: model-00002-of-00092.safetensors
[meta_loading] Downloading shard 3/5: model-00003-of-00092.safetensors
[meta_loading] Downloading shard 4/5: model-00004-of-00092.safetensors
[meta_loading] Downloading shard 5/5: model-00092-of-00092.safetensors
[meta_loading] Resolving shards for zai-org/GLM-4.7 (first 4 layer(s))
[meta_loading] Need 5 shard(s) for first 4 layer(s)
[meta_loading] Downloading shard 1/5: model-00001-of-00092.safetensors
[meta_loading] Downloading shard 2/5: model-00002-of-00092.safetensors
[meta_loading] Downloading shard 3/5: model-00003-of-00092.safetensors
[meta_loading] Downloading shard 4/5: model-00004-of-00092.safetensors
[meta_loading] Downloading shard 5/5: model-00092-of-00092.safetensors

PCC: 0.855469
Run 0: 0.3834s, TPS: 41.73
Run 1: 0.3756s, TPS: 42.59
Run 2: 0.3700s, TPS: 43.25
.

=============================== warnings summary ===============================
main.py: 14 warnings
  /home/svuckovic/_workspace/repos/project-alchemy/tt-xla/venv/lib/python3.12/site-packages/torch/jit/_script.py:362: DeprecationWarning: `torch.jit.script_method` is deprecated. Please switch to `torch.compile` or `torch.export`.
    warnings.warn(

main.py::test_main
  <frozen importlib._bootstrap>:488: DeprecationWarning: builtin type SwigPyPacked has no __module__ attribute

main.py::test_main
  <frozen importlib._bootstrap>:488: DeprecationWarning: builtin type SwigPyObject has no __module__ attribute

-- Docs: https://docs.pytest.org/en/stable/how-to/capture-warnings.html
================== 1 passed, 16 warnings in 336.17s (0:05:36) ==================
2026-06-16 07:53:42.441 | WARNING  | torch_plugin_tt:__init__:40 - TT plugin is setting XLA_STABLEHLO_COMPILE to 1. This is required for TT PJRT plugin to work correctly.
Warning: You are sending unauthenticated requests to the HF Hub. Please set a HF_TOKEN to enable higher rate limits and faster downloads.
sys:1: DeprecationWarning: builtin type swigvarlink has no __module__ attribute
nanobind: leaked 473 instances!
 - leaked instance 0x33e32c70 of type "ttnn._ttnn.operations.moreh.moreh_softmin_t"
 - leaked instance 0x33c33c70 of type "ttnn._ttnn.operations.unary_backward.deg2rad_bw_t"
 - leaked instance 0x314b7ec0 of type "ttnn._ttnn.operations.unary.hardswish_t"
 - leaked instance 0x3354fb00 of type "ttnn._ttnn.operations.unary.nez_t"
 - leaked instance 0x33c1ba00 of type "ttnn._ttnn.operations.unary.tril_t"
 - leaked instance 0x33c86c40 of type "ttnn._ttnn.operations.unary_backward.celu_bw_t"
 - leaked instance 0x33e2c380 of type "ttnn._ttnn.operations.moreh.moreh_sgd_t"
 - leaked instance 0x33e25280 of type "ttnn._ttnn.operations.moreh.moreh_layer_norm_t"
 - leaked instance 0x33c7e9b0 of type "ttnn._ttnn.operations.ternary.addcmul_t"
 - leaked instance 0x33d2b580 of type "ttnn._ttnn.operations.data_movement.tosa_scatter_t"
 - leaked instance 0x33d0eea0 of type "ttnn._ttnn.operations.matmul.matmul_batched_weights_t"
 - leaked instance 0x33cb8470 of type "ttnn._ttnn.operations.binary_backward.div_bw_t"
 - leaked instance 0x33911850 of type "ttnn._ttnn.operations.unary.isposinf_t"
 - leaked instance 0x33e394c0 of type "ttnn._ttnn.operations.bernoulli.bernoulli_t"
 - leaked instance 0x33cb3bc0 of type "ttnn._ttnn.operations.unary_backward.polygamma_bw_t"
 - leaked instance 0x33cca0c0 of type "ttnn._ttnn.operations.complex_unary.angle_t"
 - leaked instance 0x33dd21b0 of type "ttnn._ttnn.operations.experimental.plus_one_t"
 - leaked instance 0x732619c693c8 of type "ttnn._ttnn.tensor.MemoryConfig"
 - leaked instance 0x314b6660 of type "ttnn._ttnn.operations.unary.rad2deg_t"
 - leaked instance 0x33c766e0 of type "ttnn._ttnn.operations.binary.divide__t"
 - ... skipped remainder
nanobind: leaked 533 types!
 - leaked type "ttnn._ttnn.operations.binary.lt__t"
 - leaked type "ttnn._ttnn.operations.binary_backward.xlogy_bw_t"
 - leaked type "ttnn._ttnn.operations.reduction.var_t"
 - leaked type "DispatchCoreAxis"
 - leaked type "ttnn._ttnn.operations.unary.fill_t"
 - leaked type "ttnn._ttnn.operations.data_movement.gather_t"
 - leaked type "ttnn._ttnn.operations.point_to_point.point_to_point_t"
 - leaked type "ttnn._ttnn.operations.ternary.where_t"
 - leaked type "ttnn._ttnn.device.SubDeviceManagerId"
 - leaked type "ttnn._ttnn.operations.binary.pow_t"
 - ... skipped remainder
nanobind: leaked 2337 functions!
 - leaked function "__repr__"
 - leaked function ""
 - leaked function ""
 - leaked function ""
 - leaked function ""
 - leaked function ""
 - leaked function "__call__"
 - leaked function "__call__"
 - leaked function ""
 - leaked function ""
 - ... skipped remainder
nanobind: this is likely caused by a reference counting issue in the binding code.
See https://nanobind.readthedocs.io/en/latest/refleaks.html
=== check: verify_weights.py ===
PASSED
verify_weights.py does not exist for step add_perf_logging, as expected