=== check: pytest main.py ===
PASSED
============================= test session starts ==============================
platform linux -- Python 3.12.3, pytest-9.0.3, pluggy-1.6.0
rootdir: /home/svuckovic/_workspace/repos/project-alchemy/ttnn-models/zai-org/GLM-4.7/model/graph_0
plugins: jaxtyping-0.3.10, json-report-1.5.0, split-0.11.0, forked-1.6.0, metadata-3.1.1, anyio-4.13.0
collected 1 item

main.py [meta_loading] Resolving shards for zai-org/GLM-4.7 (first 4 layer(s))
[meta_loading] Need 5 shard(s) for first 4 layer(s)
[meta_loading] Downloading shard 1/5: model-00001-of-00092.safetensors
[meta_loading] Downloading shard 2/5: model-00002-of-00092.safetensors
[meta_loading] Downloading shard 3/5: model-00003-of-00092.safetensors
[meta_loading] Downloading shard 4/5: model-00004-of-00092.safetensors
[meta_loading] Downloading shard 5/5: model-00092-of-00092.safetensors
[meta_loading] Resolving shards for zai-org/GLM-4.7 (first 4 layer(s))
[meta_loading] Need 5 shard(s) for first 4 layer(s)
[meta_loading] Downloading shard 1/5: model-00001-of-00092.safetensors
[meta_loading] Downloading shard 2/5: model-00002-of-00092.safetensors
[meta_loading] Downloading shard 3/5: model-00003-of-00092.safetensors
[meta_loading] Downloading shard 4/5: model-00004-of-00092.safetensors
[meta_loading] Downloading shard 5/5: model-00092-of-00092.safetensors

PCC: 0.855469
.

=============================== warnings summary ===============================
main.py: 14 warnings
  /home/svuckovic/_workspace/repos/project-alchemy/tt-xla/venv/lib/python3.12/site-packages/torch/jit/_script.py:362: DeprecationWarning: `torch.jit.script_method` is deprecated. Please switch to `torch.compile` or `torch.export`.
    warnings.warn(

main.py::test_main
  <frozen importlib._bootstrap>:488: DeprecationWarning: builtin type SwigPyPacked has no __module__ attribute

main.py::test_main
  <frozen importlib._bootstrap>:488: DeprecationWarning: builtin type SwigPyObject has no __module__ attribute

-- Docs: https://docs.pytest.org/en/stable/how-to/capture-warnings.html
================== 1 passed, 16 warnings in 212.02s (0:03:32) ==================
2026-06-15 14:17:59.137 | WARNING  | torch_plugin_tt:__init__:40 - TT plugin is setting XLA_STABLEHLO_COMPILE to 1. This is required for TT PJRT plugin to work correctly.
Warning: You are sending unauthenticated requests to the HF Hub. Please set a HF_TOKEN to enable higher rate limits and faster downloads.
sys:1: DeprecationWarning: builtin type swigvarlink has no __module__ attribute
nanobind: leaked 473 instances!
 - leaked instance 0x2c79ebc0 of type "ttnn._ttnn.operations.unary.xielu_t"
 - leaked instance 0x2c8b06b0 of type "ttnn._ttnn.operations.examples.composite_example_multiple_return_t"
 - leaked instance 0x2cfc47e0 of type "ttnn._ttnn.operations.loss.l1_loss_t"
 - leaked instance 0x2cffcc70 of type "ttnn._ttnn.operations.data_movement.reshard_t"
 - leaked instance 0x2b665050 of type "ttnn._ttnn.operations.unary.threshold_t"
 - leaked instance 0x2cfeb7b0 of type "ttnn._ttnn.operations.data_movement.tilize_with_val_padding_t"
 - leaked instance 0x2c86bb20 of type "ttnn._ttnn.operations.binary.bitwise_right_shift_t"
 - leaked instance 0x2c51e850 of type "ttnn._ttnn.operations.binary.lt_t"
 - leaked instance 0x2d0e73f0 of type "ttnn._ttnn.operations.moreh.moreh_dot_t"
 - leaked instance 0x2d05e120 of type "ttnn._ttnn.operations.reduction.min_t"
 - leaked instance 0x2c8ae3c0 of type "ttnn._ttnn.operations.unary.isnan_t"
 - leaked instance 0x2cf69630 of type "ttnn._ttnn.operations.unary_backward.asinh_bw_t"
 - leaked instance 0x2cf2c230 of type "ttnn._ttnn.operations.binary.fmod_t"
 - leaked instance 0x2cf53000 of type "ttnn._ttnn.operations.unary_backward.sqrt_bw_t"
 - leaked instance 0x2d0fde00 of type "ttnn._ttnn.operations.rand.rand_t"
 - leaked instance 0x2cef7ae0 of type "ttnn._ttnn.operations.unary_backward.digamma_bw_t"
 - leaked instance 0x2c3e47b0 of type "ttnn._ttnn.operations.unary.heaviside_t"
 - leaked instance 0x2d1027e0 of type "ttnn._ttnn.operations.point_to_point.point_to_point_t"
 - leaked instance 0x2cc45fd0 of type "ttnn._ttnn.operations.unary.fill_t"
 - leaked instance 0x2cf32a10 of type "ttnn._ttnn.operations.binary.eq__t"
 - ... skipped remainder
nanobind: leaked 533 types!
 - leaked type "ttnn._ttnn.operations.binary.lt__t"
 - leaked type "ttnn._ttnn.operations.binary_backward.xlogy_bw_t"
 - leaked type "ttnn._ttnn.operations.reduction.var_t"
 - leaked type "DispatchCoreAxis"
 - leaked type "ttnn._ttnn.operations.unary.fill_t"
 - leaked type "ttnn._ttnn.operations.data_movement.gather_t"
 - leaked type "ttnn._ttnn.operations.point_to_point.point_to_point_t"
 - leaked type "ttnn._ttnn.operations.ternary.where_t"
 - leaked type "ttnn._ttnn.device.SubDeviceManagerId"
 - leaked type "ttnn._ttnn.operations.binary.pow_t"
 - ... skipped remainder
nanobind: leaked 2337 functions!
 - leaked function "unsqueeze_to_4D"
 - leaked function ""
 - leaked function ""
 - leaked function ""
 - leaked function ""
 - leaked function ""
 - leaked function ""
 - leaked function ""
 - leaked function ""
 - leaked function "enable_asynchronous_slow_dispatch"
 - ... skipped remainder
nanobind: this is likely caused by a reference counting issue in the binding code.
See https://nanobind.readthedocs.io/en/latest/refleaks.html
=== check: verify_weights.py ===
PASSED
verify_weights.py does not exist for step classify_ttnn_model, as expected