=== check: pytest main.py ===
PASSED
============================= test session starts ==============================
platform linux -- Python 3.12.3, pytest-9.0.3, pluggy-1.6.0
rootdir: /home/svuckovic/_workspace/repos/project-alchemy/ttnn-models/zai-org/GLM-4.7/model/graph_0
plugins: jaxtyping-0.3.10, json-report-1.5.0, split-0.11.0, forked-1.6.0, metadata-3.1.1, anyio-4.13.0
collected 1 item

main.py Device: MeshDevice(4x8 grid, 32 devices)
[meta_loading] Resolving shards for zai-org/GLM-4.7 (first 4 layer(s))
[meta_loading] Need 5 shard(s) for first 4 layer(s)
[meta_loading] Downloading shard 1/5: model-00001-of-00092.safetensors
[meta_loading] Downloading shard 2/5: model-00002-of-00092.safetensors
[meta_loading] Downloading shard 3/5: model-00003-of-00092.safetensors
[meta_loading] Downloading shard 4/5: model-00004-of-00092.safetensors
[meta_loading] Downloading shard 5/5: model-00092-of-00092.safetensors

PCC: 0.855469
.

=============================== warnings summary ===============================
main.py: 14 warnings
  /home/svuckovic/_workspace/repos/project-alchemy/tt-xla/venv/lib/python3.12/site-packages/torch/jit/_script.py:362: DeprecationWarning: `torch.jit.script_method` is deprecated. Please switch to `torch.compile` or `torch.export`.
    warnings.warn(

main.py::test_main
  <frozen importlib._bootstrap>:488: DeprecationWarning: builtin type SwigPyPacked has no __module__ attribute

main.py::test_main
  <frozen importlib._bootstrap>:488: DeprecationWarning: builtin type SwigPyObject has no __module__ attribute

-- Docs: https://docs.pytest.org/en/stable/how-to/capture-warnings.html
================== 1 passed, 16 warnings in 219.73s (0:03:39) ==================
2026-06-11 17:42:24.639 | WARNING  | torch_plugin_tt:__init__:40 - TT plugin is setting XLA_STABLEHLO_COMPILE to 1. This is required for TT PJRT plugin to work correctly.
Warning: You are sending unauthenticated requests to the HF Hub. Please set a HF_TOKEN to enable higher rate limits and faster downloads.
sys:1: DeprecationWarning: builtin type swigvarlink has no __module__ attribute
nanobind: leaked 473 instances!
 - leaked instance 0x26f880a0 of type "ttnn._ttnn.operations.normalization.group_norm_t"
 - leaked instance 0x26779280 of type "ttnn._ttnn.operations.unary.polygamma_t"
 - leaked instance 0x26f1dfd0 of type "ttnn._ttnn.operations.matmul.matmul_t"
 - leaked instance 0x267238b0 of type "ttnn._ttnn.operations.unary.signbit_t"
 - leaked instance 0x26f1f1f0 of type "ttnn._ttnn.operations.matmul.linear_t"
 - leaked instance 0x7b98f2f41ea8 of type "ttnn._ttnn.device.DispatchCoreConfig"
 - leaked instance 0x26a7f670 of type "ttnn._ttnn.operations.unary.logical_not__t"
 - leaked instance 0x26faf590 of type "ttnn._ttnn.operations.reduction.moe_t"
 - leaked instance 0x7b979f8b53c8 of type "ttnn._ttnn.tensor.MemoryConfig"
 - leaked instance 0x26e0ced0 of type "ttnn._ttnn.operations.creation.ones_like_t"
 - leaked instance 0x26e76800 of type "ttnn._ttnn.operations.binary.polyval_t"
 - leaked instance 0x26e88090 of type "ttnn._ttnn.operations.binary.bias_gelu__t"
 - leaked instance 0x27037a90 of type "ttnn._ttnn.operations.moreh.moreh_matmul_backward_t"
 - leaked instance 0x26fafb60 of type "ttnn._ttnn.operations.reduction.prod_t"
 - leaked instance 0x26e8cc00 of type "ttnn._ttnn.operations.quantization.quantize_t"
 - leaked instance 0x26e12980 of type "ttnn._ttnn.operations.embedding_backward.embedding_bw_t"
 - leaked instance 0x27046880 of type "ttnn._ttnn.operations.moreh.moreh_clip_grad_norm_t"
 - leaked instance 0x26f30460 of type "ttnn._ttnn.operations.data_movement.indexed_fill_t"
 - leaked instance 0x26cf98d0 of type "ttnn._ttnn.operations.core.to_layout_t"
 - leaked instance 0x265926e0 of type "ttnn._ttnn.operations.unary.heaviside_t"
 - ... skipped remainder
nanobind: leaked 533 types!
 - leaked type "ttnn._ttnn.operations.binary.lt__t"
 - leaked type "ttnn._ttnn.operations.binary_backward.xlogy_bw_t"
 - leaked type "ttnn._ttnn.operations.reduction.var_t"
 - leaked type "DispatchCoreAxis"
 - leaked type "ttnn._ttnn.operations.unary.fill_t"
 - leaked type "ttnn._ttnn.operations.data_movement.gather_t"
 - leaked type "ttnn._ttnn.operations.point_to_point.point_to_point_t"
 - leaked type "ttnn._ttnn.operations.ternary.where_t"
 - leaked type "ttnn._ttnn.device.SubDeviceManagerId"
 - leaked type "ttnn._ttnn.operations.binary.pow_t"
 - ... skipped remainder
nanobind: leaked 2337 functions!
 - leaked function ""
 - leaked function ""
 - leaked function "__call__"
 - leaked function ""
 - leaked function ""
 - leaked function "__call__"
 - leaked function ""
 - leaked function ""
 - leaked function ""
 - leaked function ""
 - ... skipped remainder
nanobind: this is likely caused by a reference counting issue in the binding code.
See https://nanobind.readthedocs.io/en/latest/refleaks.html
=== check: verify_weights.py ===
FAILED
============================= test session starts ==============================
platform linux -- Python 3.12.3, pytest-9.0.3, pluggy-1.6.0
rootdir: /home/svuckovic/_workspace/repos/project-alchemy/ttnn-models/zai-org/GLM-4.7/model/graph_0
plugins: jaxtyping-0.3.10, json-report-1.5.0, split-0.11.0, forked-1.6.0, metadata-3.1.1, anyio-4.13.0
collected 1 item

verify_weights.py Device: MeshDevice(4x8 grid, 32 devices)
[meta_loading] Resolving shards for zai-org/GLM-4.7 (first 4 layer(s))
[meta_loading] Need 5 shard(s) for first 4 layer(s)
[meta_loading] Downloading shard 1/5: model-00001-of-00092.safetensors
[meta_loading] Downloading shard 2/5: model-00002-of-00092.safetensors
[meta_loading] Downloading shard 3/5: model-00003-of-00092.safetensors
[meta_loading] Downloading shard 4/5: model-00004-of-00092.safetensors
[meta_loading] Downloading shard 5/5: model-00092-of-00092.safetensors
F

=================================== FAILURES ===================================
_____________________________ test_verify_weights ______________________________

    def test_verify_weights():
        disk_weights = load_weights_for__main()
>       sd_weights = load_weights_for__main_from_state_dict()
                     ^^^^^^^^^^^^^^^^^^^^^^^^^^^^^^^^^^^^^^^^

verify_weights.py:9: 
_ _ _ _ _ _ _ _ _ _ _ _ _ _ _ _ _ _ _ _ _ _ _ _ _ _ _ _ _ _ _ _ _ _ _ _ _ _ _ _ 
params.py:692: in load_weights_for__main_from_state_dict
    pt_tensor = _resolve_state_dict_tensor(key, sd)
                ^^^^^^^^^^^^^^^^^^^^^^^^^^^^^^^^^^^
_ _ _ _ _ _ _ _ _ _ _ _ _ _ _ _ _ _ _ _ _ _ _ _ _ _ _ _ _ _ _ _ _ _ _ _ _ _ _ _ 

key = 'model.model.layers.3.mlp.mlp.expert_mapping'
state_dict = {'model.lm_head.weight': tensor([[ 0.0099, -0.0092,  0.0228,  ...,  0.0503, -0.0140,  0.0112],
        [-0.0067,  0.01...36, -0.0361],
        [ 0.0073,  0.0093, -0.0178,  ..., -0.0150, -0.0209,  0.0190]],
       dtype=torch.bfloat16), ...}

    def _resolve_state_dict_tensor(key, state_dict):
        if key in state_dict:
            return state_dict[key]
    
        alt = key.replace(".mlp.mlp.", ".mlp.")
        if alt in state_dict:
            return state_dict[alt]
    
        if "e_score_correction_bias" in key:
            for sd_key in state_dict:
                if "e_score_correction_bias" in sd_key:
                    return state_dict[sd_key]
    
        for suffix in (".gate_proj", ".up_proj"):
            if not key.endswith(suffix):
                continue
            base = key[: -len(suffix)]
            gup_key = base + ".gate_up_proj"
            if gup_key not in state_dict:
                gup_key = gup_key.replace(".mlp.mlp.", ".mlp.")
            if gup_key in state_dict:
                gup = state_dict[gup_key]
                half = gup.shape[1] // 2
                if suffix == ".gate_proj":
                    return gup[:, :half].contiguous()
                else:
                    return gup[:, half:].contiguous()
    
>       raise KeyError(f"Cannot find state_dict tensor for weight key: {key}")
E       KeyError: 'Cannot find state_dict tensor for weight key: model.model.layers.3.mlp.mlp.expert_mapping'

params.py:674: KeyError
------------------------------ Captured log call -------------------------------
WARNING  huggingface_hub.utils._http:_http.py:904 Warning: You are sending unauthenticated requests to the HF Hub. Please set a HF_TOKEN to enable higher rate limits and faster downloads.
=============================== warnings summary ===============================
verify_weights.py: 14 warnings
  /home/svuckovic/_workspace/repos/project-alchemy/tt-xla/venv/lib/python3.12/site-packages/torch/jit/_script.py:362: DeprecationWarning: `torch.jit.script_method` is deprecated. Please switch to `torch.compile` or `torch.export`.
    warnings.warn(

verify_weights.py::test_verify_weights
  <frozen importlib._bootstrap>:488: DeprecationWarning: builtin type SwigPyPacked has no __module__ attribute

verify_weights.py::test_verify_weights
  <frozen importlib._bootstrap>:488: DeprecationWarning: builtin type SwigPyObject has no __module__ attribute

-- Docs: https://docs.pytest.org/en/stable/how-to/capture-warnings.html
=========================== short test summary info ============================
FAILED verify_weights.py::test_verify_weights - KeyError: 'Cannot find state_...
======================= 1 failed, 16 warnings in 18.87s ========================
2026-06-11 17:46:24.998 | WARNING  | torch_plugin_tt:__init__:40 - TT plugin is setting XLA_STABLEHLO_COMPILE to 1. This is required for TT PJRT plugin to work correctly.
Warning: You are sending unauthenticated requests to the HF Hub. Please set a HF_TOKEN to enable higher rate limits and faster downloads.
sys:1: DeprecationWarning: builtin type swigvarlink has no __module__ attribute
nanobind: leaked 473 instances!
 - leaked instance 0x1ed91470 of type "ttnn._ttnn.operations.unary.sign_t"
 - leaked instance 0x1ed99c70 of type "ttnn._ttnn.operations.unary.hardswish_t"
 - leaked instance 0x2152ab20 of type "ttnn._ttnn.operations.unary_backward.multigammaln_bw_t"
 - leaked instance 0x215341a0 of type "ttnn._ttnn.operations.unary_backward.tan_bw_t"
 - leaked instance 0x2153cb70 of type "ttnn._ttnn.operations.unary_backward.selu_bw_t"
 - leaked instance 0x20e63db0 of type "ttnn._ttnn.operations.unary.logit_t"
 - leaked instance 0x215c9df0 of type "ttnn._ttnn.operations.data_movement.copy_t"
 - leaked instance 0x214cf520 of type "ttnn._ttnn.operations.unary_backward.deg2rad_bw_t"
 - leaked instance 0x214f71f0 of type "ttnn._ttnn.operations.binary.div_t"
 - leaked instance 0x20c340f0 of type "ttnn._ttnn.operations.unary.i1_t"
 - leaked instance 0x2163b620 of type "ttnn._ttnn.operations.reduction.prod_t"
 - leaked instance 0x2155a450 of type "ttnn._ttnn.operations.binary_backward.ldexp_bw_t"
 - leaked instance 0x216b9d10 of type "ttnn._ttnn.operations.moreh.moreh_adam_t"
 - leaked instance 0x214a5f40 of type "ttnn._ttnn.operations.binary.bitwise_and_t"
 - leaked instance 0x21366440 of type "ttnn._ttnn.operations.unary.acosh_t"
 - leaked instance 0x2166e9a0 of type "ttnn._ttnn.operations.experimental.plus_one_t"
 - leaked instance 0x211cf160 of type "ttnn._ttnn.operations.binary.bitwise_right_shift_t"
 - leaked instance 0x21677bc0 of type "ttnn._ttnn.operations.experimental.ccl_experimental.fused_rms_minimal_t"
 - leaked instance 0x2148e9f0 of type "ttnn._ttnn.operations.ccl.reduce_scatter_t"
 - leaked instance 0x20e67350 of type "ttnn._ttnn.operations.unary.normalize_hw_t"
 - ... skipped remainder
nanobind: leaked 532 types!
 - leaked type "ttnn._ttnn.operations.binary.lt__t"
 - leaked type "ttnn._ttnn.operations.binary_backward.xlogy_bw_t"
 - leaked type "ttnn._ttnn.operations.reduction.var_t"
 - leaked type "DispatchCoreAxis"
 - leaked type "ttnn._ttnn.operations.unary.fill_t"
 - leaked type "ttnn._ttnn.operations.data_movement.gather_t"
 - leaked type "ttnn._ttnn.operations.point_to_point.point_to_point_t"
 - leaked type "ttnn._ttnn.operations.ternary.where_t"
 - leaked type "ttnn._ttnn.device.SubDeviceManagerId"
 - leaked type "ttnn._ttnn.operations.binary.pow_t"
 - ... skipped remainder
nanobind: leaked 2335 functions!
 - leaked function ""
 - leaked function ""
 - leaked function "__call__"
 - leaked function "__call__"
 - leaked function ""
 - leaked function ""
 - leaked function ""
 - leaked function ""
 - leaked function "__init__"
 - leaked function ""
 - ... skipped remainder
nanobind: this is likely caused by a reference counting issue in the binding code.
See https://nanobind.readthedocs.io/en/latest/refleaks.html