=== check: pytest main.py ===
PASSED
============================= test session starts ==============================
platform linux -- Python 3.12.3, pytest-9.0.3, pluggy-1.6.0
rootdir: /home/svuckovic/_workspace/repos/project-alchemy/ttnn-models/zai-org/GLM-4.7/model/graph_0
plugins: jaxtyping-0.3.10, json-report-1.5.0, split-0.11.0, forked-1.6.0, metadata-3.1.1, anyio-4.13.0
collected 1 item

main.py [meta_loading] Resolving shards for zai-org/GLM-4.7 (first 4 layer(s))
[meta_loading] Need 5 shard(s) for first 4 layer(s)
[meta_loading] Downloading shard 1/5: model-00001-of-00092.safetensors
[meta_loading] Downloading shard 2/5: model-00002-of-00092.safetensors
[meta_loading] Downloading shard 3/5: model-00003-of-00092.safetensors
[meta_loading] Downloading shard 4/5: model-00004-of-00092.safetensors
[meta_loading] Downloading shard 5/5: model-00092-of-00092.safetensors
[meta_loading] Resolving shards for zai-org/GLM-4.7 (first 4 layer(s))
[meta_loading] Need 5 shard(s) for first 4 layer(s)
[meta_loading] Downloading shard 1/5: model-00001-of-00092.safetensors
[meta_loading] Downloading shard 2/5: model-00002-of-00092.safetensors
[meta_loading] Downloading shard 3/5: model-00003-of-00092.safetensors
[meta_loading] Downloading shard 4/5: model-00004-of-00092.safetensors
[meta_loading] Downloading shard 5/5: model-00092-of-00092.safetensors

PCC: 0.855469
.

=============================== warnings summary ===============================
main.py: 14 warnings
  /home/svuckovic/_workspace/repos/project-alchemy/tt-xla/venv/lib/python3.12/site-packages/torch/jit/_script.py:362: DeprecationWarning: `torch.jit.script_method` is deprecated. Please switch to `torch.compile` or `torch.export`.
    warnings.warn(

main.py::test_main
  <frozen importlib._bootstrap>:488: DeprecationWarning: builtin type SwigPyPacked has no __module__ attribute

main.py::test_main
  <frozen importlib._bootstrap>:488: DeprecationWarning: builtin type SwigPyObject has no __module__ attribute

-- Docs: https://docs.pytest.org/en/stable/how-to/capture-warnings.html
================== 1 passed, 16 warnings in 219.09s (0:03:39) ==================
2026-06-15 15:10:46.790 | WARNING  | torch_plugin_tt:__init__:40 - TT plugin is setting XLA_STABLEHLO_COMPILE to 1. This is required for TT PJRT plugin to work correctly.
Warning: You are sending unauthenticated requests to the HF Hub. Please set a HF_TOKEN to enable higher rate limits and faster downloads.
sys:1: DeprecationWarning: builtin type swigvarlink has no __module__ attribute
nanobind: leaked 473 instances!
 - leaked instance 0x94b0de0 of type "ttnn._ttnn.operations.binary_backward.add_bw_t"
 - leaked instance 0x9598100 of type "ttnn._ttnn.operations.reduction.ema_t"
 - leaked instance 0x92bc7f0 of type "ttnn._ttnn.operations.unary.cos_t"
 - leaked instance 0x952b970 of type "ttnn._ttnn.operations.data_movement.expand_t"
 - leaked instance 0x8cd5330 of type "ttnn._ttnn.operations.unary.ltz_t"
 - leaked instance 0x947e1e0 of type "ttnn._ttnn.operations.unary_backward.clip_bw_t"
 - leaked instance 0x6c86770 of type "ttnn._ttnn.operations.unary.log_sigmoid_t"
 - leaked instance 0x9488f50 of type "ttnn._ttnn.operations.unary_backward.rpow_bw_t"
 - leaked instance 0x946e490 of type "ttnn._ttnn.operations.binary.squared_difference__t"
 - leaked instance 0x9406290 of type "ttnn._ttnn.operations.unary.elu_t"
 - leaked instance 0x8d14290 of type "ttnn._ttnn.operations.unary.clip_t"
 - leaked instance 0x94a30c0 of type "ttnn._ttnn.operations.unary_backward.softsign_bw_t"
 - leaked instance 0x9512f10 of type "ttnn._ttnn.operations.data_movement.fill_implicit_tile_padding_t"
 - leaked instance 0x95313d0 of type "ttnn._ttnn.operations.data_movement.view_t"
 - leaked instance 0x8a98da0 of type "ttnn._ttnn.operations.unary.square_t"
 - leaked instance 0x961b4a0 of type "ttnn._ttnn.operations.moreh.moreh_dot_backward_t"
 - leaked instance 0x9359a90 of type "ttnn._ttnn.operations.binary.gt_t"
 - leaked instance 0x947ed70 of type "ttnn._ttnn.operations.unary_backward.hardtanh_bw_t"
 - leaked instance 0x94b3310 of type "ttnn._ttnn.operations.binary_backward.remainder_bw_t"
 - leaked instance 0x93fd820 of type "ttnn._ttnn.operations.embedding.embedding_t"
 - ... skipped remainder
nanobind: leaked 533 types!
 - leaked type "ttnn._ttnn.operations.binary.lt__t"
 - leaked type "ttnn._ttnn.operations.binary_backward.xlogy_bw_t"
 - leaked type "ttnn._ttnn.operations.reduction.var_t"
 - leaked type "DispatchCoreAxis"
 - leaked type "ttnn._ttnn.operations.unary.fill_t"
 - leaked type "ttnn._ttnn.operations.data_movement.gather_t"
 - leaked type "ttnn._ttnn.operations.point_to_point.point_to_point_t"
 - leaked type "ttnn._ttnn.operations.ternary.where_t"
 - leaked type "ttnn._ttnn.device.SubDeviceManagerId"
 - leaked type "ttnn._ttnn.operations.binary.pow_t"
 - ... skipped remainder
nanobind: leaked 2337 functions!
 - leaked function "__call__"
 - leaked function "__init__"
 - leaked function ""
 - leaked function ""
 - leaked function ""
 - leaked function ""
 - leaked function "to_json"
 - leaked function ""
 - leaked function ""
 - leaked function ""
 - ... skipped remainder
nanobind: this is likely caused by a reference counting issue in the binding code.
See https://nanobind.readthedocs.io/en/latest/refleaks.html
=== check: verify_weights.py ===
PASSED
verify_weights.py does not exist for step modularize_ttnn_model, as expected