=== check: pytest main.py ===
FAILED
============================= test session starts ==============================
platform linux -- Python 3.12.3, pytest-9.0.3, pluggy-1.6.0
rootdir: /home/svuckovic/_workspace/repos/project-alchemy/ttnn-models/zai-org/GLM-4.7/model/graph_0
plugins: jaxtyping-0.3.10, json-report-1.5.0, split-0.11.0, forked-1.6.0, metadata-3.1.1, anyio-4.13.0
collected 1 item

main.py [meta_loading] Resolving shards for zai-org/GLM-4.7 (first 4 layer(s))
[meta_loading] Need 5 shard(s) for first 4 layer(s)
[meta_loading] Downloading shard 1/5: model-00001-of-00092.safetensors
[meta_loading] Downloading shard 2/5: model-00002-of-00092.safetensors
[meta_loading] Downloading shard 3/5: model-00003-of-00092.safetensors
[meta_loading] Downloading shard 4/5: model-00004-of-00092.safetensors
[meta_loading] Downloading shard 5/5: model-00092-of-00092.safetensors
F

=================================== FAILURES ===================================
__________________________________ test_main ___________________________________

    def test_main():
        import model_pt
    
        exact_pcc = 0.85546875
    
        device = open_device()
        activations = load_activations_for__main(device)
        model = ModelTTNN(device)
>       outputs = model(activations)
                  ^^^^^^^^^^^^^^^^^^

main.py:2606: 
_ _ _ _ _ _ _ _ _ _ _ _ _ _ _ _ _ _ _ _ _ _ _ _ _ _ _ _ _ _ _ _ _ _ _ _ _ _ _ _ 
model_ttnn.py:7: in __call__
    return self.forward(*args, **kwargs)
           ^^^^^^^^^^^^^^^^^^^^^^^^^^^^^
model_ttnn.py:129: in forward
    hidden_states, kv_k_3, kv_v_3, ttnn_add_10 = self.moe_layer(
model_ttnn.py:7: in __call__
    return self.forward(*args, **kwargs)
           ^^^^^^^^^^^^^^^^^^^^^^^^^^^^^
model_ttnn.py:6164: in forward
    mlp_output, ttnn_add_10 = self.mlp(hidden_states, var_0, var_1, var_2, args_11)
                              ^^^^^^^^^^^^^^^^^^^^^^^^^^^^^^^^^^^^^^^^^^^^^^^^^^^^^
model_ttnn.py:7: in __call__
    return self.forward(*args, **kwargs)
           ^^^^^^^^^^^^^^^^^^^^^^^^^^^^^
_ _ _ _ _ _ _ _ _ _ _ _ _ _ _ _ _ _ _ _ _ _ _ _ _ _ _ _ _ _ _ _ _ _ _ _ _ _ _ _ 

self = <model_ttnn.A2aSparseMLPWithSharedExperts object at 0x76d0691bb4a0>
hidden_states = device_id: 0, MeshCoordinate([0, 0])
ttnn.Tensor([[[ 2.6611e-02,  3.7109e-02,  ...,  4.6387e-02, -1.4801e-03]],

     ...3193e-03,  ..., -3.8147e-04,  2.2411e-04]]], shape=Shape([16, 1, 5120]), dtype=DataType::BFLOAT16, layout=Layout::TILE)
var_0 = device_id: 0, MeshCoordinate([0, 0])
ttnn.Tensor([[ 0.0000]], shape=Shape([1, 1]), dtype=DataType::FLOAT32, layout=Lay... 16, MeshCoordinate([3, 7])
ttnn.Tensor([[ 0.0000]], shape=Shape([1, 1]), dtype=DataType::FLOAT32, layout=Layout::TILE)
var_1 = device_id: 0, MeshCoordinate([0, 0])
ttnn.Tensor([    1], shape=Shape([1]), dtype=DataType::INT32, layout=Layout::TILE...evice_id: 16, MeshCoordinate([3, 7])
ttnn.Tensor([    1], shape=Shape([1]), dtype=DataType::INT32, layout=Layout::TILE)
var_2 = device_id: 0, MeshCoordinate([0, 0])
ttnn.Tensor([[[[    1,     0,  ...,     0,     0],
               [    1,     0, ... [    0,     0,  ...,     0,     1]]]], shape=Shape([1, 1, 160, 32]), dtype=DataType::UINT16, layout=Layout::ROW_MAJOR)
args_11 = device_id: 0, MeshCoordinate([0, 0])
ttnn.Tensor([   17], shape=Shape([1]), dtype=DataType::INT32, layout=Layout::ROW_..._id: 16, MeshCoordinate([3, 7])
ttnn.Tensor([   17], shape=Shape([1]), dtype=DataType::INT32, layout=Layout::ROW_MAJOR)

    def forward(self, hidden_states, var_0, var_1, var_2, args_11):
        ttnn_reshape_64 = ttnn.reshape(
            hidden_states,
            [16, 5120],
            memory_config=ttnn.MemoryConfig(
                ttnn.TensorMemoryLayout.INTERLEAVED, ttnn.BufferType.DRAM, None
            ),
        )
        ttnn_typecast_33 = ttnn.typecast(
            ttnn_reshape_64,
            ttnn.DataType.FLOAT32,
            memory_config=ttnn.MemoryConfig(
                ttnn.TensorMemoryLayout.INTERLEAVED, ttnn.BufferType.DRAM, None
            ),
        )
        ttnn_matmul_14 = ttnn.matmul(
            ttnn_typecast_33,
            self.weights["model.model.layers.3.mlp.mlp.router.gate.weight.t"],
            transpose_a=False,
            transpose_b=False,
            memory_config=ttnn.MemoryConfig(
                ttnn.TensorMemoryLayout.INTERLEAVED, ttnn.BufferType.DRAM, None
            ),
            dtype=ttnn.DataType.FLOAT32,
            program_config=None,
            activation="sigmoid",
            compute_kernel_config=None,
        )
        ttnn.deallocate(ttnn_typecast_33, False)
        ttnn_add_7 = ttnn.add(
            ttnn_matmul_14,
            self.weights["consteval.e_score_correction_bias"],
            dtype=ttnn.DataType.FLOAT32,
            memory_config=ttnn.MemoryConfig(
                ttnn.TensorMemoryLayout.INTERLEAVED, ttnn.BufferType.DRAM, None
            ),
        )
        ttnn_reshape_65 = ttnn.reshape(
            ttnn_add_7,
            [16, 1, 160],
            memory_config=ttnn.MemoryConfig(
                ttnn.TensorMemoryLayout.INTERLEAVED, ttnn.BufferType.DRAM, None
            ),
        )
        ttnn_typecast_34 = ttnn.typecast(
            ttnn_reshape_65,
            ttnn.DataType.BFLOAT16,
            memory_config=ttnn.MemoryConfig(
                ttnn.TensorMemoryLayout.INTERLEAVED, ttnn.BufferType.DRAM, None
            ),
        )
        ttnn.deallocate(ttnn_reshape_65, False)
        v_15, v_16 = ttnn.topk(
            ttnn_typecast_34,
            2,
            -1,
            True,
            True,
            memory_config=ttnn.MemoryConfig(
                ttnn.TensorMemoryLayout.INTERLEAVED, ttnn.BufferType.DRAM, None
            ),
        )
        ttnn.deallocate(v_16, False)
        ttnn.deallocate(ttnn_typecast_34, False)
        ttnn_typecast_35 = ttnn.typecast(
            v_15,
            ttnn.DataType.FLOAT32,
            memory_config=ttnn.MemoryConfig(
                ttnn.TensorMemoryLayout.INTERLEAVED, ttnn.BufferType.DRAM, None
            ),
        )
        ttnn.deallocate(v_15, False)
        ttnn_sum_0 = ttnn.sum(
            ttnn_typecast_35,
            [2],
            False,
            memory_config=ttnn.MemoryConfig(
                ttnn.TensorMemoryLayout.INTERLEAVED, ttnn.BufferType.DRAM, None
            ),
            compute_kernel_config=None,
        )
        ttnn.deallocate(ttnn_typecast_35, False)
        ttnn_typecast_36 = ttnn.typecast(
            ttnn_sum_0,
            ttnn.DataType.BFLOAT16,
            memory_config=ttnn.MemoryConfig(
                ttnn.TensorMemoryLayout.INTERLEAVED, ttnn.BufferType.DRAM, None
            ),
        )
        ttnn.deallocate(ttnn_sum_0, False)
        v_17, v_18 = ttnn.topk(
            ttnn_typecast_36,
            1,
            -1,
            True,
            False,
            memory_config=ttnn.MemoryConfig(
                ttnn.TensorMemoryLayout.INTERLEAVED, ttnn.BufferType.DRAM, None
            ),
        )
        ttnn.deallocate(v_17, False)
        ttnn.deallocate(ttnn_typecast_36, False)
        ttnn_typecast_37 = ttnn.typecast(
            v_18,
            ttnn.DataType.INT32,
            memory_config=ttnn.MemoryConfig(
                ttnn.TensorMemoryLayout.INTERLEAVED, ttnn.BufferType.DRAM, None
            ),
        )
        ttnn.deallocate(v_18, False)
        ttnn_reshape_66 = ttnn.reshape(
            ttnn_typecast_37,
            [16, 1, 1],
            memory_config=ttnn.MemoryConfig(
                ttnn.TensorMemoryLayout.INTERLEAVED, ttnn.BufferType.DRAM, None
            ),
        )
        ttnn.deallocate(ttnn_typecast_37, False)
        ttnn_concat_25 = ttnn.concat(
            [self.weights["consteval.batch_indices_i32"], ttnn_reshape_66],
            2,
            memory_config=ttnn.MemoryConfig(
                ttnn.TensorMemoryLayout.INTERLEAVED, ttnn.BufferType.DRAM, None
            ),
        )
        ttnn.deallocate(ttnn_reshape_66, False)
        ttnn_all_gather_9 = ttnn.all_gather(
            input_tensor=ttnn_concat_25,
            dim=0,
            cluster_axis=0,
            subdevice_id=None,
            memory_config=ttnn.MemoryConfig(
                ttnn.TensorMemoryLayout.INTERLEAVED, ttnn.BufferType.DRAM, None
            ),
            num_links=None,
            topology=ttnn.Topology.Ring,
        )
        ttnn.deallocate(ttnn_concat_25, False)
        ttnn_reshape_67 = ttnn.reshape(
            ttnn_all_gather_9,
            [64, 2],
            memory_config=ttnn.MemoryConfig(
                ttnn.TensorMemoryLayout.INTERLEAVED, ttnn.BufferType.DRAM, None
            ),
        )
        ttnn.deallocate(ttnn_all_gather_9, False)
        ttnn_slice_96 = ttnn.slice(
            ttnn_reshape_67,
            [0, 0],
            [64, 1],
            [1, 1],
            memory_config=ttnn.MemoryConfig(
                ttnn.TensorMemoryLayout.INTERLEAVED, ttnn.BufferType.DRAM, None
            ),
        )
        ttnn_slice_97 = ttnn.slice(
            ttnn_reshape_67,
            [0, 1],
            [64, 2],
            [1, 1],
            memory_config=ttnn.MemoryConfig(
                ttnn.TensorMemoryLayout.INTERLEAVED, ttnn.BufferType.DRAM, None
            ),
        )
        ttnn.deallocate(ttnn_reshape_67, False)
        ttnn_add_8 = ttnn.add(
            ttnn_slice_96,
            ttnn_slice_97,
            dtype=ttnn.DataType.INT32,
            memory_config=ttnn.MemoryConfig(
                ttnn.TensorMemoryLayout.INTERLEAVED, ttnn.BufferType.DRAM, None
            ),
        )
        ttnn.deallocate(ttnn_slice_97, False)
        ttnn.deallocate(ttnn_slice_96, False)
        ttnn_reshape_68 = ttnn.reshape(
            ttnn_add_8,
            [64],
            memory_config=ttnn.MemoryConfig(
                ttnn.TensorMemoryLayout.INTERLEAVED, ttnn.BufferType.DRAM, None
            ),
        )
        ttnn.deallocate(ttnn_add_8, False)
        ttnn_to_layout_51 = ttnn.to_layout(
            ttnn_reshape_68,
            ttnn.Layout.ROW_MAJOR,
            None,
            memory_config=ttnn.MemoryConfig(
                ttnn.TensorMemoryLayout.INTERLEAVED, ttnn.BufferType.DRAM, None
            ),
        )
        ttnn.deallocate(ttnn_reshape_68, False)
        ttnn_scatter_0 = ttnn.scatter(
            input=self.weights["consteval.mesh_zeros"],
            dim=0,
            index=ttnn_to_layout_51,
            src=self.weights["consteval.mesh_ones"],
            memory_config=ttnn.MemoryConfig(
                ttnn.TensorMemoryLayout.INTERLEAVED, ttnn.BufferType.DRAM, None
            ),
        )
        ttnn.deallocate(ttnn_to_layout_51, False)
        ttnn_to_layout_52 = ttnn.to_layout(
            ttnn_scatter_0,
            ttnn.Layout.TILE,
            None,
            memory_config=ttnn.MemoryConfig(
                ttnn.TensorMemoryLayout.INTERLEAVED, ttnn.BufferType.DRAM, None
            ),
        )
        ttnn.deallocate(ttnn_scatter_0, False)
        ttnn_reshape_69 = ttnn.reshape(
            ttnn_to_layout_52,
            [64, 1],
            memory_config=ttnn.MemoryConfig(
                ttnn.TensorMemoryLayout.INTERLEAVED, ttnn.BufferType.DRAM, None
            ),
        )
        ttnn.deallocate(ttnn_to_layout_52, False)
        ttnn_to_layout_53 = ttnn.to_layout(
            ttnn_reshape_69,
            ttnn.Layout.ROW_MAJOR,
            None,
            memory_config=ttnn.MemoryConfig(
                ttnn.TensorMemoryLayout.INTERLEAVED, ttnn.BufferType.DRAM, None
            ),
        )
        ttnn.deallocate(ttnn_reshape_69, False)
        ttnn_mesh_partition_0 = ttnn.mesh_partition(
            input_tensor=ttnn_to_layout_53,
            dim=0,
            cluster_axis=0,
            memory_config=ttnn.MemoryConfig(
                ttnn.TensorMemoryLayout.INTERLEAVED, ttnn.BufferType.DRAM, None
            ),
        )
        ttnn.deallocate(ttnn_to_layout_53, False)
        ttnn_to_layout_54 = ttnn.to_layout(
            ttnn_mesh_partition_0,
            ttnn.Layout.TILE,
            None,
            memory_config=ttnn.MemoryConfig(
                ttnn.TensorMemoryLayout.INTERLEAVED, ttnn.BufferType.DRAM, None
            ),
        )
        ttnn.deallocate(ttnn_mesh_partition_0, False)
        ttnn_repeat_interleave_0 = ttnn.repeat_interleave(
            ttnn_to_layout_54,
            160,
            1,
            memory_config=ttnn.MemoryConfig(
                ttnn.TensorMemoryLayout.INTERLEAVED, ttnn.BufferType.DRAM, None
            ),
        )
        ttnn.deallocate(ttnn_to_layout_54, False)
        ttnn_ne_0 = ttnn.ne(
            ttnn_repeat_interleave_0,
            var_0,
            dtype=ttnn.DataType.BFLOAT16,
            memory_config=ttnn.MemoryConfig(
                ttnn.TensorMemoryLayout.INTERLEAVED, ttnn.BufferType.DRAM, None
            ),
        )
        ttnn.deallocate(ttnn_repeat_interleave_0, False)
        ttnn_typecast_38 = ttnn.typecast(
            ttnn_ne_0,
            ttnn.DataType.FLOAT32,
            memory_config=ttnn.MemoryConfig(
                ttnn.TensorMemoryLayout.INTERLEAVED, ttnn.BufferType.DRAM, None
            ),
        )
        ttnn.deallocate(ttnn_ne_0, False)
        ttnn_where_1 = ttnn.where(
            ttnn_typecast_38,
            ttnn_add_7,
            var_0,
            memory_config=ttnn.MemoryConfig(
                ttnn.TensorMemoryLayout.INTERLEAVED, ttnn.BufferType.DRAM, None
            ),
        )
        ttnn.deallocate(ttnn_typecast_38, False)
        ttnn.deallocate(ttnn_add_7, False)
        ttnn_typecast_39 = ttnn.typecast(
            ttnn_where_1,
            ttnn.DataType.BFLOAT16,
            memory_config=ttnn.MemoryConfig(
                ttnn.TensorMemoryLayout.INTERLEAVED, ttnn.BufferType.DRAM, None
            ),
        )
        ttnn.deallocate(ttnn_where_1, False)
        v_19, v_20 = ttnn.topk(
            ttnn_typecast_39,
            8,
            -1,
            True,
            False,
            memory_config=ttnn.MemoryConfig(
                ttnn.TensorMemoryLayout.INTERLEAVED, ttnn.BufferType.DRAM, None
            ),
        )
        ttnn.deallocate(v_19, False)
        ttnn.deallocate(ttnn_typecast_39, False)
        ttnn_typecast_40 = ttnn.typecast(
            v_20,
            ttnn.DataType.INT32,
            memory_config=ttnn.MemoryConfig(
                ttnn.TensorMemoryLayout.INTERLEAVED, ttnn.BufferType.DRAM, None
            ),
        )
        ttnn.deallocate(v_20, False)
        ttnn_typecast_41 = ttnn.typecast(
            ttnn_typecast_40,
            ttnn.DataType.UINT32,
            memory_config=ttnn.MemoryConfig(
                ttnn.TensorMemoryLayout.INTERLEAVED, ttnn.BufferType.DRAM, None
            ),
        )
        ttnn_reshape_70 = ttnn.reshape(
            ttnn_typecast_41,
            [16, 8, 1],
            memory_config=ttnn.MemoryConfig(
                ttnn.TensorMemoryLayout.INTERLEAVED, ttnn.BufferType.DRAM, None
            ),
        )
        ttnn.deallocate(ttnn_typecast_41, False)
        ttnn_concat_26 = ttnn.concat(
            [self.weights["consteval.moe_batch_indices"], ttnn_reshape_70],
            2,
            memory_config=ttnn.MemoryConfig(
                ttnn.TensorMemoryLayout.INTERLEAVED, ttnn.BufferType.DRAM, None
            ),
        )
        ttnn.deallocate(ttnn_reshape_70, False)
        ttnn_all_gather_10 = ttnn.all_gather(
            input_tensor=ttnn_matmul_14,
            dim=0,
            cluster_axis=0,
            subdevice_id=None,
            memory_config=ttnn.MemoryConfig(
                ttnn.TensorMemoryLayout.INTERLEAVED, ttnn.BufferType.DRAM, None
            ),
            num_links=None,
            topology=ttnn.Topology.Ring,
        )
        ttnn.deallocate(ttnn_matmul_14, False)
        ttnn_reshape_71 = ttnn.reshape(
            ttnn_all_gather_10,
            [10240, 1],
            memory_config=ttnn.MemoryConfig(
                ttnn.TensorMemoryLayout.INTERLEAVED, ttnn.BufferType.DRAM, None
            ),
        )
        ttnn.deallocate(ttnn_all_gather_10, False)
        ttnn_typecast_42 = ttnn.typecast(
            ttnn_concat_26,
            ttnn.DataType.FLOAT32,
            memory_config=ttnn.MemoryConfig(
                ttnn.TensorMemoryLayout.INTERLEAVED, ttnn.BufferType.DRAM, None
            ),
        )
        ttnn.deallocate(ttnn_concat_26, False)
        ttnn_matmul_15 = ttnn.matmul(
            ttnn_typecast_42,
            self.weights["consteval.moe_constants"],
            transpose_a=False,
            transpose_b=False,
            memory_config=ttnn.MemoryConfig(
                ttnn.TensorMemoryLayout.INTERLEAVED, ttnn.BufferType.DRAM, None
            ),
            dtype=ttnn.DataType.FLOAT32,
            program_config=None,
            activation=None,
            compute_kernel_config=None,
        )
        ttnn.deallocate(ttnn_typecast_42, False)
        ttnn_reshape_72 = ttnn.reshape(
            ttnn_matmul_15,
            [128],
            memory_config=ttnn.MemoryConfig(
                ttnn.TensorMemoryLayout.INTERLEAVED, ttnn.BufferType.DRAM, None
            ),
        )
        ttnn.deallocate(ttnn_matmul_15, False)
        ttnn_typecast_43 = ttnn.typecast(
            ttnn_reshape_72,
            ttnn.DataType.UINT32,
            memory_config=ttnn.MemoryConfig(
                ttnn.TensorMemoryLayout.INTERLEAVED, ttnn.BufferType.DRAM, None
            ),
        )
        ttnn.deallocate(ttnn_reshape_72, False)
        ttnn_to_layout_55 = ttnn.to_layout(
            ttnn_typecast_43,
            ttnn.Layout.ROW_MAJOR,
            None,
            memory_config=ttnn.MemoryConfig(
                ttnn.TensorMemoryLayout.INTERLEAVED, ttnn.BufferType.DRAM, None
            ),
        )
        ttnn.deallocate(ttnn_typecast_43, False)
        ttnn_typecast_44 = ttnn.typecast(
            ttnn_reshape_71,
            ttnn.DataType.BFLOAT16,
            memory_config=ttnn.MemoryConfig(
                ttnn.TensorMemoryLayout.INTERLEAVED, ttnn.BufferType.DRAM, None
            ),
        )
        ttnn.deallocate(ttnn_reshape_71, False)
        ttnn_to_layout_56 = ttnn.to_layout(
            ttnn_typecast_44,
            ttnn.Layout.ROW_MAJOR,
            None,
            memory_config=ttnn.MemoryConfig(
                ttnn.TensorMemoryLayout.INTERLEAVED, ttnn.BufferType.DRAM, None
            ),
        )
        ttnn.deallocate(ttnn_typecast_44, False)
        ttnn_embedding_1 = ttnn.embedding(
            ttnn_to_layout_55,
            ttnn_to_layout_56,
            padding_idx=None,
            layout=ttnn.Layout.TILE,
            dtype=ttnn.DataType.BFLOAT16,
            memory_config=ttnn.MemoryConfig(
                ttnn.TensorMemoryLayout.INTERLEAVED, ttnn.BufferType.DRAM, None
            ),
        )
        ttnn.deallocate(ttnn_to_layout_56, False)
        ttnn.deallocate(ttnn_to_layout_55, False)
        ttnn_typecast_45 = ttnn.typecast(
            ttnn_embedding_1,
            ttnn.DataType.FLOAT32,
            memory_config=ttnn.MemoryConfig(
                ttnn.TensorMemoryLayout.INTERLEAVED, ttnn.BufferType.DRAM, None
            ),
        )
        ttnn.deallocate(ttnn_embedding_1, False)
        ttnn_reshape_73 = ttnn.reshape(
            ttnn_typecast_45,
            [16, 8],
            memory_config=ttnn.MemoryConfig(
                ttnn.TensorMemoryLayout.INTERLEAVED, ttnn.BufferType.DRAM, None
            ),
        )
        ttnn_sum_1 = ttnn.sum(
            ttnn_reshape_73,
            [1],
            True,
            memory_config=ttnn.MemoryConfig(
                ttnn.TensorMemoryLayout.INTERLEAVED, ttnn.BufferType.DRAM, None
            ),
            compute_kernel_config=None,
        )
        ttnn.deallocate(ttnn_reshape_73, False)
        ttnn_add_9 = ttnn.add(
            ttnn_sum_1,
            self.weights["consteval.moe_epsilon"],
            dtype=ttnn.DataType.FLOAT32,
            memory_config=ttnn.MemoryConfig(
                ttnn.TensorMemoryLayout.INTERLEAVED, ttnn.BufferType.DRAM, None
            ),
        )
        ttnn.deallocate(ttnn_sum_1, False)
        ttnn_reshape_74 = ttnn.reshape(
            ttnn_add_9,
            [16, 1, 1],
            memory_config=ttnn.MemoryConfig(
                ttnn.TensorMemoryLayout.INTERLEAVED, ttnn.BufferType.DRAM, None
            ),
        )
        ttnn.deallocate(ttnn_add_9, False)
        ttnn_reshape_75 = ttnn.reshape(
            ttnn_typecast_45,
            [16, 1, 8],
            memory_config=ttnn.MemoryConfig(
                ttnn.TensorMemoryLayout.INTERLEAVED, ttnn.BufferType.DRAM, None
            ),
        )
        ttnn.deallocate(ttnn_typecast_45, False)
        ttnn_divide_0 = ttnn.divide(
            ttnn_reshape_75,
            ttnn_reshape_74,
            dtype=ttnn.DataType.FLOAT32,
            memory_config=ttnn.MemoryConfig(
                ttnn.TensorMemoryLayout.INTERLEAVED, ttnn.BufferType.DRAM, None
            ),
        )
        ttnn.deallocate(ttnn_reshape_75, False)
        ttnn.deallocate(ttnn_reshape_74, False)
        ttnn_multiply_3 = ttnn.multiply(
            ttnn_divide_0,
            self.weights["consteval.topk_scaling"],
            dtype=ttnn.DataType.FLOAT32,
            memory_config=ttnn.MemoryConfig(
                ttnn.TensorMemoryLayout.INTERLEAVED, ttnn.BufferType.DRAM, None
            ),
        )
        ttnn.deallocate(ttnn_divide_0, False)
        ttnn_reshape_76 = ttnn.reshape(
            ttnn_typecast_40,
            [16, 8, 1],
            memory_config=ttnn.MemoryConfig(
                ttnn.TensorMemoryLayout.INTERLEAVED, ttnn.BufferType.DRAM, None
            ),
        )
        ttnn_eq_0 = ttnn.eq(
            ttnn_reshape_76,
            self.weights["consteval.expert_indices"],
            dtype=ttnn.DataType.BFLOAT16,
            memory_config=ttnn.MemoryConfig(
                ttnn.TensorMemoryLayout.INTERLEAVED, ttnn.BufferType.DRAM, None
            ),
        )
        ttnn.deallocate(ttnn_reshape_76, False)
        ttnn_typecast_46 = ttnn.typecast(
            ttnn_eq_0,
            ttnn.DataType.FLOAT32,
            memory_config=ttnn.MemoryConfig(
                ttnn.TensorMemoryLayout.INTERLEAVED, ttnn.BufferType.DRAM, None
            ),
        )
        ttnn.deallocate(ttnn_eq_0, False)
        ttnn_matmul_16 = ttnn.matmul(
            ttnn_multiply_3,
            ttnn_typecast_46,
            transpose_a=False,
            transpose_b=False,
            memory_config=ttnn.MemoryConfig(
                ttnn.TensorMemoryLayout.INTERLEAVED, ttnn.BufferType.DRAM, None
            ),
            dtype=ttnn.DataType.FLOAT32,
            program_config=None,
            activation=None,
            compute_kernel_config=None,
        )
        ttnn.deallocate(ttnn_multiply_3, False)
        ttnn_reshape_77 = ttnn.reshape(
            ttnn_matmul_16,
            [1, 16, 160],
            memory_config=ttnn.MemoryConfig(
                ttnn.TensorMemoryLayout.INTERLEAVED, ttnn.BufferType.DRAM, None
            ),
        )
        ttnn_concat_27 = ttnn.concat(
            [ttnn_reshape_77, ttnn_reshape_77, ttnn_reshape_77, ttnn_reshape_77],
            1,
            memory_config=ttnn.MemoryConfig(
                ttnn.TensorMemoryLayout.INTERLEAVED, ttnn.BufferType.DRAM, None
            ),
        )
        ttnn.deallocate(ttnn_reshape_77, False)
        ttnn_all_gather_11 = ttnn.all_gather(
            input_tensor=ttnn_concat_27,
            dim=1,
            cluster_axis=0,
            subdevice_id=None,
            memory_config=ttnn.MemoryConfig(
                ttnn.TensorMemoryLayout.INTERLEAVED, ttnn.BufferType.DRAM, None
            ),
            num_links=None,
            topology=ttnn.Topology.Ring,
        )
        ttnn.deallocate(ttnn_concat_27, False)
        ttnn_reshape_78 = ttnn.reshape(
            ttnn_all_gather_11,
            [1, 1, 256, 160],
            memory_config=ttnn.MemoryConfig(
                ttnn.TensorMemoryLayout.INTERLEAVED, ttnn.BufferType.DRAM, None
            ),
        )
        ttnn.deallocate(ttnn_all_gather_11, False)
        ttnn_reshape_79 = ttnn.reshape(
            hidden_states,
            [16, 1, 1, 5120],
            memory_config=ttnn.MemoryConfig(
                ttnn.TensorMemoryLayout.INTERLEAVED, ttnn.BufferType.DRAM, None
            ),
        )
        ttnn.deallocate(hidden_states, False)
        ttnn_reshape_80 = ttnn.reshape(
            ttnn_typecast_40,
            [16, 1, 1, 8],
            memory_config=ttnn.MemoryConfig(
                ttnn.TensorMemoryLayout.INTERLEAVED, ttnn.BufferType.DRAM, None
            ),
        )
        ttnn.deallocate(ttnn_typecast_40, False)
        ttnn_all_gather_12 = ttnn.all_gather(
            input_tensor=ttnn_reshape_79,
            dim=0,
            cluster_axis=0,
            subdevice_id=None,
            memory_config=ttnn.MemoryConfig(
                ttnn.TensorMemoryLayout.INTERLEAVED, ttnn.BufferType.DRAM, None
            ),
            num_links=None,
            topology=ttnn.Topology.Ring,
        )
        ttnn.deallocate(ttnn_reshape_79, False)
        ttnn_all_gather_13 = ttnn.all_gather(
            input_tensor=ttnn_reshape_80,
            dim=0,
            cluster_axis=0,
            subdevice_id=None,
            memory_config=ttnn.MemoryConfig(
                ttnn.TensorMemoryLayout.INTERLEAVED, ttnn.BufferType.DRAM, None
            ),
            num_links=None,
            topology=ttnn.Topology.Ring,
        )
        ttnn.deallocate(ttnn_reshape_80, False)
        ttnn_to_layout_57 = ttnn.to_layout(
            ttnn_all_gather_12,
            ttnn.Layout.ROW_MAJOR,
            None,
            memory_config=ttnn.MemoryConfig(
                ttnn.TensorMemoryLayout.INTERLEAVED, ttnn.BufferType.DRAM, None
            ),
        )
        ttnn.deallocate(ttnn_all_gather_12, False)
        ttnn_typecast_47 = ttnn.typecast(
            ttnn_all_gather_13,
            ttnn.DataType.UINT16,
            memory_config=ttnn.MemoryConfig(
                ttnn.TensorMemoryLayout.INTERLEAVED, ttnn.BufferType.DRAM, None
            ),
        )
        ttnn.deallocate(ttnn_all_gather_13, False)
        ttnn_from_device_25 = ttnn.from_device(ttnn_typecast_47)
        ttnn.deallocate(ttnn_typecast_47, False)
        ttnn_to_layout_58 = ttnn.to_layout(
            ttnn_from_device_25, ttnn.Layout.ROW_MAJOR, None, memory_config=None
        )
        ttnn.deallocate(ttnn_from_device_25, False)
        ttnn_to_device_74 = ttnn.to_device(
            ttnn_to_layout_58,
>           device=self.device,
                   ^^^^^^^^^^^
            memory_config=ttnn.MemoryConfig(
                ttnn.TensorMemoryLayout.INTERLEAVED, ttnn.BufferType.DRAM, None
            ),
        )
E       AttributeError: 'A2aSparseMLPWithSharedExperts' object has no attribute 'device'

model_ttnn.py:5496: AttributeError
------------------------------ Captured log call -------------------------------
WARNING  huggingface_hub.utils._http:_http.py:904 Warning: You are sending unauthenticated requests to the HF Hub. Please set a HF_TOKEN to enable higher rate limits and faster downloads.
=============================== warnings summary ===============================
main.py: 14 warnings
  /home/svuckovic/_workspace/repos/project-alchemy/tt-xla/venv/lib/python3.12/site-packages/torch/jit/_script.py:362: DeprecationWarning: `torch.jit.script_method` is deprecated. Please switch to `torch.compile` or `torch.export`.
    warnings.warn(

main.py::test_main
  <frozen importlib._bootstrap>:488: DeprecationWarning: builtin type SwigPyPacked has no __module__ attribute

main.py::test_main
  <frozen importlib._bootstrap>:488: DeprecationWarning: builtin type SwigPyObject has no __module__ attribute

-- Docs: https://docs.pytest.org/en/stable/how-to/capture-warnings.html
=========================== short test summary info ============================
FAILED main.py::test_main - AttributeError: 'A2aSparseMLPWithSharedExperts' o...
================== 1 failed, 16 warnings in 169.64s (0:02:49) ==================
2026-06-15 15:44:53.632 | WARNING  | torch_plugin_tt:__init__:40 - TT plugin is setting XLA_STABLEHLO_COMPILE to 1. This is required for TT PJRT plugin to work correctly.
Warning: You are sending unauthenticated requests to the HF Hub. Please set a HF_TOKEN to enable higher rate limits and faster downloads.
sys:1: DeprecationWarning: builtin type swigvarlink has no __module__ attribute
nanobind: leaked 473 instances!
 - leaked instance 0xafa0dd0 of type "ttnn._ttnn.operations.normalization.layer_norm_post_all_gather_t"
 - leaked instance 0xae1df50 of type "ttnn._ttnn.operations.creation.zeros_like_t"
 - leaked instance 0xa97e2f0 of type "ttnn._ttnn.operations.binary.ne_t"
 - leaked instance 0xb0488d0 of type "ttnn._ttnn.operations.moreh.moreh_getitem_t"
 - leaked instance 0xafcd8b0 of type "ttnn._ttnn.operations.kv_cache.update_cache_t"
 - leaked instance 0xa6cacf0 of type "ttnn._ttnn.operations.binary.xlogy_t"
 - leaked instance 0xaeb9270 of type "ttnn._ttnn.operations.unary_backward.acos_bw_t"
 - leaked instance 0xaa8e5e0 of type "ttnn._ttnn.operations.unary.tanhshrink_t"
 - leaked instance 0xa42ffd0 of type "ttnn._ttnn.operations.unary.polygamma_t"
 - leaked instance 0xa3fe690 of type "ttnn._ttnn.operations.binary.logical_and_t"
 - leaked instance 0xaf56410 of type "ttnn._ttnn.operations.data_movement.chunk_t"
 - leaked instance 0xaf42770 of type "ttnn._ttnn.operations.data_movement.nonzero_t"
 - leaked instance 0xb05c290 of type "ttnn._ttnn.operations.full_like.moreh_full_like_t"
 - leaked instance 0xadd3390 of type "ttnn._ttnn.operations.binary.nextafter_t"
 - leaked instance 0x92ea910 of type "ttnn._ttnn.operations.unary.isnan_t"
 - leaked instance 0xb0543f0 of type "ttnn._ttnn.operations.moreh.moreh_softmax_backward_t"
 - leaked instance 0xadda5e0 of type "ttnn._ttnn.operations.unary.eqz_t"
 - leaked instance 0xae77360 of type "ttnn._ttnn.operations.binary.logical_xor__t"
 - leaked instance 0xaef0980 of type "ttnn._ttnn.operations.complex_unary.is_imag_t"
 - leaked instance 0xab435d0 of type "ttnn._ttnn.operations.unary.atan_t"
 - ... skipped remainder
nanobind: leaked 533 types!
 - leaked type "ttnn._ttnn.operations.binary.lt__t"
 - leaked type "ttnn._ttnn.operations.binary_backward.xlogy_bw_t"
 - leaked type "ttnn._ttnn.operations.reduction.var_t"
 - leaked type "DispatchCoreAxis"
 - leaked type "ttnn._ttnn.operations.unary.fill_t"
 - leaked type "ttnn._ttnn.operations.data_movement.gather_t"
 - leaked type "ttnn._ttnn.operations.point_to_point.point_to_point_t"
 - leaked type "ttnn._ttnn.operations.ternary.where_t"
 - leaked type "ttnn._ttnn.device.SubDeviceManagerId"
 - leaked type "ttnn._ttnn.operations.binary.pow_t"
 - ... skipped remainder
nanobind: leaked 2337 functions!
 - leaked function "__call__"
 - leaked function ""
 - leaked function ""
 - leaked function ""
 - leaked function ""
 - leaked function ""
 - leaked function ""
 - leaked function "__call__"
 - leaked function ""
 - leaked function ""
 - ... skipped remainder
nanobind: this is likely caused by a reference counting issue in the binding code.
See https://nanobind.readthedocs.io/en/latest/refleaks.html
=== check: verify_weights.py ===
PASSED
verify_weights.py does not exist for step modularize_ttnn_model, as expected