=== check: pytest main.py ===
PASSED
============================= test session starts ==============================
platform linux -- Python 3.12.3, pytest-9.0.3, pluggy-1.6.0
rootdir: /home/svuckovic/_workspace/repos/project-alchemy/ttnn-models/zai-org/GLM-4.7/model/graph_0
plugins: jaxtyping-0.3.10, json-report-1.5.0, split-0.11.0, forked-1.6.0, metadata-3.1.1, anyio-4.13.0
collected 1 item

main.py [meta_loading] Resolving shards for zai-org/GLM-4.7 (first 4 layer(s))
[meta_loading] Need 5 shard(s) for first 4 layer(s)
[meta_loading] Downloading shard 1/5: model-00001-of-00092.safetensors
[meta_loading] Downloading shard 2/5: model-00002-of-00092.safetensors
[meta_loading] Downloading shard 3/5: model-00003-of-00092.safetensors
[meta_loading] Downloading shard 4/5: model-00004-of-00092.safetensors
[meta_loading] Downloading shard 5/5: model-00092-of-00092.safetensors
[meta_loading] Resolving shards for zai-org/GLM-4.7 (first 4 layer(s))
[meta_loading] Need 5 shard(s) for first 4 layer(s)
[meta_loading] Downloading shard 1/5: model-00001-of-00092.safetensors
[meta_loading] Downloading shard 2/5: model-00002-of-00092.safetensors
[meta_loading] Downloading shard 3/5: model-00003-of-00092.safetensors
[meta_loading] Downloading shard 4/5: model-00004-of-00092.safetensors
[meta_loading] Downloading shard 5/5: model-00092-of-00092.safetensors

PCC: 0.855469
.

=============================== warnings summary ===============================
main.py: 14 warnings
  /home/svuckovic/_workspace/repos/project-alchemy/tt-xla/venv/lib/python3.12/site-packages/torch/jit/_script.py:362: DeprecationWarning: `torch.jit.script_method` is deprecated. Please switch to `torch.compile` or `torch.export`.
    warnings.warn(

main.py::test_main
  <frozen importlib._bootstrap>:488: DeprecationWarning: builtin type SwigPyPacked has no __module__ attribute

main.py::test_main
  <frozen importlib._bootstrap>:488: DeprecationWarning: builtin type SwigPyObject has no __module__ attribute

-- Docs: https://docs.pytest.org/en/stable/how-to/capture-warnings.html
================== 1 passed, 16 warnings in 216.06s (0:03:36) ==================
2026-06-15 14:02:41.386 | WARNING  | torch_plugin_tt:__init__:40 - TT plugin is setting XLA_STABLEHLO_COMPILE to 1. This is required for TT PJRT plugin to work correctly.
Warning: You are sending unauthenticated requests to the HF Hub. Please set a HF_TOKEN to enable higher rate limits and faster downloads.
sys:1: DeprecationWarning: builtin type swigvarlink has no __module__ attribute
nanobind: leaked 473 instances!
 - leaked instance 0x337339c0 of type "ttnn._ttnn.operations.unary_backward.polygamma_bw_t"
 - leaked instance 0x33823650 of type "ttnn._ttnn.operations.reduction.manual_seed_t"
 - leaked instance 0x33668630 of type "ttnn._ttnn.operations.complex_unary_backward.imag_bw_t"
 - leaked instance 0x338b5ce0 of type "ttnn._ttnn.operations.full_like.moreh_full_like_t"
 - leaked instance 0x336b1c90 of type "ttnn._ttnn.operations.unary_backward.deg2rad_bw_t"
 - leaked instance 0x33068a10 of type "ttnn._ttnn.operations.unary.ltz_t"
 - leaked instance 0x337a8980 of type "ttnn._ttnn.operations.data_movement.untilize_with_unpadding_t"
 - leaked instance 0x33674500 of type "ttnn._ttnn.operations.ccl.broadcast_t"
 - leaked instance 0x32d64110 of type "ttnn._ttnn.operations.unary.cos_t"
 - leaked instance 0x33703c60 of type "ttnn._ttnn.operations.unary_backward.hardtanh_bw_t"
 - leaked instance 0x336d4d40 of type "ttnn._ttnn.operations.binary.gcd_t"
 - leaked instance 0x30f2bd50 of type "ttnn._ttnn.operations.unary.sign_t"
 - leaked instance 0x33715720 of type "ttnn._ttnn.operations.unary_backward.log_sigmoid_bw_t"
 - leaked instance 0x3373c350 of type "ttnn._ttnn.operations.binary_backward.addalpha_bw_t"
 - leaked instance 0x337b1d80 of type "ttnn._ttnn.operations.data_movement.interleaved_to_sharded_t"
 - leaked instance 0x32f79130 of type "ttnn._ttnn.operations.unary.log_t"
 - leaked instance 0x337a9620 of type "ttnn._ttnn.operations.data_movement.scatter_t"
 - leaked instance 0x338aef70 of type "ttnn._ttnn.operations.moreh.moreh_logsoftmax_backward_t"
 - leaked instance 0x33718810 of type "ttnn._ttnn.operations.unary_backward.rsqrt_bw_t"
 - leaked instance 0x725954ef0fc8 of type "ttnn._ttnn.operations.sliding_window.Op2DSliceConfig"
 - ... skipped remainder
nanobind: leaked 533 types!
 - leaked type "ttnn._ttnn.operations.binary.lt__t"
 - leaked type "ttnn._ttnn.operations.binary_backward.xlogy_bw_t"
 - leaked type "ttnn._ttnn.operations.reduction.var_t"
 - leaked type "DispatchCoreAxis"
 - leaked type "ttnn._ttnn.operations.unary.fill_t"
 - leaked type "ttnn._ttnn.operations.data_movement.gather_t"
 - leaked type "ttnn._ttnn.operations.point_to_point.point_to_point_t"
 - leaked type "ttnn._ttnn.operations.ternary.where_t"
 - leaked type "ttnn._ttnn.device.SubDeviceManagerId"
 - leaked type "ttnn._ttnn.operations.binary.pow_t"
 - ... skipped remainder
nanobind: leaked 2337 functions!
 - leaked function ""
 - leaked function ""
 - leaked function ""
 - leaked function ""
 - leaked function ""
 - leaked function "create_group_norm_input_negative_mask"
 - leaked function ""
 - leaked function "__call__"
 - leaked function ""
 - leaked function ""
 - ... skipped remainder
nanobind: this is likely caused by a reference counting issue in the binding code.
See https://nanobind.readthedocs.io/en/latest/refleaks.html
=== check: verify_weights.py ===
PASSED
verify_weights.py does not exist for step move_ttnn_model, as expected