TT_METAL_RUNTIME_ROOT is not set. Setting it to /localdev/svuckovic/_workspace/repos/project-alchemy/tt-xla/third_party/tt-mlir/src/tt-mlir//third_party/tt-metal/src/tt-metal
Running main.py...
2026-07-02 13:20:09.241 | DEBUG    | ttnn:<module>:79 - Initial ttnn.CONFIG:
Config{cache_path=/home/svuckovic/.cache/ttnn,model_cache_path=/home/svuckovic/.cache/ttnn/models,tmp_dir=/tmp/ttnn,enable_model_cache=false,enable_fast_runtime_mode=true,throw_exception_on_fallback=false,enable_logging=false,enable_graph_report=false,enable_detailed_buffer_report=false,enable_detailed_tensor_report=false,enable_comparison_mode=false,comparison_mode_should_raise_exception=false,comparison_mode_pcc=0.9999,root_report_path=generated/ttnn/reports,report_name=std::nullopt,std::nullopt}
2026-07-02 13:20:10.551 | DEBUG    | ttnn.device:__init__:152 - Using default dispatch core type for this system: DispatchCoreType.WORKER
2026-07-02 13:20:10.552 | DEBUG    | ttnn.device:__init__:154 - Using default dispatch core axis for this system: DispatchCoreAxis.COL
Device: MeshDevice(1x1 grid, 1 devices)
nanobind: leaked 1 instances!
 - leaked instance 0x7123a0396e08 of type "ttnn._ttnn.tensor.CoreRangeSet"
nanobind: leaked 13 types!
 - leaked type "ttnn._ttnn.operations.matmul.MatmulMultiCoreReuseMultiCast1DProgramConfig"
 - leaked type "ttnn._ttnn.operations.matmul.MatmulInputs"
 - leaked type "ttnn._ttnn.operations.matmul.MatmulMultiCoreReuseMultiCastBatchedDRAMShardedProgramConfig"
 - leaked type "UnaryOpType"
 - leaked type "ttnn._ttnn.operations.matmul.MatmulMultiCoreReuseOptimizedProgramFactory"
 - leaked type "ttnn._ttnn.operations.matmul.MatmulParams"
 - leaked type "ttnn._ttnn.tensor.CoreRangeSet"
 - leaked type "ttnn._ttnn.operations.matmul.MatmulMultiCoreReuseProgramConfig"
 - leaked type "ttnn._ttnn.operations.matmul.MatmulDeviceOperation"
 - leaked type "ttnn._ttnn.tensor.Tensor"
 - ... skipped remainder
nanobind: leaked 197 functions!
 - leaked function "to"
 - leaked function ""
 - leaked function ""
 - leaked function "to_list"
 - leaked function ""
 - leaked function ""
 - leaked function ""
 - leaked function ""
 - leaked function ""
 - leaked function ""
 - ... skipped remainder
nanobind: this is likely caused by a reference counting issue in the binding code.
See https://nanobind.readthedocs.io/en/latest/refleaks.html___RUN_DONE exit=0 elapsed=108s
