2026-07-02 12:51:36.310 | WARNING  | torch_plugin_tt:__init__:40 - TT plugin is setting XLA_STABLEHLO_COMPILE to 1. This is required for TT PJRT plugin to work correctly.
2026-07-02 12:51:37.139 (   0.828s) [        DD420140]              stubs.inc:122   WARN| STUB: PJRT_Client_TopologyDescription
2026-07-02 12:51:37.139583: W torch_xla/csrc/runtime/profiler.cpp:88] Profiler API not found for PJRT plugin
[transformers] `torch_dtype` is deprecated! Use `dtype` instead!
Loading weights:   0%|          | 0/291 [00:00<?, ?it/s]Loading weights: 100%|██████████| 291/291 [00:00<00:00, 30926.43it/s]
/usr/lib/python3.12/copyreg.py:99: FutureWarning: `isinstance(treespec, LeafSpec)` is deprecated, use `isinstance(treespec, TreeSpec) and treespec.is_leaf()` instead.
  return cls.__new__(cls, *args)
2026-07-02 12:51:56.492 | WARNING  | tt_torch.backend.backend:_build_params_and_consts:169 - Found an argument on non-XLA device which was not a lifted constant: L__kwargs____past_key_values___layers_0_cumulative_length. Passing a non-XLA tensor to TT compile was likely not intended. Force moving the argument to XLA.
2026-07-02 12:51:56.492 | WARNING  | tt_torch.backend.backend:_build_params_and_consts:169 - Found an argument on non-XLA device which was not a lifted constant: L__kwargs____past_key_values___layers_1_cumulative_length. Passing a non-XLA tensor to TT compile was likely not intended. Force moving the argument to XLA.
2026-07-02 12:51:56.492 | WARNING  | tt_torch.backend.backend:_build_params_and_consts:169 - Found an argument on non-XLA device which was not a lifted constant: L__kwargs____past_key_values___layers_2_cumulative_length. Passing a non-XLA tensor to TT compile was likely not intended. Force moving the argument to XLA.
2026-07-02 12:51:56.492 | WARNING  | tt_torch.backend.backend:_build_params_and_consts:169 - Found an argument on non-XLA device which was not a lifted constant: L__kwargs____past_key_values___layers_3_cumulative_length. Passing a non-XLA tensor to TT compile was likely not intended. Force moving the argument to XLA.
2026-07-02 12:51:56.492 | WARNING  | tt_torch.backend.backend:_build_params_and_consts:169 - Found an argument on non-XLA device which was not a lifted constant: L__kwargs____past_key_values___layers_4_cumulative_length. Passing a non-XLA tensor to TT compile was likely not intended. Force moving the argument to XLA.
2026-07-02 12:51:56.492 | WARNING  | tt_torch.backend.backend:_build_params_and_consts:169 - Found an argument on non-XLA device which was not a lifted constant: L__kwargs____past_key_values___layers_5_cumulative_length. Passing a non-XLA tensor to TT compile was likely not intended. Force moving the argument to XLA.
2026-07-02 12:51:56.492 | WARNING  | tt_torch.backend.backend:_build_params_and_consts:169 - Found an argument on non-XLA device which was not a lifted constant: L__kwargs____past_key_values___layers_6_cumulative_length. Passing a non-XLA tensor to TT compile was likely not intended. Force moving the argument to XLA.
2026-07-02 12:51:56.492 | WARNING  | tt_torch.backend.backend:_build_params_and_consts:169 - Found an argument on non-XLA device which was not a lifted constant: L__kwargs____past_key_values___layers_7_cumulative_length. Passing a non-XLA tensor to TT compile was likely not intended. Force moving the argument to XLA.
2026-07-02 12:51:56.492 | WARNING  | tt_torch.backend.backend:_build_params_and_consts:169 - Found an argument on non-XLA device which was not a lifted constant: L__kwargs____past_key_values___layers_8_cumulative_length. Passing a non-XLA tensor to TT compile was likely not intended. Force moving the argument to XLA.
2026-07-02 12:51:56.492 | WARNING  | tt_torch.backend.backend:_build_params_and_consts:169 - Found an argument on non-XLA device which was not a lifted constant: L__kwargs____past_key_values___layers_9_cumulative_length. Passing a non-XLA tensor to TT compile was likely not intended. Force moving the argument to XLA.
2026-07-02 12:51:56.493 | WARNING  | tt_torch.backend.backend:_build_params_and_consts:169 - Found an argument on non-XLA device which was not a lifted constant: L__kwargs____past_key_values___layers_10_cumulative_length. Passing a non-XLA tensor to TT compile was likely not intended. Force moving the argument to XLA.
2026-07-02 12:51:56.493 | WARNING  | tt_torch.backend.backend:_build_params_and_consts:169 - Found an argument on non-XLA device which was not a lifted constant: L__kwargs____past_key_values___layers_11_cumulative_length. Passing a non-XLA tensor to TT compile was likely not intended. Force moving the argument to XLA.
2026-07-02 12:51:56.493 | WARNING  | tt_torch.backend.backend:_build_params_and_consts:169 - Found an argument on non-XLA device which was not a lifted constant: L__kwargs____past_key_values___layers_12_cumulative_length. Passing a non-XLA tensor to TT compile was likely not intended. Force moving the argument to XLA.
2026-07-02 12:51:56.493 | WARNING  | tt_torch.backend.backend:_build_params_and_consts:169 - Found an argument on non-XLA device which was not a lifted constant: L__kwargs____past_key_values___layers_13_cumulative_length. Passing a non-XLA tensor to TT compile was likely not intended. Force moving the argument to XLA.
2026-07-02 12:51:56.493 | WARNING  | tt_torch.backend.backend:_build_params_and_consts:169 - Found an argument on non-XLA device which was not a lifted constant: L__kwargs____past_key_values___layers_14_cumulative_length. Passing a non-XLA tensor to TT compile was likely not intended. Force moving the argument to XLA.
2026-07-02 12:51:56.493 | WARNING  | tt_torch.backend.backend:_build_params_and_consts:169 - Found an argument on non-XLA device which was not a lifted constant: L__kwargs____past_key_values___layers_15_cumulative_length. Passing a non-XLA tensor to TT compile was likely not intended. Force moving the argument to XLA.
2026-07-02 12:51:56.493 | WARNING  | tt_torch.backend.backend:_build_params_and_consts:169 - Found an argument on non-XLA device which was not a lifted constant: L__kwargs____past_key_values___layers_16_cumulative_length. Passing a non-XLA tensor to TT compile was likely not intended. Force moving the argument to XLA.
2026-07-02 12:51:56.493 | WARNING  | tt_torch.backend.backend:_build_params_and_consts:169 - Found an argument on non-XLA device which was not a lifted constant: L__kwargs____past_key_values___layers_17_cumulative_length. Passing a non-XLA tensor to TT compile was likely not intended. Force moving the argument to XLA.
2026-07-02 12:51:56.493 | WARNING  | tt_torch.backend.backend:_build_params_and_consts:169 - Found an argument on non-XLA device which was not a lifted constant: L__kwargs____past_key_values___layers_18_cumulative_length. Passing a non-XLA tensor to TT compile was likely not intended. Force moving the argument to XLA.
2026-07-02 12:51:56.493 | WARNING  | tt_torch.backend.backend:_build_params_and_consts:169 - Found an argument on non-XLA device which was not a lifted constant: L__kwargs____past_key_values___layers_19_cumulative_length. Passing a non-XLA tensor to TT compile was likely not intended. Force moving the argument to XLA.
2026-07-02 12:51:56.493 | WARNING  | tt_torch.backend.backend:_build_params_and_consts:169 - Found an argument on non-XLA device which was not a lifted constant: L__kwargs____past_key_values___layers_20_cumulative_length. Passing a non-XLA tensor to TT compile was likely not intended. Force moving the argument to XLA.
2026-07-02 12:51:56.493 | WARNING  | tt_torch.backend.backend:_build_params_and_consts:169 - Found an argument on non-XLA device which was not a lifted constant: L__kwargs____past_key_values___layers_21_cumulative_length. Passing a non-XLA tensor to TT compile was likely not intended. Force moving the argument to XLA.
2026-07-02 12:51:56.493 | WARNING  | tt_torch.backend.backend:_build_params_and_consts:169 - Found an argument on non-XLA device which was not a lifted constant: L__kwargs____past_key_values___layers_22_cumulative_length. Passing a non-XLA tensor to TT compile was likely not intended. Force moving the argument to XLA.
2026-07-02 12:51:56.493 | WARNING  | tt_torch.backend.backend:_build_params_and_consts:169 - Found an argument on non-XLA device which was not a lifted constant: L__kwargs____past_key_values___layers_23_cumulative_length. Passing a non-XLA tensor to TT compile was likely not intended. Force moving the argument to XLA.
2026-07-02 12:51:56.493 | WARNING  | tt_torch.backend.backend:_build_params_and_consts:169 - Found an argument on non-XLA device which was not a lifted constant: L__kwargs____past_key_values___layers_24_cumulative_length. Passing a non-XLA tensor to TT compile was likely not intended. Force moving the argument to XLA.
2026-07-02 12:51:56.493 | WARNING  | tt_torch.backend.backend:_build_params_and_consts:169 - Found an argument on non-XLA device which was not a lifted constant: L__kwargs____past_key_values___layers_25_cumulative_length. Passing a non-XLA tensor to TT compile was likely not intended. Force moving the argument to XLA.
2026-07-02 12:51:56.493 | WARNING  | tt_torch.backend.backend:_build_params_and_consts:169 - Found an argument on non-XLA device which was not a lifted constant: L__kwargs____past_key_values___layers_26_cumulative_length. Passing a non-XLA tensor to TT compile was likely not intended. Force moving the argument to XLA.
2026-07-02 12:51:56.493 | WARNING  | tt_torch.backend.backend:_build_params_and_consts:169 - Found an argument on non-XLA device which was not a lifted constant: L__kwargs____past_key_values___layers_27_cumulative_length. Passing a non-XLA tensor to TT compile was likely not intended. Force moving the argument to XLA.
2026-07-02 12:51:56.493 | WARNING  | tt_torch.backend.backend:_build_params_and_consts:169 - Found an argument on non-XLA device which was not a lifted constant: L__kwargs____past_key_values___layers_28_cumulative_length. Passing a non-XLA tensor to TT compile was likely not intended. Force moving the argument to XLA.
2026-07-02 12:51:56.493 | WARNING  | tt_torch.backend.backend:_build_params_and_consts:169 - Found an argument on non-XLA device which was not a lifted constant: L__kwargs____past_key_values___layers_29_cumulative_length. Passing a non-XLA tensor to TT compile was likely not intended. Force moving the argument to XLA.
2026-07-02 12:51:56.493 | WARNING  | tt_torch.backend.backend:_build_params_and_consts:169 - Found an argument on non-XLA device which was not a lifted constant: L__kwargs____past_key_values___layers_30_cumulative_length. Passing a non-XLA tensor to TT compile was likely not intended. Force moving the argument to XLA.
2026-07-02 12:51:56.493 | WARNING  | tt_torch.backend.backend:_build_params_and_consts:169 - Found an argument on non-XLA device which was not a lifted constant: L__kwargs____past_key_values___layers_31_cumulative_length. Passing a non-XLA tensor to TT compile was likely not intended. Force moving the argument to XLA.
2026-07-02 12:51:58.129 (  21.818s) [        DD420140]      module_builder.cc:975   WARN| `mhlo.num_partitions` attribute not found, assuming default number of partitions: 1
2026-07-02 12:51:58.129 (  21.818s) [        DD420140]      module_builder.cc:989   WARN| `mhlo.num_replicas` attribute not found, assuming default number of replicas: 1
2026-07-02 12:51:58.129 (  21.818s) [        DD420140]      module_builder.cc:999   WARN| Num replicas and num partitions are not set, inferring the number of devices from mesh shape
2026-07-02 12:51:58.240 (  21.929s) [        DD420140]              stubs.inc:81    WARN| STUB: PJRT_Executable_GetCompiledMemoryStats
2026-07-02 12:51:58.477 (  22.167s) [        DD420140]      module_builder.cc:975   WARN| `mhlo.num_partitions` attribute not found, assuming default number of partitions: 1
2026-07-02 12:51:58.477 (  22.167s) [        DD420140]      module_builder.cc:989   WARN| `mhlo.num_replicas` attribute not found, assuming default number of replicas: 1
2026-07-02 12:51:58.477 (  22.167s) [        DD420140]      module_builder.cc:999   WARN| Num replicas and num partitions are not set, inferring the number of devices from mesh shape
2026-07-02 12:51:58.484 (  22.173s) [        DD420140]              stubs.inc:81    WARN| STUB: PJRT_Executable_GetCompiledMemoryStats
2026-07-02 12:52:02.429 (  26.119s) [        DD420140]      module_builder.cc:975   WARN| `mhlo.num_partitions` attribute not found, assuming default number of partitions: 1
2026-07-02 12:52:02.429 (  26.119s) [        DD420140]      module_builder.cc:989   WARN| `mhlo.num_replicas` attribute not found, assuming default number of replicas: 1
2026-07-02 12:52:02.429 (  26.119s) [        DD420140]      module_builder.cc:999   WARN| Num replicas and num partitions are not set, inferring the number of devices from mesh shape
2026-07-02 12:52:22.587 (  46.276s) [        DD420140]              stubs.inc:81    WARN| STUB: PJRT_Executable_GetCompiledMemoryStats
2026-07-02 12:52:22.773 (  46.462s) [        DD420140]      module_builder.cc:975   WARN| `mhlo.num_partitions` attribute not found, assuming default number of partitions: 1
2026-07-02 12:52:22.773 (  46.462s) [        DD420140]      module_builder.cc:989   WARN| `mhlo.num_replicas` attribute not found, assuming default number of replicas: 1
2026-07-02 12:52:22.773 (  46.462s) [        DD420140]      module_builder.cc:999   WARN| Num replicas and num partitions are not set, inferring the number of devices from mesh shape
2026-07-02 12:52:22.792 (  46.482s) [        DD420140]              stubs.inc:81    WARN| STUB: PJRT_Executable_GetCompiledMemoryStats
___STEP2_DONE exit=0 elapsed=179s
