TT_METAL_RUNTIME_ROOT is not set. Setting it to /localdev/svuckovic/_workspace/repos/project-alchemy/tt-xla/third_party/tt-mlir/src/tt-mlir//third_party/tt-metal/src/tt-metal
Running main.py...
<frozen importlib._bootstrap>:488: RuntimeWarning: nanobind: type 'pad_t' was already registered!

<frozen importlib._bootstrap>:488: RuntimeWarning: nanobind: type 'tilize_t' was already registered!

<frozen importlib._bootstrap>:488: RuntimeWarning: nanobind: type 'move_t' was already registered!

<frozen importlib._bootstrap>:488: RuntimeWarning: nanobind: type 'untilize_with_unpadding_t' was already registered!

<frozen importlib._bootstrap>:488: RuntimeWarning: nanobind: type 'slice_t' was already registered!

<frozen importlib._bootstrap>:488: RuntimeWarning: nanobind: type 'transpose_t' was already registered!

<frozen importlib._bootstrap>:488: RuntimeWarning: nanobind: type 'reshard_t' was already registered!

<frozen importlib._bootstrap>:488: RuntimeWarning: nanobind: type 'conv2d_t' was already registered!

<frozen importlib._bootstrap>:488: RuntimeWarning: nanobind: type 'max_pool2d_t' was already registered!

<frozen importlib._bootstrap>:488: RuntimeWarning: nanobind: type 'avg_pool2d_t' was already registered!

<frozen importlib._bootstrap>:488: RuntimeWarning: nanobind: type 'matmul_t' was already registered!

<frozen importlib._bootstrap>:488: RuntimeWarning: nanobind: type 'linear_t' was already registered!

<frozen importlib._bootstrap>:488: RuntimeWarning: nanobind: type 'matmul_batched_weights_t' was already registered!

<frozen importlib._bootstrap>:488: RuntimeWarning: nanobind: type 'addmm_t' was already registered!

<frozen importlib._bootstrap>:488: RuntimeWarning: nanobind: type 'sparse_matmul_t' was already registered!

<frozen importlib._bootstrap>:488: RuntimeWarning: nanobind: type 'remainder_t' was already registered!

<frozen importlib._bootstrap>:488: RuntimeWarning: nanobind: type 'add_t' was already registered!

<frozen importlib._bootstrap>:488: RuntimeWarning: nanobind: type 'add__t' was already registered!

<frozen importlib._bootstrap>:488: RuntimeWarning: nanobind: type 'subtract_t' was already registered!

<frozen importlib._bootstrap>:488: RuntimeWarning: nanobind: type 'subtract__t' was already registered!

<frozen importlib._bootstrap>:488: RuntimeWarning: nanobind: type 'eq_t' was already registered!

<frozen importlib._bootstrap>:488: RuntimeWarning: nanobind: type 'ne_t' was already registered!

<frozen importlib._bootstrap>:488: RuntimeWarning: nanobind: type 'lt_t' was already registered!

<frozen importlib._bootstrap>:488: RuntimeWarning: nanobind: type 'le_t' was already registered!

<frozen importlib._bootstrap>:488: RuntimeWarning: nanobind: type 'gt_t' was already registered!

<frozen importlib._bootstrap>:488: RuntimeWarning: nanobind: type 'ge_t' was already registered!

<frozen importlib._bootstrap>:488: RuntimeWarning: nanobind: type 'logical_and_t' was already registered!

<frozen importlib._bootstrap>:488: RuntimeWarning: nanobind: type 'logical_or_t' was already registered!

<frozen importlib._bootstrap>:488: RuntimeWarning: nanobind: type 'ldexp_t' was already registered!

<frozen importlib._bootstrap>:488: RuntimeWarning: nanobind: type 'logaddexp_t' was already registered!

<frozen importlib._bootstrap>:488: RuntimeWarning: nanobind: type 'logaddexp2_t' was already registered!

<frozen importlib._bootstrap>:488: RuntimeWarning: nanobind: type 'squared_difference_t' was already registered!

<frozen importlib._bootstrap>:488: RuntimeWarning: nanobind: type 'bias_gelu_t' was already registered!

<frozen importlib._bootstrap>:488: RuntimeWarning: nanobind: type 'multiply_t' was already registered!

<frozen importlib._bootstrap>:488: RuntimeWarning: nanobind: type 'divide_t' was already registered!

<frozen importlib._bootstrap>:488: RuntimeWarning: nanobind: type 'xlogy_t' was already registered!

<frozen importlib._bootstrap>:488: RuntimeWarning: nanobind: type 'rsub_t' was already registered!

<frozen importlib._bootstrap>:488: RuntimeWarning: nanobind: type 'bitwise_and_t' was already registered!

<frozen importlib._bootstrap>:488: RuntimeWarning: nanobind: type 'bitwise_or_t' was already registered!

<frozen importlib._bootstrap>:488: RuntimeWarning: nanobind: type 'bitwise_xor_t' was already registered!

<frozen importlib._bootstrap>:488: RuntimeWarning: nanobind: type 'bitwise_left_shift_t' was already registered!

<frozen importlib._bootstrap>:488: RuntimeWarning: nanobind: type 'bitwise_right_shift_t' was already registered!

<frozen importlib._bootstrap>:488: RuntimeWarning: nanobind: type 'logical_left_shift_t' was already registered!

<frozen importlib._bootstrap>:488: RuntimeWarning: nanobind: type 'logical_right_shift_t' was already registered!

<frozen importlib._bootstrap>:488: RuntimeWarning: nanobind: type 'hypot_t' was already registered!

<frozen importlib._bootstrap>:488: RuntimeWarning: nanobind: type 'nextafter_t' was already registered!

<frozen importlib._bootstrap>:488: RuntimeWarning: nanobind: type 'minimum_t' was already registered!

<frozen importlib._bootstrap>:488: RuntimeWarning: nanobind: type 'atan2_t' was already registered!

<frozen importlib._bootstrap>:488: RuntimeWarning: nanobind: type 'logical_xor_t' was already registered!

<frozen importlib._bootstrap>:488: RuntimeWarning: nanobind: type 'logical_or__t' was already registered!

<frozen importlib._bootstrap>:488: RuntimeWarning: nanobind: type 'logical_xor__t' was already registered!

<frozen importlib._bootstrap>:488: RuntimeWarning: nanobind: type 'logical_and__t' was already registered!

<frozen importlib._bootstrap>:488: RuntimeWarning: nanobind: type 'gcd_t' was already registered!

<frozen importlib._bootstrap>:488: RuntimeWarning: nanobind: type 'lcm_t' was already registered!

<frozen importlib._bootstrap>:488: RuntimeWarning: nanobind: type 'addalpha_t' was already registered!

<frozen importlib._bootstrap>:488: RuntimeWarning: nanobind: type 'subalpha_t' was already registered!

<frozen importlib._bootstrap>:488: RuntimeWarning: nanobind: type 'isclose_t' was already registered!

<frozen importlib._bootstrap>:488: RuntimeWarning: nanobind: type 'div_t' was already registered!

<frozen importlib._bootstrap>:488: RuntimeWarning: nanobind: type 'div_no_nan_t' was already registered!

<frozen importlib._bootstrap>:488: RuntimeWarning: nanobind: type 'floor_div_t' was already registered!

<frozen importlib._bootstrap>:488: RuntimeWarning: nanobind: type 'maximum_t' was already registered!

<frozen importlib._bootstrap>:488: RuntimeWarning: nanobind: type 'prelu_t' was already registered!

<frozen importlib._bootstrap>:488: RuntimeWarning: nanobind: type 'outer_t' was already registered!

<frozen importlib._bootstrap>:488: RuntimeWarning: nanobind: type 'polyval_t' was already registered!

<frozen importlib._bootstrap>:488: RuntimeWarning: nanobind: type 'fmod_t' was already registered!

<frozen importlib._bootstrap>:488: RuntimeWarning: nanobind: type 'gt__t' was already registered!

<frozen importlib._bootstrap>:488: RuntimeWarning: nanobind: type 'ge__t' was already registered!

<frozen importlib._bootstrap>:488: RuntimeWarning: nanobind: type 'lt__t' was already registered!

<frozen importlib._bootstrap>:488: RuntimeWarning: nanobind: type 'le__t' was already registered!

<frozen importlib._bootstrap>:488: RuntimeWarning: nanobind: type 'eq__t' was already registered!

<frozen importlib._bootstrap>:488: RuntimeWarning: nanobind: type 'ne__t' was already registered!

<frozen importlib._bootstrap>:488: RuntimeWarning: nanobind: type 'ldexp__t' was already registered!

<frozen importlib._bootstrap>:488: RuntimeWarning: nanobind: type 'logaddexp__t' was already registered!

<frozen importlib._bootstrap>:488: RuntimeWarning: nanobind: type 'logaddexp2__t' was already registered!

<frozen importlib._bootstrap>:488: RuntimeWarning: nanobind: type 'squared_difference__t' was already registered!

<frozen importlib._bootstrap>:488: RuntimeWarning: nanobind: type 'multiply__t' was already registered!

<frozen importlib._bootstrap>:488: RuntimeWarning: nanobind: type 'divide__t' was already registered!

<frozen importlib._bootstrap>:488: RuntimeWarning: nanobind: type 'rsub__t' was already registered!

<frozen importlib._bootstrap>:488: RuntimeWarning: nanobind: type 'bias_gelu__t' was already registered!

<frozen importlib._bootstrap>:488: RuntimeWarning: nanobind: type 'pow_t' was already registered!

2026-07-08 14:40:06.514 | DEBUG    | ttnn:<module>:79 - Initial ttnn.CONFIG:
Config{cache_path=/data/svuckovic/.cache/ttnn,model_cache_path=/data/svuckovic/.cache/ttnn/models,tmp_dir=/tmp/ttnn,enable_model_cache=false,enable_fast_runtime_mode=true,throw_exception_on_fallback=false,enable_logging=false,enable_graph_report=false,enable_graph_python_stack_traces=false,enable_detailed_buffer_report=false,enable_detailed_tensor_report=false,enable_comparison_mode=false,comparison_mode_should_raise_exception=false,comparison_mode_pcc=0.9999,root_report_path=generated/ttnn/reports,report_name=std::nullopt,std::nullopt}
2026-07-08 14:40:07.768 | DEBUG    | ttnn.device:__init__:152 - Using default dispatch core type for this system: DispatchCoreType.WORKER
2026-07-08 14:40:07.768 | DEBUG    | ttnn.device:__init__:154 - Using default dispatch core axis for this system: DispatchCoreAxis.COL
2026-07-08 14:40:36.262 | critical |          Always | TT_FATAL: Out of Memory: Not enough space to allocate 9663676416 B DRAM buffer across 8 banks, where each bank needs to store 1207959552 B, but bank size is 4272341376 B (allocated: 3045875712 B, free: 1226465664 B, largest free block: 1190316352 B) (assert.hpp:104)
Device: MeshDevice(1x4 grid, 4 devices)
Traceback (most recent call last):
  File "/localdev/svuckovic/_workspace/repos/project-alchemy/ttnn-models-worktrees/HuggingFaceTB__SmolLM3-3B/HuggingFaceTB/SmolLM3-3B/model/graph_0/main.py", line 122131, in <module>
    main()
  File "/localdev/svuckovic/_workspace/repos/project-alchemy/ttnn-models-worktrees/HuggingFaceTB__SmolLM3-3B/HuggingFaceTB/SmolLM3-3B/model/graph_0/main.py", line 122126, in main
    _main_0 = _main(load_activations_for__main_0, load_weights_for__main_0)
              ^^^^^^^^^^^^^^^^^^^^^^^^^^^^^^^^^^^^^^^^^^^^^^^^^^^^^^^^^^^^^
  File "/localdev/svuckovic/_workspace/repos/project-alchemy/ttnn-models-worktrees/HuggingFaceTB__SmolLM3-3B/HuggingFaceTB/SmolLM3-3B/model/graph_0/main.py", line 115092, in _main
    ttnn_add_87 = ttnn.add(
                  ^^^^^^^^^
  File "/localdev/svuckovic/_workspace/repos/project-alchemy/tt-xla/third_party/tt-mlir/src/tt-mlir/third_party/tt-metal/src/tt-metal/ttnn/ttnn/decorators.py", line 473, in __call__
    result = self.function(*function_args, **function_kwargs)
             ^^^^^^^^^^^^^^^^^^^^^^^^^^^^^^^^^^^^^^^^^^^^^^^^
RuntimeError: TT_FATAL @ /localdev/svuckovic/_workspace/repos/project-alchemy/tt-xla/third_party/tt-mlir/src/tt-mlir/third_party/tt-metal/src/tt-metal/tt_metal/impl/allocator/bank_manager.cpp:462: false
info:
Out of Memory: Not enough space to allocate 9663676416 B DRAM buffer across 8 banks, where each bank needs to store 1207959552 B, but bank size is 4272341376 B (allocated: 3045875712 B, free: 1226465664 B, largest free block: 1190316352 B)
backtrace:
 --- /localdev/svuckovic/_workspace/repos/project-alchemy/tt-xla/third_party/tt-mlir/src/tt-mlir/third_party/tt-metal/src/tt-metal/build_Release/lib/libtt_metal.so(+0x9540c1) [0x775c7e3540c1]
 --- tt::tt_metal::BankManager::allocate_buffer(unsigned long, unsigned long, bool, tt::tt_metal::CoreRangeSet const&, std::optional<unsigned int>, ttsl::StrongType<unsigned int, tt::tt_metal::AllocatorIDTag>, std::vector<std::pair<unsigned long, unsigned long>, std::allocator<std::pair<unsigned long, unsigned long> > > const&)
 --- tt::tt_metal::AllocatorImpl::allocate_buffer(tt::tt_metal::Buffer*)
 --- tt::tt_metal::Buffer::allocate_impl()
 --- tt::tt_metal::Buffer::create(tt::tt_metal::IDevice*, unsigned long, unsigned long, tt::tt_metal::BufferType, tt::tt_metal::BufferShardingArgs const&, std::optional<bool>, std::optional<ttsl::StrongType<unsigned char, tt::tt_metal::SubDeviceIdTag> >)
 --- tt::tt_metal::distributed::MeshBuffer::create(std::variant<tt::tt_metal::distributed::ReplicatedBufferConfig, tt::tt_metal::distributed::ShardedBufferConfig> const&, tt::tt_metal::distributed::DeviceLocalBufferConfig const&, tt::tt_metal::distributed::MeshDevice*, std::optional<unsigned long>)
 --- tt::tt_metal::tensor_impl::allocate_device_buffer(tt::tt_metal::distributed::MeshDevice*, tt::tt_metal::TensorSpec const&)
 --- tt::tt_metal::MeshTensor::allocate_on_device(tt::tt_metal::distributed::MeshDevice&, tt::tt_metal::TensorSpec const&, tt::tt_metal::TensorTopology const&)
 --- tt::tt_metal::create_device_tensor(tt::tt_metal::TensorSpec const&, tt::tt_metal::distributed::MeshDevice*, std::optional<tt::tt_metal::TensorTopology>)
 --- ttnn::operations::binary_ng::BinaryNgDeviceOperation::create_output_tensors(ttnn::operations::binary_ng::BinaryNgDeviceOperation::operation_attributes_t const&, ttnn::operations::binary_ng::BinaryNgDeviceOperation::tensor_args_t const&)
 --- /localdev/svuckovic/_workspace/repos/project-alchemy/tt-xla/third_party/tt-mlir/src/tt-mlir/third_party/tt-metal/src/tt-metal/build_Release/lib/_ttnncpp.so(_ZN4ttnn16device_operation6detail6launchITkNS0_22DeviceOperationConceptENS_10operations9binary_ng23BinaryNgDeviceOperationEEENT_21tensor_return_value_tERKNS6_22operation_attributes_tERKNS6_13tensor_args_tE+0xdc) [0x775c7fbdeb5c]
 --- /localdev/svuckovic/_workspace/repos/project-alchemy/tt-xla/third_party/tt-mlir/src/tt-mlir/third_party/tt-metal/src/tt-metal/build_Release/lib/_ttnncpp.so(_ZN4ttnn4prim9binary_ngERKN2tt8tt_metal6TensorES5_NS_10operations6binary12BinaryOpTypeERKSt8optionalIKNS2_8DataTypeEERKS9_INS2_12MemoryConfigEERKS9_IS3_ERKS9_IbESt4spanIKNS6_5unary19BasicUnaryWithParamIJfijEEELm18446744073709551615EESU_SU_S9_ISt7variantIJjifEEERKS9_INS2_12CoreRangeSetEERKS9_IN4ttsl10StrongTypeIhNS2_14SubDeviceIdTagEEEEffb+0xb93) [0x775c7fbcd023]
 --- /localdev/svuckovic/_workspace/repos/project-alchemy/tt-xla/third_party/tt-mlir/src/tt-mlir/third_party/tt-metal/src/tt-metal/build_Release/lib/_ttnncpp.so(+0xdb2742) [0x775c7fbb2742]
 --- /localdev/svuckovic/_workspace/repos/project-alchemy/tt-xla/third_party/tt-mlir/src/tt-mlir/third_party/tt-metal/src/tt-metal/build_Release/lib/_ttnncpp.so(_ZN4ttnn3addERKN2tt8tt_metal6TensorES4_RKSt8optionalIKNS1_8DataTypeEERKS5_INS1_12MemoryConfigEERKS5_IS2_ESt4spanIKNS_10operations5unary19BasicUnaryWithParamIJfijEEELm18446744073709551615EESO_SO_RKS5_INS1_12CoreRangeSetEERKS5_IN4ttsl10StrongTypeIhNS1_14SubDeviceIdTagEEEE+0x53) [0x775c7fb9aca3]
 --- /localdev/svuckovic/_workspace/repos/project-alchemy/tt-xla/third_party/tt-mlir/src/tt-mlir/third_party/tt-metal/src/tt-metal/ttnn/ttnn/_ttnn.so(+0x56b210) [0x775c8236b210]
 --- /localdev/svuckovic/_workspace/repos/project-alchemy/tt-xla/third_party/tt-mlir/src/tt-mlir/third_party/tt-metal/src/tt-metal/ttnn/ttnn/_ttnn.so(+0x2eda85) [0x775c820eda85]
 --- python3() [0x1ad27e2]
 --- python3() [0x18ca69a]
 --- python3(_PyEval_EvalFrameDefault+0xaa76) [0x181d5b6]
 --- python3() [0x1ad27e2]
 --- python3() [0x18ca69a]
 --- python3(_PyEval_EvalFrameDefault+0x1a8c) [0x18145cc]
 --- python3(PyEval_EvalCode+0xde) [0x1879c9e]
 --- python3() [0x18b5909]
 --- python3() [0x19f8845]
 --- python3(_PyRun_SimpleFileObject+0x106) [0x19f8606]
 --- python3(_PyRun_AnyFileObject+0x4a) [0x19f839c]
 --- python3() [0x19f8338]
 --- python3() [0x19f8233]
 --- python3() [0x1ae7be3]
 --- python3() [0x196e698]
 --- python3() [0x196e4ac]
 --- /lib/x86_64-linux-gnu/libc.so.6(+0x2a1ca) [0x775c84cbc1ca]
 --- /lib/x86_64-linux-gnu/libc.so.6(__libc_start_main+0x8b) [0x775c84cbc28b]
 --- python3(_start+0x29) [0x19bd381]

nanobind: leaked 1 instances!
 - leaked instance 0x775c0c7f2178 of type "ttnn._ttnn.tensor.CoreRangeSet"
nanobind: leaked 13 types!
 - leaked type "ttnn._ttnn.operations.matmul.MatmulMultiCoreReuseMultiCast1DProgramConfig"
 - leaked type "ttnn._ttnn.operations.matmul.MatmulInputs"
 - leaked type "ttnn._ttnn.operations.matmul.MatmulMultiCoreReuseMultiCastBatchedDRAMShardedProgramConfig"
 - leaked type "UnaryOpType"
 - leaked type "ttnn._ttnn.operations.matmul.MatmulMultiCoreReuseOptimizedProgramFactory"
 - leaked type "ttnn._ttnn.operations.matmul.MatmulParams"
 - leaked type "ttnn._ttnn.tensor.CoreRangeSet"
 - leaked type "ttnn._ttnn.operations.matmul.MatmulMultiCoreReuseProgramConfig"
 - leaked type "ttnn._ttnn.operations.matmul.MatmulDeviceOperation"
 - leaked type "ttnn._ttnn.tensor.Tensor"
 - ... skipped remainder
nanobind: leaked 199 functions!
 - leaked function ""
 - leaked function ""
 - leaked function "__init__"
 - leaked function ""
 - leaked function "to_json"
 - leaked function "default_core_range"
 - leaked function "item"
 - leaked function ""
 - leaked function ""
 - leaked function "from_json"
 - ... skipped remainder
nanobind: this is likely caused by a reference counting issue in the binding code.
See https://nanobind.readthedocs.io/en/latest/refleaks.html